[    0.000000] Booting Linux on physical CPU 0x0000000000 [0x51df805e]
[    0.000000] Linux version 4.19.81+ (turbox@f8ec1dc3a5af) (clang version 8.0.12 for Android NDK) #1 SMP PREEMPT Thu Apr 4 11:21:43 CST 2024
[    0.000000] Machine model: Qualcomm Technologies, Inc. kona MTP
[    0.000000] earlycon: msm_geni_serial0 at MMIO 0x0000000000a90000 (options '')
[    0.000000] bootconsole [msm_geni_serial0] enabled
[    0.000000] efi: Getting EFI parameters from FDT:
[    0.000000] efi: UEFI not found.
[    0.000000] Memory limit set/overridden to 6072MB
[    0.000000] OF: reserved mem: OVERLAP DETECTED!\x0adisp_rdump_region@9c000000 (0x000000009c000000--0x000000009c800000) overlaps with cont_splash_region@9c000000 (0x000000009c000000--0x000000009e300000)
[    0.000000] Reserved memory: created CMA memory pool at 0x00000000fe800000, size 20 MiB
[    0.000000] OF: reserved mem: initialized node qseecom_region, compatible id shared-dma-pool
[    0.000000] Reserved memory: created CMA memory pool at 0x00000000fc000000, size 40 MiB
[    0.000000] OF: reserved mem: initialized node mem_dump_region, compatible id shared-dma-pool
[    0.000000] Reserved memory: created CMA memory pool at 0x00000000f1c00000, size 164 MiB
[    0.000000] OF: reserved mem: initialized node secure_display_region, compatible id shared-dma-pool
[    0.000000] Reserved memory: created CMA memory pool at 0x00000000f0800000, size 20 MiB
[    0.000000] OF: reserved mem: initialized node cnss_wlan_region, compatible id shared-dma-pool
[    0.000000] Reserved memory: created CMA memory pool at 0x00000000efc00000, size 12 MiB
[    0.000000] OF: reserved mem: initialized node adsp_region, compatible id shared-dma-pool
[    0.000000] Reserved memory: created CMA memory pool at 0x00000000edc00000, size 32 MiB
[    0.000000] OF: reserved mem: initialized node linux,cma, compatible id shared-dma-pool
[    0.000000] Reserved memory: created DMA memory pool at 0x00000000ffc00000, size 0 MiB
[    0.000000] OF: reserved mem: initialized node mailbox_region, compatible id shared-dma-pool
[    0.000000] Reserved memory: created CMA memory pool at 0x00000000ecc00000, size 16 MiB
[    0.000000] OF: reserved mem: initialized node user_contig_region, compatible id shared-dma-pool
[    0.000000] Reserved memory: created CMA memory pool at 0x00000000ebc00000, size 16 MiB
[    0.000000] OF: reserved mem: initialized node qseecom_ta_region, compatible id shared-dma-pool
[    0.000000] Reserved memory: created CMA memory pool at 0x00000000eb800000, size 4 MiB
[    0.000000] OF: reserved mem: initialized node cdsp_region, compatible id shared-dma-pool
[    0.000000] Reserved memory: created CMA memory pool at 0x00000000ea800000, size 16 MiB
[    0.000000] OF: reserved mem: initialized node sp_region, compatible id shared-dma-pool
[    0.000000] Reserved memory: created CMA memory pool at 0x00000000ea000000, size 8 MiB
[    0.000000] OF: reserved mem: initialized node sdsp_region, compatible id shared-dma-pool
[    0.000000] Removed memory: created DMA memory pool at 0x0000000086200000, size 5 MiB
[    0.000000] OF: reserved mem: initialized node pil_camera_region@86200000, compatible id removed-dma-pool
[    0.000000] Removed memory: created DMA memory pool at 0x0000000086700000, size 1 MiB
[    0.000000] OF: reserved mem: initialized node pil_wlan_fw_region@86700000, compatible id removed-dma-pool
[    0.000000] Removed memory: created DMA memory pool at 0x0000000086800000, size 0 MiB
[    0.000000] OF: reserved mem: initialized node pil_ipa_fw_region@86800000, compatible id removed-dma-pool
[    0.000000] Removed memory: created DMA memory pool at 0x0000000086810000, size 0 MiB
[    0.000000] OF: reserved mem: initialized node pil_ipa_gsi_region@86810000, compatible id removed-dma-pool
[    0.000000] Removed memory: created DMA memory pool at 0x000000008681a000, size 0 MiB
[    0.000000] OF: reserved mem: initialized node pil_gpu_region@8681a000, compatible id removed-dma-pool
[    0.000000] Removed memory: created DMA memory pool at 0x0000000086900000, size 5 MiB
[    0.000000] OF: reserved mem: initialized node pil_npu_region@86900000, compatible id removed-dma-pool
[    0.000000] Removed memory: created DMA memory pool at 0x0000000086e00000, size 5 MiB
[    0.000000] OF: reserved mem: initialized node pil_video_region@86e00000, compatible id removed-dma-pool
[    0.000000] Removed memory: created DMA memory pool at 0x0000000087300000, size 5 MiB
[    0.000000] OF: reserved mem: initialized node pil_cvp_region@87300000, compatible id removed-dma-pool
[    0.000000] Removed memory: created DMA memory pool at 0x0000000087800000, size 20 MiB
[    0.000000] OF: reserved mem: initialized node pil_cdsp_region@87800000, compatible id removed-dma-pool
[    0.000000] Removed memory: created DMA memory pool at 0x0000000088c00000, size 21 MiB
[    0.000000] OF: reserved mem: initialized node pil_slpi_region@88c00000, compatible id removed-dma-pool
[    0.000000] Removed memory: created DMA memory pool at 0x000000008a100000, size 29 MiB
[    0.000000] OF: reserved mem: initialized node pil_adsp_region@8a100000, compatible id removed-dma-pool
[    0.000000] Removed memory: created DMA memory pool at 0x000000008be00000, size 1 MiB
[    0.000000] OF: reserved mem: initialized node pil_spss_region@8be00000, compatible id removed-dma-pool
[    0.000000] Removed memory: created DMA memory pool at 0x000000008bf00000, size 70 MiB
[    0.000000] OF: reserved mem: initialized node cdsp_secure_heap@8bf00000, compatible id removed-dma-pool
[    0.000000] cma: dma_contiguous_reserve(limit 1000000000000)
[    0.000000] On node 0 totalpages: 1489220
[    0.000000] Normal zone: 24552 pages used for memmap
[    0.000000] Normal zone: 0 pages reserved
[    0.000000] Normal zone: 1489220 pages, LIFO batch:63
[    0.000000] psci: probing for conduit method from DT.
[    0.000000] psci: PSCIv1.1 detected in firmware.
[    0.000000] psci: Using standard PSCI v0.2 function IDs
[    0.000000] psci: MIGRATE_INFO_TYPE not supported.
[    0.000000] psci: SMC Calling Convention v1.1
[    0.000000] random: fast init done
[    0.000000] random: get_random_bytes called from start_kernel+0x98/0x53c with crng_init=1
[    0.000000] percpu: Embedded 474 pages/cpu s1902624 r8192 d30688 u1941504
[    0.000000] pcpu-alloc: s1902624 r8192 d30688 u1941504 alloc=474*4096
[    0.000000] pcpu-alloc: [0] 0 [0] 1 [0] 2 [0] 3 [0] 4 [0] 5 [0] 6 [0] 7 
[    0.000000] Detected VIPT I-cache on CPU0
[    0.000000] CPU features: kernel page table isolation disabled by kernel configuration
[    0.000000] CPU features: detected: Speculative Store Bypassing Safe (SSBS)
[    0.000000] Built 1 zonelists, mobility grouping on.  Total pages: 1464668
[    0.000000] Kernel command line: rcupdate.rcu_expedited=1 rcu_nocbs=0-7 console=ttyMSM0,115200n8 earlycon=msm_geni_serial,0xa90000 androidboot.hardware=qcom androidboot.console=ttyMSM0 androidboot.memcg=1 lpm_levels.sleep_disabled=1 video=vfb:640x400,bpp=32,memsize=3072000 msm_rtb.filter=0x237 service_locator.enable=1 androidboot.usbcontroller=a600000.dwc3 swiotlb=2048 loop.max_part=7 cgroup.memory=nokmem,nosocket reboot=panic_warm buildvariant=userdebug androidboot.verifiedbootstate=orange androidboot.keymaster=1 androidboot.vbmeta.device=PARTUUID=f54ab3ae-e488-dbeb-d819-dc1f9ea6e336 androidboot.vbmeta.avb_version=1.0 androidboot.vbmeta.device_state=unlocked androidboot.vbmeta.hash_alg=sha256 androidboot.vbmeta.size=6272 androidboot.vbmeta.digest=8161102bba01756e239f9d64933c8e65053c9ab5981fc5883c49b8207a41efda androidboot.vbmeta.invalidate_on_error=yes androidboot.veritymode=enforcing androidboot.bootdevice=1d84000.ufshc androidboot.boot_devices=soc/1d84000.ufshc androidboot.serialno=Z
[    0.000000] log_buf_len individual max cpu contribution: 131072 bytes
[    0.000000] log_buf_len total cpu_extra contributions: 917504 bytes
[    0.000000] log_buf_len min size: 131072 bytes
[    0.000000] log_buf_len: 1048576 bytes
[    0.000000] early log buf free: 122972(93%)
[    0.000000] Dentry cache hash table entries: 1048576 (order: 11, 8388608 bytes)
[    0.000000] Inode-cache hash table entries: 524288 (order: 10, 4194304 bytes)
[    0.000000] Memory: 5345716K/5956880K available (23676K kernel code, 3426K rwdata, 7768K rodata, 8896K init, 29825K bss, 254812K reserved, 356352K cma-reserved)
[    0.000000] SLUB: HWalign=64, Order=0-3, MinObjects=0, CPUs=8, Nodes=1
[    0.000000] ftrace: allocating 53714 entries in 210 pages
[    0.000000] Running RCU self tests
[    0.000000] rcu: Preemptible hierarchical RCU implementation.
[    0.000000] rcu: \x09RCU dyntick-idle grace-period acceleration is enabled.
[    0.000000] rcu: \x09RCU lockdep checking is enabled.
[    0.000000] \x09All grace periods are expedited (rcu_expedited).
[    0.000000] \x09Tasks RCU enabled.
[    0.000000] kmemleak: Kernel memory leak detector disabled
[    0.000000] NR_IRQS: 64, nr_irqs: 64, preallocated irqs: 0
[    0.000000] GICv3: Distributor has no Range Selector support
[    0.000000] GICv3: no VLPI support, no direct LPI support
[    0.000000] ITS: No ITS available, not enabling LPIs
[    0.000000] rcu: \x09Offload RCU callbacks from CPUs: 0-7.
[    0.000000] Successfully registered dummy reset controller for cpucc_clocks
[    0.000000] Successfully registered dummy clock controller for cpucc_clocks
[    0.000000] arch_timer: CPU0: Trapping CNTVCT access
[    0.000000] arch_timer: cp15 and mmio timer(s) running at 19.20MHz (virt/virt).
[    0.000000] clocksource: arch_sys_counter: mask: 0xffffffffffffff max_cycles: 0x46d987e47, max_idle_ns: 440795202767 ns
[    0.000004] sched_clock: 56 bits at 19MHz, resolution 52ns, wraps every 4398046511078ns
[    0.008265] clocksource: Switched to clocksource arch_sys_counter
[    0.017373] Lock dependency validator: Copyright (c) 2006 Red Hat, Inc., Ingo Molnar
[    0.025406] ... MAX_LOCKDEP_SUBCLASSES:  8
[    0.029863] ... MAX_LOCK_DEPTH:          48
[    0.034230] ... MAX_LOCKDEP_KEYS:        8191
[    0.038775] ... CLASSHASH_SIZE:          4096
[    0.043317] ... MAX_LOCKDEP_ENTRIES:     32768
[    0.047948] ... MAX_LOCKDEP_CHAINS:      65536
[    0.052615] ... CHAINHASH_SIZE:          32768
[    0.057245] memory used by lock dependency info: 7903 kB
[    0.062855] per task-struct memory footprint: 3072 bytes
[    0.068528] Calibrating delay loop (skipped), value calculated using timer frequency.. 38.40 BogoMIPS (lpj=76800)
[    0.079138] pid_max: default: 32768 minimum: 301
[    0.084689] Security Framework initialized
[    0.089039] SELinux:  Initializing.
[    0.093644] Mount-cache hash table entries: 16384 (order: 5, 131072 bytes)
[    0.100928] Mountpoint-cache hash table entries: 16384 (order: 5, 131072 bytes)
[    0.122532] NOHZ: local_softirq_pending 02
[    0.129701] NOHZ: local_softirq_pending 02
[    0.134265] ASID allocator initialised with 65536 entries
[    0.143013] rcu: Hierarchical SRCU implementation.
[    0.173139] scm_mem_protection_init: SCM call failed
[    0.183390] shmbridge is enabled
[    0.187935] EFI services will not be available.
[    0.199013] smp: Bringing up secondary CPUs ...
[    0.219592] Detected VIPT I-cache on CPU1
[    0.219687] arch_timer: CPU1: Trapping CNTVCT access
[    0.219700] CPU1: Booted secondary processor 0x0000000100 [0x51df805e]
[    0.236446] Detected VIPT I-cache on CPU2
[    0.236519] arch_timer: CPU2: Trapping CNTVCT access
[    0.236531] CPU2: Booted secondary processor 0x0000000200 [0x51df805e]
[    0.252448] Detected VIPT I-cache on CPU3
[    0.252508] arch_timer: CPU3: Trapping CNTVCT access
[    0.252519] CPU3: Booted secondary processor 0x0000000300 [0x51df805e]
[    0.268712] CPU features: enabling workaround for Mismatched cache type
[    0.268732] CPU features: enabling workaround for ARM erratum 1542418
[    0.268748] CPU features: detected: Hardware dirty bit management
[    0.268764] Detected PIPT I-cache on CPU4
[    0.268797] CPU features: Unsupported CPU feature variation detected.
[    0.268880] arch_timer: CPU4: Trapping CNTVCT access
[    0.268905] CPU4: Booted secondary processor 0x0000000400 [0x411fd0d0]
[    0.285299] Detected PIPT I-cache on CPU5
[    0.285408] arch_timer: CPU5: Trapping CNTVCT access
[    0.285434] CPU5: Booted secondary processor 0x0000000500 [0x411fd0d0]
[    0.301944] Detected PIPT I-cache on CPU6
[    0.302050] arch_timer: CPU6: Trapping CNTVCT access
[    0.302077] CPU6: Booted secondary processor 0x0000000600 [0x411fd0d0]
[    0.318522] Detected PIPT I-cache on CPU7
[    0.318574] arch_timer: CPU7: Trapping CNTVCT access
[    0.318585] CPU7: Booted secondary processor 0x0000000700 [0x411fd0d0]
[    0.319442] smp: Brought up 1 node, 8 CPUs
[    0.463640] SMP: Total of 8 processors activated.
[    0.468782] CPU features: detected: GIC system register CPU interface
[    0.475483] CPU features: detected: Privileged Access Never
[    0.481291] CPU features: detected: User Access Override
[    0.486827] CPU features: detected: 32-bit EL0 Support
[    0.492239] CPU features: detected: RAS Extension Support
[    0.499502] CPU: All CPU(s) started at EL1
[    0.504012] alternatives: patching kernel code
[    0.690780] allocated 62914560 bytes of page_ext
[    0.709700] Node 0, zone   Normal: page owner found early allocated 15563 pages
[    2.951225] Registered cp15_barrier emulation handler
[    2.956547] Registered setend emulation handler
[    2.966988] clocksource: jiffies: mask: 0xffffffff max_cycles: 0xffffffff, max_idle_ns: 7645041785100000 ns
[    2.977376] futex hash table entries: 2048 (order: 6, 262144 bytes)
[    3.300453] pinctrl core: initialized pinctrl subsystem
[    3.309375] 
[    3.310948] *************************************************************
[    3.317983] **     NOTICE NOTICE NOTICE NOTICE NOTICE NOTICE NOTICE    **
[    3.325008] **                                                         **
[    3.332075] **  IOMMU DebugFS SUPPORT HAS BEEN ENABLED IN THIS KERNEL  **
[    3.339099] **                                                         **
[    3.346124] ** This means that this kernel is built to expose internal **
[    3.353182] ** IOMMU data structures, which may compromise security on **
[    3.360205] ** your system.                                            **
[    3.367227] **                                                         **
[    3.374295] ** If you see this message and you are not debugging the   **
[    3.381320] ** kernel, report this immediately to your vendor!         **
[    3.388376] **                                                         **
[    3.395400] **     NOTICE NOTICE NOTICE NOTICE NOTICE NOTICE NOTICE    **
[    3.402422] *************************************************************
[    3.410147] DMI not present or invalid.
[    3.416417] NET: Registered protocol family 16
[    3.426385] schedtune: configured to support 6 boost groups
[    3.433249] audit: initializing netlink subsys (disabled)
[    3.439830] audit: type=2000 audit(3.427:1): state=initialized audit_enabled=0 res=1
[    3.448017] cpuidle: using governor menu
[    3.452387] cpuidle: using governor qcom
[    3.457769] NET: Registered protocol family 42
[    3.463408] vdso: 2 pages (1 code @ ffffffb001da6000, 1 data @ ffffffb002df4000)
[    3.471108] hw-breakpoint: found 6 breakpoint and 4 watchpoint registers.
[    3.492003] DMA: preallocated 256 KiB pool for atomic allocations
[    3.502582] DMA: preallocated 256 KiB pool for atomic allocations
[    3.513540] exit: IPA_USB init success!
[    3.531419] msm_watchdog 17c10000.qcom,wdt: wdog absent resource not present
[    3.539843] msm_watchdog 17c10000.qcom,wdt: MSM Watchdog Initialized
[    3.572807] Unable to find DT property: qcom,msm-imem-download_mode
[    3.580065] Unable to find DT property: qcom,msm-imem-emergency_download_mode
[    3.608837] msm-dcc 1023000.dcc_v2: DCC list passed 3
[    3.614339] msm-dcc 1023000.dcc_v2: All values written to enable.
[    3.621008] msm-dcc 1023000.dcc_v2: DCC list passed 6
[    3.626550] msm-dcc 1023000.dcc_v2: All values written to enable.
[    3.633321] msm-dcc 1023000.dcc_v2: DCC list passed 7
[    3.638888] msm-dcc 1023000.dcc_v2: All values written to enable.
[    3.645991] platform 82400000.qseecom: assigned reserved memory node qseecom_region
[    3.678250] sps:sps is ready.
[    3.686359] spmi spmi-0: PMIC arbiter version v5 (0x50010000)
[    3.703769] pm8150a_s3_mmcx_sup_level: regulator get failed, ret=-517
[    3.711766] pm8150_s3_level: supplied by pm8150a_s3_level
[    3.719637] pm8150_s3_level_ao: supplied by pm8150a_s3_level_ao
[    3.733629] pm8150a_s3_mmcx_sup_level: supplied by pm8150_s3_mmcx_sup_level
[    3.749033] LCDB: qpnp_lcdb_regulator_probe: Failed to parse dt rc=-517
[    3.761046] AMOLED: qpnp_amoled_parse_dt: Unknown peripheral type 0x0
[    3.767723] qcom,qpnp-amoled-regulator c440000.qcom,spmi:qcom,pm8150l@5:qcom,amoled: Failed to parse DT params rc=-22
[    3.778711] qcom,qpnp-amoled-regulator: probe of c440000.qcom,spmi:qcom,pm8150l@5:qcom,amoled failed with error -22
[    3.797222] spmi spmi-0: pmic_arb_wait_for_done: transaction failed (0x3)
[    3.808772] pm8150a_s4_level: supplied by pm8150a_s3_mmcx_sup_level
[    3.818365] pm8150a_s4_level_ao: supplied by pm8150a_s3_level_ao
[    3.922295] platform soc:qcom,ipa_fws: assigned reserved memory node pil_ipa_gsi_region@86810000
[    3.932088] platform soc:qcom,ipa_uc: assigned reserved memory node pil_ipa_fw_region@86800000
[    3.951298] platform 17300000.qcom,lpass: assigned reserved memory node pil_adsp_region@8a100000
[    3.961554] platform 8300000.qcom,turing: assigned reserved memory node pil_cdsp_region@87800000
[    3.971449] platform aab0000.qcom,venus: assigned reserved memory node pil_video_region@86e00000
[    3.981914] platform 188101c.qcom,spss: assigned reserved memory node pil_spss_region@8be00000
[    3.991615] platform abb0000.qcom,cvpss: assigned reserved memory node pil_cvp_region@87300000
[    4.001160] platform 9800000.qcom,npu: assigned reserved memory node pil_npu_region@86900000
[    4.011952] platform soc:qcom,msm-adsprpc-mem: assigned reserved memory node adsp_region
[    4.024032] platform soc:mem_dump: assigned reserved memory node mem_dump_region
[    4.085593] MSM Memory Dump base table set up
[    4.090228] MSM Memory Dump apps data table set up
[    4.097763] platform 5c00000.qcom,ssc: assigned reserved memory node pil_slpi_region@88c00000
[    4.129625] platform 88a7000.msm_tspp: assigned reserved memory node qseecom_region
[    4.541762] cryptd: max_cpu_qlen set to 1000
[    4.548163] vServices Framework 1.0
[    4.586124] gdsc ad07004.qcom,gdsc: Linked as a consumer to regulator.31
[    4.593595] gdsc ad07004.qcom,gdsc: Dropping the link to regulator.31
[    4.602444] gdsc ad0a004.qcom,gdsc: Linked as a consumer to regulator.31
[    4.609943] gdsc ad0a004.qcom,gdsc: Dropping the link to regulator.31
[    4.618770] gdsc ad0b004.qcom,gdsc: Linked as a consumer to regulator.31
[    4.626096] gdsc ad0b004.qcom,gdsc: Dropping the link to regulator.31
[    4.634677] gdsc ad08004.qcom,gdsc: Linked as a consumer to regulator.31
[    4.642001] gdsc ad08004.qcom,gdsc: Dropping the link to regulator.31
[    4.650533] gdsc ad09004.qcom,gdsc: Linked as a consumer to regulator.31
[    4.657853] gdsc ad09004.qcom,gdsc: Dropping the link to regulator.31
[    4.666398] gdsc ad0c144.qcom,gdsc: Linked as a consumer to regulator.31
[    4.673719] gdsc ad0c144.qcom,gdsc: Dropping the link to regulator.31
[    4.682272] gdsc af03000.qcom,gdsc: Linked as a consumer to regulator.31
[    4.689591] gdsc af03000.qcom,gdsc: Dropping the link to regulator.31
[    4.698890] gdsc 3d9106c.qcom,gdsc: Linked as a consumer to regulator.4
[    4.705940] gpu_cx_gdsc: supplied by pm8150_s3_level
[    4.716131] gdsc 3d9100c.qcom,gdsc: Linked as a consumer to regulator.30
[    4.723266] gpu_gx_gdsc: supplied by pm8150a_s1_level
[    4.733919] gdsc abf0d18.qcom,gdsc: Linked as a consumer to regulator.31
[    4.741183] gdsc abf0d18.qcom,gdsc: Dropping the link to regulator.31
[    4.750078] gdsc abf0bf8.qcom,gdsc: Linked as a consumer to regulator.31
[    4.757398] gdsc abf0bf8.qcom,gdsc: Dropping the link to regulator.31
[    4.766119] gdsc abf0d98.qcom,gdsc: Linked as a consumer to regulator.31
[    4.773403] gdsc abf0d98.qcom,gdsc: Dropping the link to regulator.31
[    4.782373] gdsc abf0c98.qcom,gdsc: Linked as a consumer to regulator.31
[    4.789682] gdsc abf0c98.qcom,gdsc: Dropping the link to regulator.31
[    4.805218] qmp-aop-clk soc:qcom,aopclk: Registered clocks with AOP
[    4.819835] gcc-kona 100000.qcom,gcc: Linked as a consumer to regulator.31
[    4.827440] gcc-kona 100000.qcom,gcc: Linked as a consumer to regulator.4
[    4.834935] gcc-kona 100000.qcom,gcc: Linked as a consumer to regulator.5
[    4.899968] gcc-kona 100000.qcom,gcc: Registered GCC clocks
[    4.909593] gpu_cc-kona 3d90000.qcom,gpucc: Linked as a consumer to regulator.4
[    4.917557] gpu_cc-kona 3d90000.qcom,gpucc: Linked as a consumer to regulator.1
[    4.933980] gpu_cc-kona 3d90000.qcom,gpucc: Registered GPU CC clocks
[    4.943649] npu_cc-kona 9980000.qcom,npucc: Linked as a consumer to regulator.4
[    4.986249] npu_cc-kona 9980000.qcom,npucc: Registered NPU_CC clocks
[    4.996775] video_cc-kona abf0000.qcom,videocc: Linked as a consumer to regulator.1
[    5.005203] video_cc-kona abf0000.qcom,videocc: Linked as a consumer to regulator.31
[    5.013262] AXI: msm_bus_scale_register_client(): msm_bus_scale_register_client: Bus driver not ready.
[    5.022871] video_cc-kona abf0000.qcom,videocc: Unable to register for bw voting
[    5.030824] video_cc-kona abf0000.qcom,videocc: Dropping the link to regulator.31
[    5.038835] video_cc-kona abf0000.qcom,videocc: Dropping the link to regulator.1
[    5.056105] Minidump: Enabled with max number of regions 200
[    5.063051] KPI: Bootloader start count = 109423
[    5.067901] KPI: Bootloader end count = 136719
[    5.072538] KPI: Bootloader display count = 549486913
[    5.077783] KPI: Bootloader load kernel count = 1160266512
[    5.083476] KPI: Kernel MPM timestamp = 468193
[    5.088105] KPI: Kernel MPM Clock frequency = 32768
[    5.093255] socinfo_print: v0.15, id=356, ver=2.1, raw_id=206, raw_ver=2, hw_plat=8, hw_plat_ver=65536\x0a accessory_chip=0, hw_plat_subtype=0, pmic_model=65566, pmic_die_revision=196608 foundry_id=1 serial_number=1410542957 num_pmics=5 chip_family=0x5d raw_device_family=0x6 raw_device_number=0x8 nproduct_id=0x412 num_clusters=0x1 ncluster_array_offset=0xb0 num_defective_parts=0xf ndefective_parts_array_offset=0xb4 nmodem_supported=0x0
[    5.134048] msm_bus_fabric_rpmh_init_driver
[    5.139761] msm_bus: Probe started
[    5.146636] msm_bus_device 16e0000.ad-hoc-bus: Bus type is missing
[    5.156744] msm_bus_device 16e0000.ad-hoc-bus: Bus type is missing
[    5.163681] msm_bus_device 16e0000.ad-hoc-bus: Bus type is missing
[    5.197904] msm_bus: DT Parsing complete
[    5.223699] msm_bus_fab_init_noc_ops: Invalid Bus type
[    5.228428] msm_bus_fab_init_noc_ops: Invalid Bus type
[    5.236921] msm_bus_fab_init_noc_ops: Invalid Bus type
[    6.213815] Built 1 zonelists, mobility grouping on.  Total pages: 1420533
[    8.524386] mem-offline: Added memory blocks ranging from mem16 - mem19
[    8.573847] arm-smmu 3da0000.kgsl-smmu: Linked as a consumer to regulator.69
[    8.581387] arm-smmu 3da0000.kgsl-smmu: \x09non-coherent table walk
[    8.587625] arm-smmu 3da0000.kgsl-smmu: \x09(IDR0.CTTW overridden by FW configuration)
[    8.595563] arm-smmu 3da0000.kgsl-smmu: \x09stream matching with 6 register groups
[    8.617355] register_client_adhoc:find path.src 161 dest 627
[    8.619963] register_client_adhoc:Client handle 1 apps_smmu
[    8.626194] arm-smmu 15000000.apps-smmu: \x09non-coherent table walk
[    8.638338] arm-smmu 15000000.apps-smmu: \x09(IDR0.CTTW overridden by FW configuration)
[    8.646368] arm-smmu 15000000.apps-smmu: \x09stream matching with 87 register groups
[    8.658343] register_client_adhoc:find path.src 161 dest 627
[    8.660707] register_client_adhoc:Client handle 2 apps_smmu
[    8.668805] register_client_adhoc:find path.src 161 dest 627
[    8.676875] register_client_adhoc:Client handle 3 apps_smmu
[    8.685241] qsmmuv500-tbu 1518d000.mnoc_hf_0_tbu: Linked as a consumer to regulator.65
[    8.699621] register_client_adhoc:find path.src 22 dest 773
[    8.700954] register_client_adhoc:Client handle 4 mnoc_hf_0_tbu
[    8.709254] qsmmuv500-tbu 15191000.mnoc_hf_1_tbu: Linked as a consumer to regulator.66
[    8.723914] register_client_adhoc:find path.src 22 dest 773
[    8.725085] register_client_adhoc:Client handle 5 mnoc_hf_1_tbu
[    8.733056] register_client_adhoc:find path.src 154 dest 10070
[    8.740054] register_client_adhoc:Client handle 6 apps_smmu
[    8.748036] register_client_adhoc:find path.src 154 dest 10070
[    8.754742] register_client_adhoc:Client handle 7 apps_smmu
[    8.762956] register_client_adhoc:find path.src 161 dest 627
[    8.771129] register_client_adhoc:Client handle 8 apps_smmu
[    8.779483] register_client_adhoc:find path.src 161 dest 627
[    8.787561] register_client_adhoc:Client handle 9 apps_smmu
[    8.795948] qsmmuv500-tbu 151a5000.mnoc_sf_0_tbu: Linked as a consumer to regulator.67
[    8.810290] register_client_adhoc:find path.src 137 dest 772
[    8.811534] register_client_adhoc:Client handle 10 mnoc_sf_0_tbu
[    8.819695] qsmmuv500-tbu 151a9000.mnoc_sf_1_tbu: Linked as a consumer to regulator.68
[    8.834530] register_client_adhoc:find path.src 137 dest 772
[    8.835677] register_client_adhoc:Client handle 11 mnoc_sf_1_tbu
[    8.844173] vgaarb: loaded
[    8.856392] SCSI subsystem initialized
[    8.861445] usbcore: registered new interface driver usbfs
[    8.867477] usbcore: registered new interface driver hub
[    8.873637] usbcore: registered new device driver usb
[    8.881388] usb_phy_generic soc:usb_nop_phy: soc:usb_nop_phy supply vcc not found, using dummy regulator
[    8.891643] usb_phy_generic soc:usb_nop_phy: Linked as a consumer to regulator.0
[    8.902262] qcom,qpnp-power-on c440000.qcom,spmi:qcom,pm8150@0:qcom,power-on@800: PMIC@SID0 Power-on reason: Triggered from Hard Reset and 'cold' boot
[    8.916218] qcom,qpnp-power-on c440000.qcom,spmi:qcom,pm8150@0:qcom,power-on@800: PMIC@SID0: Power-off reason: Triggered from PS_HOLD (PS_HOLD/MSM Controlled Shutdown)
[    8.932788] input: qpnp_pon as /devices/platform/soc/c440000.qcom,spmi/spmi-0/spmi0-00/c440000.qcom,spmi:qcom,pm8150@0:qcom,power-on@800/input/input0
[    8.948343] qcom,qpnp-power-on c440000.qcom,spmi:qcom,pm8150b@2:qcom,power-on@800: PMIC@SID2 Power-on reason: Triggered from CBL (External Power Supply) and 'cold' boot
[    8.963857] qcom,qpnp-power-on c440000.qcom,spmi:qcom,pm8150b@2:qcom,power-on@800: PMIC@SID2: Power-off reason: Triggered from SOFT (Software)
[    8.977881] qcom,qpnp-power-on c440000.qcom,spmi:qcom,pm8150l@4:qcom,power-on@800: PMIC@SID4 Power-on reason: Triggered from PON1 (Secondary PMIC) and 'cold' boot
[    8.992908] qcom,qpnp-power-on c440000.qcom,spmi:qcom,pm8150l@4:qcom,power-on@800: PMIC@SID4: Power-off reason: Triggered from SOFT (Software)
[    9.007071] qcom,qpnp-power-on c440000.qcom,spmi:qcom,pm8009@a:qcom,power-on@800: Invalid PON_PERPH_SUBTYPE 0x07
[    9.017660] qcom,qpnp-power-on: probe of c440000.qcom,spmi:qcom,pm8009@a:qcom,power-on@800 failed with error -22
[    9.028503] spmi spmi-0: pmic_arb_wait_for_done: transaction failed (0x3)
[    9.035547] qcom,qpnp-power-on c440000.qcom,spmi:qcom,pmxprairie@8:qcom,power-on@800: Register read failed, addr=0x0805, rc=-5
[    9.047328] qcom,qpnp-power-on: probe of c440000.qcom,spmi:qcom,pmxprairie@8:qcom,power-on@800 failed with error -5
[    9.060027] media: Linux media interface: v0.10
[    9.064914] videodev: Linux video capture interface: v2.00
[    9.071188] pps_core: LinuxPPS API ver. 1 registered
[    9.076347] pps_core: Software ver. 5.3.6 - Copyright 2005-2007 Rodolfo Giometti <giometti@linux.it>
[    9.085853] PTP clock support registered
[    9.189409] virt zone: sensor[gpuss-1-usr] read error:-22
[    9.195044] thermal thermal_zone43: failed to read out thermal zone (-22)
[    9.220868] EDAC MC: Ver: 3.0.0
[    9.306066] energy_model: pd0: hertz/watts ratio non-monotonically decreasing: em_cap_state 1 >= em_cap_state0
[    9.306093] energy_model: pd0: hertz/watts ratio non-monotonically decreasing: em_cap_state 2 >= em_cap_state1
[    9.311078] energy_model: Created perf domain 0-3
[    9.312339] BUG: key ffffffcfaa6fd108 not in .data!
[    9.324499] energy_model: Created perf domain 4-6
[    9.325464] BUG: key ffffffcfaa23a108 not in .data!
[    9.331463] energy_model: pd7: hertz/watts ratio non-monotonically decreasing: em_cap_state 13 >= em_cap_state12
[    9.333298] energy_model: Created perf domain 7
[    9.333708] BUG: key ffffffcfaa23e908 not in .data!
[    9.340438] cpufreq: driver qcom-cpufreq-hw up and running
[    9.349745] platform soc:qcom,ion:qcom,ion-heap@22: assigned reserved memory node sdsp_region
[    9.358962] platform soc:qcom,ion:qcom,ion-heap@26: assigned reserved memory node user_contig_region
[    9.368599] platform soc:qcom,ion:qcom,ion-heap@27: assigned reserved memory node qseecom_region
[    9.377831] platform soc:qcom,ion:qcom,ion-heap@19: assigned reserved memory node qseecom_ta_region
[    9.387382] platform soc:qcom,ion:qcom,ion-heap@13: assigned reserved memory node sp_region
[    9.396201] platform soc:qcom,ion:qcom,ion-heap@10: assigned reserved memory node secure_display_region
[    9.407207] ION heap system created
[    9.411235] ION heap adsp created at 0x00000000ea000000 with size 800000
[    9.418150] ION heap secure_heap created
[    9.422235] ION heap user_contig created at 0x00000000ecc00000 with size 1000000
[    9.429869] ION heap qsecom created at 0x00000000fe800000 with size 1400000
[    9.437043] ION heap qsecom_ta created at 0x00000000ebc00000 with size 1000000
[    9.444477] ION heap spss created at 0x00000000ea800000 with size 1000000
[    9.451487] ION heap secure_display created at 0x00000000f1c00000 with size a400000
[    9.485870] platform soc:qcom,ion:qcom,ion-heap@14: ion_secure_carveout: creating heap@0x8bf00000, size 0x4600000
[    9.496431] ION heap secure_carveout created
[    9.502991] PMIC@SID2: PM8150B v2.0 options: 0, 0, 0, 0
[    9.508624] PMIC@SID4: PM8150L v3.0 options: 0, 0, 0, 0
[    9.514208] PMIC@SID10: (null) v3.0 options: 0, 0, 0, 0
[    9.521487] register_client_adhoc:find path.src 90 dest 770
[    9.522653] register_client_adhoc:find path.src 129 dest 512
[    9.528781] register_client_adhoc:find path.src 90 dest 585
[    9.535989] register_client_adhoc:find path.src 1 dest 676
[    9.542780] register_client_adhoc:find path.src 143 dest 777
[    9.548774] register_client_adhoc:Client handle 12 ipa
[    9.557639] ipa 1e00000.qcom,ipa:ipa_smmu_ap: Linked as a consumer to 15000000.apps-smmu
[    9.583001] iommu: Adding device 1e00000.qcom,ipa:ipa_smmu_ap to group 0
[    9.591052] ipa 1e00000.qcom,ipa:ipa_smmu_wlan: Linked as a consumer to 15000000.apps-smmu
[    9.609922] iommu: Adding device 1e00000.qcom,ipa:ipa_smmu_wlan to group 1
[    9.618058] ipa 1e00000.qcom,ipa:ipa_smmu_uc: Linked as a consumer to 15000000.apps-smmu
[    9.636882] iommu: Adding device 1e00000.qcom,ipa:ipa_smmu_uc to group 2
[    9.645017] ipa 1e00000.qcom,ipa:ipa_smmu_11ad: Linked as a consumer to 15000000.apps-smmu
[    9.665327] iommu: Adding device 1e00000.qcom,ipa:ipa_smmu_11ad to group 3
[    9.680656] devfreq-qcom-fw 18590000.qcom,devfreq-l3:qcom,cpu0-cpu-l3-lat: Devfreq QCOM Firmware dev registered.
[    9.693986] devfreq-qcom-fw 18590000.qcom,devfreq-l3:qcom,cpu4-cpu-l3-lat: Devfreq QCOM Firmware dev registered.
[    9.707224] devfreq-qcom-fw 18590000.qcom,devfreq-l3:qcom,cpu7-cpu-l3-lat: Devfreq QCOM Firmware dev registered.
[    9.720571] devfreq-qcom-fw 18590000.qcom,devfreq-l3:qcom,cdsp-cdsp-l3-lat: Devfreq QCOM Firmware dev registered.
[    9.731171] devfreq-qcom-fw 18590000.qcom,devfreq-l3: Devfreq QCOM Firmware parent dev inited.
[    9.742034] SDAM base=0xb100 size=128 registered successfully
[    9.748746] esoc bus registration done
[    9.748872] Advanced Linux Sound Architecture Driver Initialized.
[    9.757154] Bluetooth: Core ver 2.22
[    9.760936] NET: Registered protocol family 31
[    9.765536] Bluetooth: HCI device and connection manager initialized
[    9.772155] Bluetooth: HCI socket layer initialized
[    9.777197] Bluetooth: L2CAP socket layer initialized
[    9.782490] Bluetooth: SCO socket layer initialized
[    9.787566] NetLabel: Initializing
[    9.791109] NetLabel:  domain hash size = 128
[    9.795610] NetLabel:  protocols = UNLABELED CIPSOv4 CALIPSO
[    9.801675] NetLabel:  unlabeled traffic allowed by default
[    9.807651] pcie:pcie_init.
[    9.815395] register_client_adhoc:find path.src 45 dest 512
[    9.816606] register_client_adhoc:Client handle 13 pcie0
[    9.822839] pci-msm 1c00000.qcom,pcie: 1c00000.qcom,pcie supply vreg-3p3 not found, using dummy regulator
[    9.838358] pci-msm 1c00000.qcom,pcie: Linked as a consumer to regulator.0
[    9.845634] pci-msm 1c00000.qcom,pcie: Linked as a consumer to regulator.18
[    9.853008] pci-msm 1c00000.qcom,pcie: Linked as a consumer to regulator.13
[    9.860340] pci-msm 1c00000.qcom,pcie: Linked as a consumer to regulator.4
[    9.867600] pci-msm 1c00000.qcom,pcie: Linked as a consumer to regulator.59
[    9.875373] msm_pcie_get_reg: PCIe: RC0: no tcsr resource found.
[    9.881579] msm_pcie_get_reg: PCIe: RC0: no rumi resource found.
[    9.888799] register_client_adhoc:find path.src 100 dest 512
[    9.889711] register_client_adhoc:Client handle 14 pcie1
[    9.895915] pci-msm 1c08000.qcom,pcie: 1c08000.qcom,pcie supply vreg-3p3 not found, using dummy regulator
[    9.911361] pci-msm 1c08000.qcom,pcie: Linked as a consumer to regulator.0
[    9.918653] pci-msm 1c08000.qcom,pcie: Linked as a consumer to regulator.18
[    9.925973] pci-msm 1c08000.qcom,pcie: Linked as a consumer to regulator.13
[    9.933314] pci-msm 1c08000.qcom,pcie: Linked as a consumer to regulator.4
[    9.940572] pci-msm 1c08000.qcom,pcie: Linked as a consumer to regulator.60
[    9.948166] msm_pcie_get_reg: PCIe: RC1: no tcsr resource found.
[    9.954383] msm_pcie_get_reg: PCIe: RC1: no rumi resource found.
[    9.960592] msm_pcie_probe: PCIe: RC1 could not get pinctrl sleep state
[    9.967693] msm_pcie_enable: PCIe: Assert the reset of endpoint of RC1.
[    9.978164] msm_pcie_enable: PCIe: RC1: PCIE20_PARF_INT_ALL_MASK: 0x7f80c202
[    9.987592] pcie_phy_init: PCIe RC1 PHY is ready!
[   10.002494] msm_pcie_enable: PCIe: Release the reset of endpoint of RC1.
[   10.118978] msm_pcie_link_train: PCIe: Assert the reset of endpoint of RC1.
[   10.126557] msm_pcie_link_train: PCIe RC1 link initialization failed
[   10.134111] msm_pcie_enumerate: PCIe: RC1: failed to enable
[   10.139974] msm_pcie_probe: PCIe: RC1 is not enabled during bootup; it will be enumerated upon client request.
[   10.151430] register_client_adhoc:find path.src 108 dest 512
[   10.152575] register_client_adhoc:Client handle 15 pcie2
[   10.158840] pci-msm 1c10000.qcom,pcie: 1c10000.qcom,pcie supply vreg-3p3 not found, using dummy regulator
[   10.174341] pci-msm 1c10000.qcom,pcie: Linked as a consumer to regulator.0
[   10.181642] pci-msm 1c10000.qcom,pcie: Linked as a consumer to regulator.18
[   10.189038] pci-msm 1c10000.qcom,pcie: Linked as a consumer to regulator.13
[   10.196366] pci-msm 1c10000.qcom,pcie: Linked as a consumer to regulator.4
[   10.203603] pci-msm 1c10000.qcom,pcie: Linked as a consumer to regulator.61
[   10.211357] msm_pcie_get_reg: PCIe: RC2: no tcsr resource found.
[   10.217561] msm_pcie_get_reg: PCIe: RC2: no rumi resource found.
[   10.223769] msm_pcie_probe: PCIe: RC2 could not get pinctrl sleep state
[   10.230752] genirq: irq_chip msmgpio did not update eff. affinity mask of irq 422
[   10.238616] msm_pcie_enable: PCIe: Assert the reset of endpoint of RC2.
[   10.248829] msm_pcie_enable: PCIe: RC2: PCIE20_PARF_INT_ALL_MASK: 0x7f80c202
[   10.258286] pcie_phy_init: PCIe RC2 PHY is ready!
[   10.273185] msm_pcie_enable: PCIe: Release the reset of endpoint of RC2.
[   10.306777] msm_pcie_link_train: PCIe RC2 link initialized
[   10.312790] pci-msm 1c10000.qcom,pcie: host bridge /soc/qcom,pcie@1c10000 ranges:
[   10.320511] pci-msm 1c10000.qcom,pcie:   No bus range found for /soc/qcom,pcie@1c10000, using [bus 00-ff]
[   10.330400] pci-msm 1c10000.qcom,pcie:    IO 0x64200000..0x642fffff -> 0x64200000
[   10.338192] pci-msm 1c10000.qcom,pcie:   MEM 0x64300000..0x67ffffff -> 0x64300000
[   10.347049] pci-msm 1c10000.qcom,pcie: PCI host bridge to bus 0002:00
[   10.353715] pci_bus 0002:00: root bus resource [bus 00-ff]
[   10.359383] pci_bus 0002:00: root bus resource [io  0x0000-0xfffff] (bus address [0x64200000-0x642fffff])
[   10.369250] pci_bus 0002:00: root bus resource [mem 0x64300000-0x67ffffff]
[   10.376422] pci 0002:00:00.0: [17cb:010b] type 01 class 0x060400
[   10.376502] pci 0002:00:00.0: reg 0x10: [mem 0x00000000-0x00000fff 64bit]
[   10.376678] pci 0002:00:00.0: PME# supported from D0 D3hot D3cold
[   10.385074] pci 0002:00:00.0: bridge configuration invalid ([bus 00-00]), reconfiguring
[   10.393842] pci 0002:01:00.0: [10ec:8168] type 00 class 0x020000
[   10.393958] pci 0002:01:00.0: reg 0x10: initial BAR value 0x00000000 invalid
[   10.401242] pci 0002:01:00.0: reg 0x10: [io  size 0x0100]
[   10.401337] pci 0002:01:00.0: reg 0x18: [mem 0x00000000-0x00000fff 64bit]
[   10.401401] pci 0002:01:00.0: reg 0x20: [mem 0x00000000-0x00003fff 64bit]
[   10.401737] pci 0002:01:00.0: supports D1 D2
[   10.401741] pci 0002:01:00.0: PME# supported from D0 D1 D2 D3hot D3cold
[   10.407672] pci_bus 0002:01: busn_res: [bus 01-ff] end is updated to 01
[   10.407777] pci 0002:00:00.0: bridge window [mem 0x00100000-0x000fffff 64bit pref] to [bus 01] add_size 200000 add_align 100000
[   10.407786] pci 0002:00:00.0: bridge window [mem 0x00100000-0x001fffff] to [bus 01] add_size 200000 add_align 100000
[   10.407817] pci 0002:00:00.0: BAR 8: assigned [mem 0x64300000-0x645fffff]
[   10.414869] pci 0002:00:00.0: BAR 9: assigned [mem 0x64600000-0x647fffff 64bit pref]
[   10.422850] pci 0002:00:00.0: BAR 0: assigned [mem 0x64800000-0x64800fff 64bit]
[   10.430428] pci 0002:00:00.0: BAR 7: assigned [io  0x1000-0x1fff]
[   10.436844] pci 0002:01:00.0: BAR 4: assigned [mem 0x64300000-0x64303fff 64bit]
[   10.444435] pci 0002:01:00.0: BAR 2: assigned [mem 0x64304000-0x64304fff 64bit]
[   10.452034] pci 0002:01:00.0: BAR 0: assigned [io  0x1000-0x10ff]
[   10.458346] pci 0002:00:00.0: PCI bridge to [bus 01]
[   10.463478] pci 0002:00:00.0:   bridge window [io  0x1000-0x1fff]
[   10.469796] pci 0002:00:00.0:   bridge window [mem 0x64300000-0x645fffff]
[   10.476804] pci 0002:00:00.0:   bridge window [mem 0x64600000-0x647fffff 64bit pref]
[   10.485238] pci-msm-rc 0002:00:00.0: Linked as a consumer to 15000000.apps-smmu
[   10.494046] iommu: Adding device 0002:00:00.0 to group 4
[   10.501030] msm_pcie_probe: RC2 is enabled in bootup
[   10.507339] register_client_adhoc:find path.src 22 dest 512
[   10.508533] register_client_adhoc:find path.src 23 dest 512
[   10.515293] register_client_adhoc:Client handle 16 bus-proxy-client
[   10.525299] LCDB: qpnp_lcdb_regulator_probe: LCDB module successfully registered! lcdb_en=0 ldo_voltage=5400mV ncp_voltage=5400mV bst_voltage=5550mV
[   10.545858] qupv3_geni_se 9c0000.qcom,qupv3_0_geni_se: Linked as a consumer to 15000000.apps-smmu
[   10.567871] iommu: Adding device 9c0000.qcom,qupv3_0_geni_se to group 5
[   10.575810] qupv3_geni_se ac0000.qcom,qupv3_1_geni_se: Linked as a consumer to 15000000.apps-smmu
[   10.597615] iommu: Adding device ac0000.qcom,qupv3_1_geni_se to group 6
[   10.605581] qupv3_geni_se 8c0000.qcom,qupv3_2_geni_se: Linked as a consumer to 15000000.apps-smmu
[   10.627936] iommu: Adding device 8c0000.qcom,qupv3_2_geni_se to group 7
[   10.636364] gdsc ad07004.qcom,gdsc: Linked as a consumer to regulator.31
[   10.643573] register_client_adhoc:find path.src 1 dest 589
[   10.644731] register_client_adhoc:Client handle 17 bps_gdsc_ahb
[   10.650792] msm-bus-type slv-qhs-camera-cfg: Linked as a consumer to regulator.31
[   10.664768] bps_gdsc: supplied by pm8150a_s4_level
[   10.671165] gdsc ad0a004.qcom,gdsc: Linked as a consumer to regulator.31
[   10.678208] register_client_adhoc:find path.src 1 dest 589
[   10.679225] register_client_adhoc:Client handle 18 ife_0_gdsc_ahb
[   10.685151] ife_0_gdsc: supplied by pm8150a_s4_level
[   10.697808] gdsc ad0b004.qcom,gdsc: Linked as a consumer to regulator.31
[   10.704850] register_client_adhoc:find path.src 1 dest 589
[   10.705824] register_client_adhoc:Client handle 19 ife_1_gdsc_ahb
[   10.711683] ife_1_gdsc: supplied by pm8150a_s4_level
[   10.724296] gdsc ad08004.qcom,gdsc: Linked as a consumer to regulator.31
[   10.731339] register_client_adhoc:find path.src 1 dest 589
[   10.732327] register_client_adhoc:Client handle 20 ipe_0_gdsc_ahb
[   10.738166] ipe_0_gdsc: supplied by pm8150a_s4_level
[   10.750821] gdsc ad09004.qcom,gdsc: Linked as a consumer to regulator.31
[   10.757861] register_client_adhoc:find path.src 1 dest 589
[   10.758846] register_client_adhoc:Client handle 21 sbi_gdsc_ahb
[   10.764738] sbi_gdsc: supplied by pm8150a_s4_level
[   10.777083] gdsc ad0c144.qcom,gdsc: Linked as a consumer to regulator.31
[   10.784112] register_client_adhoc:find path.src 1 dest 589
[   10.785099] register_client_adhoc:Client handle 22 titan_top_gdsc_ahb
[   10.790956] titan_top_gdsc: supplied by pm8150a_s4_level
[   10.804343] gdsc af03000.qcom,gdsc: Linked as a consumer to regulator.31
[   10.811401] register_client_adhoc:find path.src 1 dest 590
[   10.812394] register_client_adhoc:Client handle 23 mdss_core_gdsc_ahb
[   10.818372] msm-bus-type slv-qhs-display-cfg: Linked as a consumer to regulator.31
[   10.832948] mdss_core_gdsc: supplied by pm8150a_s4_level
[   10.840877] gdsc abf0d18.qcom,gdsc: Linked as a consumer to regulator.31
[   10.847903] register_client_adhoc:find path.src 1 dest 596
[   10.849014] register_client_adhoc:Client handle 24 mvs0_gdsc_ahb
[   10.854952] msm-bus-type slv-qhs-venus-cfg: Linked as a consumer to regulator.31
[   10.868984] mvs0_gdsc: supplied by pm8150a_s4_level
[   10.875260] gdsc abf0bf8.qcom,gdsc: Linked as a consumer to regulator.31
[   10.882295] register_client_adhoc:find path.src 1 dest 596
[   10.883328] register_client_adhoc:Client handle 25 mvs0c_gdsc_ahb
[   10.889269] mvs0c_gdsc: supplied by pm8150a_s4_level
[   10.901886] gdsc abf0d98.qcom,gdsc: Linked as a consumer to regulator.31
[   10.908935] register_client_adhoc:find path.src 1 dest 596
[   10.909948] register_client_adhoc:Client handle 26 mvs1_gdsc_ahb
[   10.915861] mvs1_gdsc: supplied by pm8150a_s4_level
[   10.928296] gdsc abf0c98.qcom,gdsc: Linked as a consumer to regulator.31
[   10.935332] register_client_adhoc:find path.src 1 dest 596
[   10.936392] register_client_adhoc:Client handle 27 mvs1c_gdsc_ahb
[   10.942299] mvs1c_gdsc: supplied by pm8150a_s4_level
[   10.954985] cam_cc-kona ad00000.qcom,camcc: Linked as a consumer to regulator.1
[   10.962700] cam_cc-kona ad00000.qcom,camcc: Linked as a consumer to regulator.31
[   10.970402] register_client_adhoc:find path.src 1 dest 589
[   10.971393] register_client_adhoc:Client handle 28 clk_camcc_debugfs
[   10.986310] cam_cc-kona ad00000.qcom,camcc: Registered CAM CC clocks
[   11.000034] disp_cc-kona af00000.qcom,dispcc: Linked as a consumer to regulator.31
[   11.007917] register_client_adhoc:find path.src 1 dest 590
[   11.008944] register_client_adhoc:Client handle 29 clk_dispcc_debugfs
[   11.020235] disp_cc-kona af00000.qcom,dispcc: Registered Display CC clocks
[   11.034565] video_cc-kona abf0000.qcom,videocc: Linked as a consumer to regulator.1
[   11.042612] video_cc-kona abf0000.qcom,videocc: Linked as a consumer to regulator.31
[   11.050673] register_client_adhoc:find path.src 1 dest 596
[   11.051700] register_client_adhoc:Client handle 30 clk_videocc_debugfs
[   11.059761] video_cc-kona abf0000.qcom,videocc: Registered Video CC clocks
[   11.074347] clocksource: Switched to clocksource arch_sys_counter
[   11.264651] VFS: Disk quotas dquot_6.6.0
[   11.268839] VFS: Dquot-cache hash table entries: 512 (order 0, 4096 bytes)
[   11.276872] register_client_adhoc:find path.src 1 dest 589
[   11.278020] register_client_adhoc:find path.src 1 dest 596
[   11.284741] register_client_adhoc:find path.src 1 dest 590
[   11.291385] register_client_adhoc:Client handle 31 clk_measure
[   11.304610] mdss_pll_probe: MDSS pll label = MDSS DSI 0 PLL
[   11.316433] mdss_pll_probe: mdss_pll_probe: label=MDSS DSI 0 PLL PLL SSC enabled
[   11.325285] mdss_pll ae94900.qcom,mdss_dsi_pll: Failed to create ae94900.qcom,mdss_dsi_pll debugfs directory
[   11.335446] mdss_pll ae94900.qcom,mdss_dsi_pll: Failed to create ae94900.qcom,mdss_dsi_pll debugfs directory
[   11.345601] mdss_pll ae94900.qcom,mdss_dsi_pll: Failed to create ae94900.qcom,mdss_dsi_pll debugfs directory
[   11.355758] mdss_pll ae94900.qcom,mdss_dsi_pll: Failed to create ae94900.qcom,mdss_dsi_pll debugfs directory
[   11.365902] mdss_pll ae94900.qcom,mdss_dsi_pll: Failed to create ae94900.qcom,mdss_dsi_pll debugfs directory
[   11.376139] mdss_pll ae94900.qcom,mdss_dsi_pll: Failed to create ae94900.qcom,mdss_dsi_pll debugfs directory
[   11.388889] dsi_pll_clock_register_7nm: Registered DSI PLL ndx=0, clocks successfully
[   11.397055] mdss_pll_probe: MDSS pll label = MDSS DSI 1 PLL
[   11.402826] mdss_pll_probe: mdss_pll_probe: label=MDSS DSI 1 PLL PLL SSC enabled
[   11.410791] mdss_pll ae96900.qcom,mdss_dsi_pll: Failed to create ae96900.qcom,mdss_dsi_pll debugfs directory
[   11.420936] mdss_pll ae96900.qcom,mdss_dsi_pll: Failed to create ae96900.qcom,mdss_dsi_pll debugfs directory
[   11.431092] mdss_pll ae96900.qcom,mdss_dsi_pll: Failed to create ae96900.qcom,mdss_dsi_pll debugfs directory
[   11.441233] mdss_pll ae96900.qcom,mdss_dsi_pll: Failed to create ae96900.qcom,mdss_dsi_pll debugfs directory
[   11.451383] mdss_pll ae96900.qcom,mdss_dsi_pll: Failed to create ae96900.qcom,mdss_dsi_pll debugfs directory
[   11.461538] mdss_pll ae96900.qcom,mdss_dsi_pll: Failed to create ae96900.qcom,mdss_dsi_pll debugfs directory
[   11.483810] dsi_pll_clock_register_7nm: Registered DSI PLL ndx=1, clocks successfully
[   11.491983] mdss_pll_probe: MDSS pll label = MDSS DP PLL
[   11.499430] NET: Registered protocol family 2
[   11.505363] tcp_listen_portaddr_hash hash table entries: 4096 (order: 6, 393216 bytes)
[   11.513801] TCP established hash table entries: 65536 (order: 7, 524288 bytes)
[   11.523505] TCP bind hash table entries: 32768 (order: 9, 2883584 bytes)
[   11.531761] TCP: Hash tables configured (established 65536 bind 32768)
[   11.539662] UDP hash table entries: 4096 (order: 7, 786432 bytes)
[   11.546811] UDP-Lite hash table entries: 4096 (order: 7, 786432 bytes)
[   11.554264] NET: Registered protocol family 1
[   11.560504] PCI: CLS 0 bytes, default 64
[   11.561533] Trying to unpack rootfs image as initramfs...
[   11.580426] Freeing initrd memory: 808K
[   11.586986] hw perfevents: enabled with armv8_pmuv3 PMU driver, 7 counters available
[   11.598927] cryptomgr_test (129) used greatest stack depth: 13808 bytes left
[   11.633165] Initialise system trusted keyrings
[   11.637972] workingset: timestamp_bits=45 max_order=21 bucket_order=0
[   11.671678] Registering sdcardfs 0.1
[   11.676411] fuse init (API version 7.27)
[   11.685799] pfk_ext4 [pfk_ext4_init]: PFK EXT4 inited successfully
[   11.692211] pfk_f2fs [pfk_f2fs_init]: PFK F2FS inited successfully
[   11.721080] Key type asymmetric registered
[   11.725354] Asymmetric key parser 'x509' registered
[   11.730453] io scheduler noop registered
[   11.734963] io scheduler cfq registered (default)
[   11.739848] io scheduler mq-deadline registered
[   11.744538] io scheduler kyber registered
[   11.757714] Virtual Services transport driver for OKL4 Axons
[   11.780360] gpi_dma 900000.qcom,gpi-dma: Linked as a consumer to 15000000.apps-smmu
[   11.789695] iommu: Adding device 900000.qcom,gpi-dma to group 8
[   11.803839] gpi_dma a00000.qcom,gpi-dma: Linked as a consumer to 15000000.apps-smmu
[   11.813011] iommu: Adding device a00000.qcom,gpi-dma to group 9
[   11.824313] gpi_dma 800000.qcom,gpi-dma: Linked as a consumer to 15000000.apps-smmu
[   11.833292] iommu: Adding device 800000.qcom,gpi-dma to group 10
[   11.849921] kona-llcc 9200000.cache-controller: Failed to create 9200000.cache-controller debugfs directory
[   11.863098] register_client_adhoc:find path.src 125 dest 512
[   11.864643] register_client_adhoc:Client handle 32 scm_pas
[   11.870539] minidump-id not found for ipa_fws
[   11.880912] subsys-pil-tz soc:qcom,ipa_fws: for ipa_fws segments only will be dumped.
[   11.889192] subsys-pil-tz soc:qcom,ipa_fws: for md_ipa_fws segments only will be dumped.
[   11.898366] minidump-id not found for ipa_uc
[   11.902801] subsys-pil-tz soc:qcom,ipa_uc: for ipa_uc segments only will be dumped.
[   11.910883] subsys-pil-tz soc:qcom,ipa_uc: for md_ipa_uc segments only will be dumped.
[   11.919758] subsys-pil-tz 17300000.qcom,lpass: Linked as a consumer to regulator.20
[   11.927819] subsys-pil-tz 17300000.qcom,lpass: Linked as a consumer to regulator.12
[   11.935749] minidump-id not found for adsp
[   11.941872] subsys-pil-tz 8300000.qcom,turing: Linked as a consumer to regulator.4
[   11.949817] register_client_adhoc:find path.src 154 dest 10070
[   11.950073] register_client_adhoc:Client handle 33 pil-cdsp
[   11.956112] minidump-id not found for cdsp
[   11.967930] subsys-pil-tz aab0000.qcom,venus: Linked as a consumer to regulator.95
[   11.975861] register_client_adhoc:find path.src 63 dest 512
[   11.976884] register_client_adhoc:Client handle 34 pil-venus
[   11.982706] minidump-id not found for venus
[   11.993691] subsys-pil-tz 188101c.qcom,spss: Linked as a consumer to regulator.4
[   12.001332] minidump-id not found for spss
[   12.006333] PBL_DONE - 1st phase loading [spss] completed ok
[   12.012297] minidump-id not found for cvpss
[   12.016641] subsys-pil-tz abb0000.qcom,cvpss: for cvpss segments only will be dumped.
[   12.024843] subsys-pil-tz abb0000.qcom,cvpss: for md_cvpss segments only will be dumped.
[   12.033712] minidump-id not found for npu
[   12.037888] subsys-pil-tz 9800000.qcom,npu: for npu segments only will be dumped.
[   12.045750] subsys-pil-tz 9800000.qcom,npu: for md_npu segments only will be dumped.
[   12.054171] subsys-restart: __get_smem_state(): Could not get smem-states qcom,force-stop
[   12.063670] subsys-pil-tz 5c00000.qcom,ssc: Linked as a consumer to regulator.20
[   12.071430] subsys-pil-tz 5c00000.qcom,ssc: Linked as a consumer to regulator.12
[   12.079086] minidump-id not found for slpi
[   12.085089] minidump-id not found for a650_zap
[   12.089730] subsys-pil-tz soc:qcom,kgsl-hyp: for a650_zap segments only will be dumped.
[   12.098101] subsys-pil-tz soc:qcom,kgsl-hyp: for md_a650_zap segments only will be dumped.
[   12.125885] msm_geni_serial 998000.qcom,qup_uart: Wakeup byte 0xfd
[   12.132507] msm_geni_serial 998000.qcom,qup_uart: Serial port0 added.FifoSize 64 is_console0
[   12.142935] 998000.qcom,qup_uart: ttyHS0 at MMIO 0x998000 (irq = 400, base_baud = 0) is a MSM
[   12.154228] msm_geni_serial a90000.qcom,qup_uart: Serial port0 added.FifoSize 64 is_console1
[   12.163219] a90000.qcom,qup_uart: ttyMSM0 at MMIO 0xa90000 (irq = 402, base_baud = 0) is a MSM
[   12.187434] console [ttyMSM0] enabled
[   12.195051] bootconsole [msm_geni_serial0] disabled
[   12.205700] msm_geni_serial_init: Driver initialized
[   12.213086] register_client_adhoc:find path.src 1 dest 618
[   12.214111] register_client_adhoc:Client handle 35 msm-rng-noc
[   12.222353] random: crng init done
[   12.263393] iommu-debug soc:kgsl_iommu_test_device: Linked as a consumer to 3da0000.kgsl-smmu
[   12.272414] iommu: Adding device soc:kgsl_iommu_test_device to group 11
[   12.280388] iommu-debug soc:apps_iommu_test_device: Linked as a consumer to 15000000.apps-smmu
[   12.289481] iommu: Adding device soc:apps_iommu_test_device to group 12
[   12.297081] iommu-debug soc:apps_iommu_coherent_test_device: Linked as a consumer to 15000000.apps-smmu
[   12.306912] iommu: Adding device soc:apps_iommu_coherent_test_device to group 13
[   12.347160] brd: module loaded
[   12.389863] loop: module loaded
[   12.394245] zram: Added device: zram0
[   12.401123] QSEECOM: qseecom_init_control: qseecom.qsee_version = 0x1402000
[   12.408460] QSEECOM: qseecom_retrieve_ce_data: Device does not support PFE
[   12.423244] qce 1de0000.qcedev: Linked as a consumer to 15000000.apps-smmu
[   12.431397] iommu: Adding device 1de0000.qcedev to group 14
[   12.438107] register_client_adhoc:find path.src 125 dest 512
[   12.439618] register_client_adhoc:Client handle 36 qcedev-noc
[   12.445768] QCE50: __qce_get_device_tree_data: CE operating frequency is not defined, setting to default 100MHZ
[   12.462800] qce 1de0000.qcedev: QTI Crypto 5.5.0 device found @0x1de0000
[   12.470641] sps:BAM 0x0000000001dc4000 is registered.
[   12.470982] sps:BAM 0x0000000001dc4000 (va:0xffffff80198c0000) enabled: ver:0x27, number of pipes:16
[   12.486206] QCE50: qce_sps_init:  QTI MSM CE-BAM at 0x0000000001dc4000 irq 101
[   12.494541] qce 1de0000.qcedev:qcom_cedev_ns_cb: Linked as a consumer to 15000000.apps-smmu
[   12.504100] iommu: Adding device 1de0000.qcedev:qcom_cedev_ns_cb to group 15
[   12.512770] qce 1de0000.qcedev:qcom_cedev_s_cb: Linked as a consumer to 15000000.apps-smmu
[   12.522922] iommu: Adding device 1de0000.qcedev:qcom_cedev_s_cb to group 16
[   12.532734] qcrypto 1de0000.qcrypto: Linked as a consumer to 15000000.apps-smmu
[   12.541214] iommu: Adding device 1de0000.qcrypto to group 17
[   12.547734] register_client_adhoc:find path.src 125 dest 512
[   12.549140] register_client_adhoc:Client handle 37 qcrypto-noc
[   12.555213] QCE50: __qce_get_device_tree_data: CE operating frequency is not defined, setting to default 100MHZ
[   12.572224] qcrypto 1de0000.qcrypto: QTI Crypto 5.5.0 device found @0x1de0000
[   12.580150] QCE50: qce_sps_init:  QTI MSM CE-BAM at 0x0000000001dc4000 irq 101
[   12.588831] qcrypto 1de0000.qcrypto: qcrypto-ecb-aes
[   12.594531] qcrypto 1de0000.qcrypto: qcrypto-cbc-aes
[   12.600205] qcrypto 1de0000.qcrypto: qcrypto-ctr-aes
[   12.606044] qcrypto 1de0000.qcrypto: qcrypto-ecb-des
[   12.611708] qcrypto 1de0000.qcrypto: qcrypto-cbc-des
[   12.617373] qcrypto 1de0000.qcrypto: qcrypto-ecb-3des
[   12.623123] qcrypto 1de0000.qcrypto: qcrypto-cbc-3des
[   12.628899] qcrypto 1de0000.qcrypto: qcrypto-xts-aes
[   12.634563] qcrypto 1de0000.qcrypto: qcrypto-sha1
[   12.639950] qcrypto 1de0000.qcrypto: qcrypto-sha256
[   12.645586] qcrypto 1de0000.qcrypto: qcrypto-aead-hmac-sha1-cbc-aes
[   12.652657] qcrypto 1de0000.qcrypto: qcrypto-aead-hmac-sha1-cbc-des
[   12.659653] qcrypto 1de0000.qcrypto: qcrypto-aead-hmac-sha1-cbc-3des
[   12.666730] qcrypto 1de0000.qcrypto: qcrypto-aead-hmac-sha256-cbc-aes
[   12.673914] qcrypto 1de0000.qcrypto: qcrypto-aead-hmac-sha256-cbc-des
[   12.681085] qcrypto 1de0000.qcrypto: qcrypto-aead-hmac-sha256-cbc-3des
[   12.688352] qcrypto 1de0000.qcrypto: qcrypto-hmac-sha1
[   12.694210] qcrypto 1de0000.qcrypto: qcrypto-hmac-sha256
[   12.700231] qcrypto 1de0000.qcrypto: qcrypto-aes-ccm
[   12.705898] qcrypto 1de0000.qcrypto: qcrypto-rfc4309-aes-ccm
[   12.716423] ufshcd-qcom 1d84000.ufshc: no vccq2-voltage-level property.
[   12.723667] ufshcd-qcom 1d84000.ufshc: Linked as a consumer to regulator.62
[   12.731413] ufshcd-qcom 1d84000.ufshc: Linked as a consumer to regulator.28
[   12.738804] ufshcd-qcom 1d84000.ufshc: Linked as a consumer to regulator.16
[   12.746219] ufshcd-qcom 1d84000.ufshc: Linked as a consumer to regulator.7
[   12.754097] qcom_ice_get_pdevice: found ice device ffffffcfa1919480
[   12.760575] qcom_ice_get_pdevice: matching platform device ffffffcfaf568a80
[   12.768727] register_client_adhoc:find path.src 123 dest 512
[   12.770122] register_client_adhoc:find path.src 1 dest 757
[   12.777066] register_client_adhoc:Client handle 38 ufshc_mem
[   12.783203] ufs_qcom_phy_qmp_v4 1d87000.ufsphy_mem: Linked as a consumer to regulator.18
[   12.797971] ufs_qcom_phy_qmp_v4 1d87000.ufsphy_mem: Linked as a consumer to regulator.13
[   12.806502] ufshcd-qcom 1d84000.ufshc: Linked as a consumer to regulator.36
[   12.816227] scsi host0: ufshcd
[   12.825117] qcom_ice 1d90000.ufsice: QC ICE 3.1.81 device found @0xffffff80199b0000
[   12.844083] SCSI Media Changer driver v0.25 
[   12.857240] spmi spmi-1: pmic_arb_debug_wait_for_done: transaction failed (0x3)
[   12.860402] ufshcd-qcom 1d84000.ufshc: ufshcd_print_pwr_info:[RX, TX]: gear=[1, 1], lane[1, 1], pwr[SLOWAUTO_MODE, SLOWAUTO_MODE], rate = 0
[   12.866082] spmi spmi-1: SPMI PMIC arbiter debug bus controller added
[   12.885081] Ethernet Channel Bonding Driver: v3.7.1 (April 27, 2011)
[   12.897075] libphy: Fixed MDIO Bus: probed
[   12.901715] tun: Universal TUN/TAP device driver, 1.6
[   12.907169] igb: Intel(R) Gigabit Ethernet Network Driver - version 5.4.0-k
[   12.914357] igb: Copyright (c) 2007-2014 Intel Corporation.
[   12.920280] PPP generic driver version 2.4.2
[   12.922407] ufshcd-qcom 1d84000.ufshc: ufshcd_needs_reinit: Re-init UFS host to use proper PHY settings for the UFS device. This can be avoided by setting the force-g4 in DT
[   12.924888] PPP BSD Compression module registered
[   12.945592] PPP Deflate Compression module registered
[   12.946604] qcom_ice 1d90000.ufsice: QC ICE 3.1.81 device found @0xffffff80199b0000
[   12.950886] PPP MPPE Compression module registered
[   12.963759] NET: Registered protocol family 24
[   12.968382] PPTP driver version 0.8.5
[   12.975079] CLD80211: Initializing
[   12.978526] cnss: set_wlaon_pwr_ctrl is 1
[   12.978740] cnss: Get CPR PMIC address 0x43200 from smpf2
[   12.978762] cnss: TCS CMD base address is 0x000000000b2e5510 with length 0x00000000000005c0
[   12.978890] usbcore: registered new interface driver r8152
[   12.980686] cnss2 b0000000.qcom,cnss-qca6390: Linked as a consumer to regulator.7
[   12.984460] ufshcd-qcom 1d84000.ufshc: ufshcd_print_pwr_info:[RX, TX]: gear=[1, 1], lane[1, 1], pwr[SLOWAUTO_MODE, SLOWAUTO_MODE], rate = 0
[   12.984635] usbcore: registered new interface driver lan78xx
[   12.984706] usbcore: registered new interface driver asix
[   12.992656] cnss: Got regulator: vdd-wlan-io, min_uv: 1800000, max_uv: 1800000, load_ua: 0, delay_us: 0, need_unvote: 1
[   13.005412] usbcore: registered new interface driver ax88179_178a
[   13.012311] cnss2 b0000000.qcom,cnss-qca6390: Linked as a consumer to regulator.41
[   13.016904] usbcore: registered new interface driver cdc_ether
[   13.023129] cnss: Got regulator: wlan-ant-switch, min_uv: 1800000, max_uv: 1800000, load_ua: 0, delay_us: 0, need_unvote: 0
[   13.031001] usbcore: registered new interface driver net1080
[   13.037266] cnss2 b0000000.qcom,cnss-qca6390: Linked as a consumer to regulator.9
[   13.040189] ufshcd-qcom 1d84000.ufshc: ufshcd_print_pwr_info:[RX, TX]: gear=[4, 4], lane[2, 2], pwr[FAST MODE, FAST MODE], rate = 1
[   13.040669] ufshcd-qcom 1d84000.ufshc: ufshcd_wb_config: Write Booster Configured
[   13.042892] usbcore: registered new interface driver cdc_subset
[   13.044427] scsi 0:0:0:49488: Well-known LUN    SKhynix  HN8T05BZGKX015   A002 PQ: 0 ANSI: 6
[   13.050547] cnss: Got regulator: vdd-wlan-aon, min_uv: 950000, max_uv: 950000, load_ua: 0, delay_us: 0, need_unvote: 1
[   13.062742] usbcore: registered new interface driver zaurus
[   13.065736] scsi 0:0:0:49476: Well-known LUN    SKhynix  HN8T05BZGKX015   A002 PQ: 0 ANSI: 6
[   13.070619] cnss2 b0000000.qcom,cnss-qca6390: Linked as a consumer to regulator.51
[   13.076620] usbcore: registered new interface driver cdc_ncm
[   13.078961] scsi 0:0:0:49456: Well-known LUN    SKhynix  HN8T05BZGKX015   A002 PQ: 0 ANSI: 6
[   13.085214] cnss: Got regulator: vdd-wlan-dig, min_uv: 950000, max_uv: 952000, load_ua: 0, delay_us: 0, need_unvote: 1
[   13.092570] msm-usb-ssphy-qmp 88e8000.ssphy: Linked as a consumer to regulator.29
[   13.130049] cnss2 b0000000.qcom,cnss-qca6390: Linked as a consumer to regulator.8
[   13.133361] scsi 0:0:0:0: Direct-Access     SKhynix  HN8T05BZGKX015   A002 PQ: 0 ANSI: 6
[   13.137777] cnss: Got regulator: vdd-wlan-rfa1, min_uv: 1900000, max_uv: 1900000, load_ua: 0, delay_us: 0, need_unvote: 1
[   13.137783] msm-usb-ssphy-qmp 88e8000.ssphy: Linked as a consumer to regulator.18
[   13.137961] cnss2 b0000000.qcom,cnss-qca6390: Linked as a consumer to regulator.36
[   13.151152] scsi 0:0:0:1: Direct-Access     SKhynix  HN8T05BZGKX015   A002 PQ: 0 ANSI: 6
[   13.153909] cnss: Got regulator: vdd-wlan-rfa2, min_uv: 1350000, max_uv: 1350000, load_ua: 0, delay_us: 0, need_unvote: 1
[   13.153916] msm-usb-ssphy-qmp 88eb000.ssphy: Linked as a consumer to regulator.29
[   13.154028] cnss: Failed to get optional clock rf_clk, err = -2
[   13.154045] msm-usb-ssphy-qmp 88eb000.ssphy: Linked as a consumer to regulator.18
[   13.155121] msm-usb-hsphy 88e3000.hsphy: Linked as a consumer to regulator.13
[   13.155260] msm-usb-hsphy 88e3000.hsphy: Linked as a consumer to regulator.10
[   13.155409] msm-usb-hsphy 88e3000.hsphy: Linked as a consumer to regulator.21
[   13.156399] msm-usb-hsphy 88e4000.hsphy: Linked as a consumer to regulator.13
[   13.156543] msm-usb-hsphy 88e4000.hsphy: Linked as a consumer to regulator.10
[   13.156697] msm-usb-hsphy 88e4000.hsphy: Linked as a consumer to regulator.21
[   13.160398] msm-dwc3 a600000.ssusb: Linked as a consumer to 15000000.apps-smmu
[   13.161155] iommu: Adding device a600000.ssusb to group 18
[   13.161972] msm-dwc3 a600000.ssusb: Linked as a consumer to regulator.63
[   13.166237] scsi 0:0:0:2: Direct-Access     SKhynix  HN8T05BZGKX015   A002 PQ: 0 ANSI: 6
[   13.169996] scsi 0:0:0:3: Direct-Access     SKhynix  HN8T05BZGKX015   A002 PQ: 0 ANSI: 6
[   13.170476] cnss: BT GPIO: 1121
[   13.173740] scsi 0:0:0:4: Direct-Access     SKhynix  HN8T05BZGKX015   A002 PQ: 0 ANSI: 6
[   13.177615] scsi 0:0:0:5: Direct-Access     SKhynix  HN8T05BZGKX015   A002 PQ: 0 ANSI: 6
[   13.180747] msm-dwc3 a600000.ssusb: pins are not configured
[   13.182712] sd 0:0:0:0: Power-on or device reset occurred
[   13.185527] cnss: Regulator vdd-wlan-io is being enabled
[   13.185877] sd 0:0:0:1: Power-on or device reset occurred
[   13.186279] sd 0:0:0:0: [sda] Write Protect is off
[   13.186332] sd 0:0:0:0: [sda] Mode Sense: 00 32 00 10
[   13.187277] sd 0:0:0:0: [sda] Optimal transfer size 524288 bytes
[   13.194011] dwc3 a600000.dwc3: Failed to get clk 'ref': -2
[   13.197787] sd 0:0:0:3: Power-on or device reset occurred
[   13.197929] sd 0:0:0:2: Power-on or device reset occurred
[   13.198469] sd 0:0:0:1: [sdb] Write Protect is off
[   13.198507] sd 0:0:0:1: [sdb] Mode Sense: 00 32 00 10
[   13.199091] sd 0:0:0:4: Power-on or device reset occurred
[   13.200166] sd 0:0:0:1: [sdb] Optimal transfer size 524288 bytes
[   13.200297] cnss: Regulator wlan-ant-switch is being enabled
[   13.204433] sd 0:0:0:2: [sdc] Write Protect is off
[   13.204442] sd 0:0:0:2: [sdc] Mode Sense: 00 32 00 10
[   13.204487] sd 0:0:0:5: Power-on or device reset occurred
[   13.204974] sd 0:0:0:3: [sdd] Write Protect is off
[   13.205010] sd 0:0:0:3: [sdd] Mode Sense: 00 32 00 10
[   13.205507] sd 0:0:0:4: [sde] Write Protect is off
[   13.205516] sd 0:0:0:4: [sde] Mode Sense: 00 32 00 10
[   13.206306] sd 0:0:0:2: [sdc] Optimal transfer size 524288 bytes
[   13.207624] sd 0:0:0:4: [sde] Optimal transfer size 524288 bytes
[   13.207969] dwc3 a600000.dwc3: changing max_speed on rev 00000000
[   13.208153] sd 0:0:0:3: [sdd] Optimal transfer size 524288 bytes
[   13.210122] sda: sda1 sda2 sda3 sda4 sda5 sda6 sda7 sda8 sda9 sda10 sda11 sda12 sda13 sda14 sda15
[   13.211225] sd 0:0:0:5: [sdf] Write Protect is off
[   13.211291] sd 0:0:0:5: [sdf] Mode Sense: 00 32 00 10
[   13.213032] sd 0:0:0:5: [sdf] Optimal transfer size 524288 bytes
[   13.215470] cnss: Regulator vdd-wlan-aon is being enabled
[   13.216250] sdb: sdb1 sdb2
[   13.218383] register_client_adhoc:find path.src 61 dest 512
[   13.219865] register_client_adhoc:find path.src 61 dest 676
[   13.221555] register_client_adhoc:find path.src 1 dest 583
[   13.222560] register_client_adhoc:Client handle 39 usb0
[   13.227269] sdf: sdf1 sdf2 sdf3 sdf4 sdf5 sdf6 sdf7 sdf8 sdf9
[   13.230116] cnss: Regulator vdd-wlan-dig is being enabled
[   13.232193] sdc: sdc1 sdc2
[   13.233489] sdd: sdd1 sdd2 sdd3 sdd4
[   13.236427] sde: sde1 sde2 sde3 sde4 sde5 sde6 sde7 sde8 sde9 sde10 sde11 sde12 sde13 sde14 sde15 sde16 sde17 sde18 sde19 sde20 sde21 sde22 sde23 sde24 sde25 sde26 sde27 sde28 sde29 sde30 sde31 sde32 sde33 sde34 sde35 sde36 sde37 sde38 sde39 sde40 sde41 sde42 sde43 sde44 sde45 sde46 sde47 sde48 sde49 sde50 sde51 sde52 sde53 sde54 sde55 sde56 sde57 sde58 sde59 sde60 sde61 sde62 sde63 sde64 sde65
[   13.245793] msm-dwc3 a600000.ssusb: Dropping the link to regulator.63
[   13.250572] cnss: Regulator vdd-wlan-rfa1 is being enabled
[   13.258794] msm-dwc3 a800000.ssusb: Linked as a consumer to 15000000.apps-smmu
[   13.266789] cnss: Regulator vdd-wlan-rfa2 is being enabled
[   13.276081] iommu: Adding device a800000.ssusb to group 19
[   13.284873] msm_pcie_enable: PCIe: Assert the reset of endpoint of RC0.
[   13.290242] msm-dwc3 a800000.ssusb: Linked as a consumer to regulator.64
[   13.298558] msm_pcie_enable: PCIe: RC0: PCIE20_PARF_INT_ALL_MASK: 0x7f80c202
[   13.304383] dwc3 a800000.dwc3: Failed to get clk 'ref': -2
[   13.307958] pcie_phy_init: PCIe RC0 PHY is ready!
[   13.313032] register_client_adhoc:find path.src 101 dest 512
[   13.327248] msm_pcie_enable: PCIe: Release the reset of endpoint of RC0.
[   13.329915] register_client_adhoc:find path.src 101 dest 676
[   13.349889] msm_pcie_link_train: PCIe RC0 link initialized
[   13.351890] register_client_adhoc:find path.src 1 dest 751
[   13.356700] pci-msm 1c00000.qcom,pcie: host bridge /soc/qcom,pcie@1c00000 ranges:
[   13.361738] register_client_adhoc:Client handle 39 usb1
[   13.365736] pci-msm 1c00000.qcom,pcie:   No bus range found for /soc/qcom,pcie@1c00000, using [bus 00-ff]
[   13.374617] ehci_hcd: USB 2.0 'Enhanced' Host Controller (EHCI) Driver
[   13.378182] pci-msm 1c00000.qcom,pcie:    IO 0x60200000..0x602fffff -> 0x60200000
[   13.384468] ehci-pci: EHCI PCI platform driver
[   13.390683] pci-msm 1c00000.qcom,pcie:   MEM 0x60300000..0x63ffffff -> 0x60300000
[   13.399921] ehci-platform: EHCI generic platform driver
[   13.406128] pci-msm 1c00000.qcom,pcie: PCI host bridge to bus 0000:00
[   13.411759] ohci_hcd: USB 1.1 'Open' Host Controller (OHCI) Driver
[   13.413938] pci_bus 0000:00: root bus resource [bus 00-ff]
[   13.419695] ohci-pci: OHCI PCI platform driver
[   13.425433] pci_bus 0000:00: root bus resource [io  0x100000-0x1fffff] (bus address [0x60200000-0x602fffff])
[   13.431151] ohci-platform: OHCI generic platform driver
[   13.432578] msm-dwc3 a800000.ssusb: DWC3 exited from low power mode
[   13.436516] pci_bus 0000:00: root bus resource [mem 0x60300000-0x63ffffff]
[   13.444173] xhci-hcd xhci-hcd.0.auto: xHCI Host Controller
[   13.445512] pci 0000:00:00.0: [17cb:010b] type 01 class 0x060400
[   13.449353] xhci-hcd xhci-hcd.0.auto: new USB bus registered, assigned bus number 1
[   13.485266] pci 0000:00:00.0: reg 0x10: [mem 0x00000000-0x00000fff 64bit]
[   13.492732] xhci-hcd xhci-hcd.0.auto: hcc params 0x0230ffe5 hci version 0x110 quirks 0x0000000000010810
[   13.499457] pci 0000:00:00.0: PME# supported from D0 D3hot D3cold
[   13.504953] xhci-hcd xhci-hcd.0.auto: irq 439, io mem 0x0a800000
[   13.518559] pci 0000:00:00.0: bridge configuration invalid ([bus 00-00]), reconfiguring
[   13.519699] usb usb1: New USB device found, idVendor=1d6b, idProduct=0002, bcdDevice= 4.19
[   13.526277] pci 0000:01:00.0: [17cb:1101] type 00 class 0x028000
[   13.531611] usb usb1: New USB device strings: Mfr=3, Product=2, SerialNumber=1
[   13.536593] pci 0000:01:00.0: reg 0x10: [mem 0x00000000-0x000fffff 64bit]
[   13.542297] usb usb1: Product: xHCI Host Controller
[   13.542300] usb usb1: Manufacturer: Linux 4.19.81+ xhci-hcd
[   13.542303] usb usb1: SerialNumber: xhci-hcd.0.auto
[   13.549604] pci 0000:01:00.0: PME# supported from D0 D3hot D3cold
[   13.556080] hub 1-0:1.0: USB hub found
[   13.567324] pci_bus 0000:01: busn_res: [bus 01-ff] end is updated to 01
[   13.574344] hub 1-0:1.0: 1 port detected
[   13.579613] pci 0000:00:00.0: bridge window [io  0x1000-0x0fff] to [bus 01] add_size 1000
[   13.590232] xhci-hcd xhci-hcd.0.auto: xHCI Host Controller
[   13.596146] pci 0000:00:00.0: bridge window [mem 0x00100000-0x000fffff 64bit pref] to [bus 01] add_size 200000 add_align 100000
[   13.603854] xhci-hcd xhci-hcd.0.auto: new USB bus registered, assigned bus number 2
[   13.608453] pci 0000:00:00.0: bridge window [mem 0x00100000-0x001fffff] to [bus 01] add_size 200000 add_align 100000
[   13.608515] pci 0000:00:00.0: BAR 8: assigned [mem 0x60300000-0x605fffff]
[   13.616171] xhci-hcd xhci-hcd.0.auto: Host supports USB 3.1 Enhanced SuperSpeed
[   13.621578] pci 0000:00:00.0: BAR 9: assigned [mem 0x60600000-0x607fffff 64bit pref]
[   13.628626] usb usb2: New USB device found, idVendor=1d6b, idProduct=0003, bcdDevice= 4.19
[   13.634594] pci 0000:00:00.0: BAR 0: assigned [mem 0x60800000-0x60800fff 64bit]
[   13.640241] usb usb2: New USB device strings: Mfr=3, Product=2, SerialNumber=1
[   13.640243] usb usb2: Product: xHCI Host Controller
[   13.640247] usb usb2: Manufacturer: Linux 4.19.81+ xhci-hcd
[   13.640250] usb usb2: SerialNumber: xhci-hcd.0.auto
[   13.644874] pci 0000:00:00.0: BAR 7: assigned [io  0x100000-0x100fff]
[   13.655674] hub 2-0:1.0: USB hub found
[   13.660537] pci 0000:01:00.0: BAR 0: assigned [mem 0x60300000-0x603fffff 64bit]
[   13.666869] hub 2-0:1.0: 1 port detected
[   13.673983] pci 0000:00:00.0: PCI bridge to [bus 01]
[   13.680249] usbcore: registered new interface driver usb-storage
[   13.687505] pci 0000:00:00.0:   bridge window [io  0x100000-0x100fff]
[   13.697966] usbcore: registered new interface driver usb_ehset_test
[   13.703398] pci 0000:00:00.0:   bridge window [mem 0x60300000-0x605fffff]
[   13.711669] usbcore: registered new interface driver lvs
[   13.720164] pci 0000:00:00.0:   bridge window [mem 0x60600000-0x607fffff 64bit pref]
[   13.729878] qpnp-pdphy c440000.qcom,spmi:qcom,pm8150b@2:qcom,usb-pdphy@1700: Linked as a consumer to regulator.10
[   13.904964] pci-msm-rc 0000:00:00.0: Linked as a consumer to 15000000.apps-smmu
[   13.913321] qpnp-pdphy c440000.qcom,spmi:qcom,pm8150b@2:qcom,usb-pdphy@1700: usbpd_create failed: -517
[   13.913605] iommu: Adding device 0000:00:00.0 to group 20
[   13.923438] qpnp-pdphy c440000.qcom,spmi:qcom,pm8150b@2:qcom,usb-pdphy@1700: Dropping the link to regulator.10
[   13.939599] msm_pcie_enumerate: PCIe: RC0: has already been enumerated.
[   13.940322] usbcore: registered new interface driver xpad
[   13.946601] cnss_pci 0000:01:00.0: Linked as a consumer to 15000000.apps-smmu
[   13.952118] usbcore: registered new interface driver usb_acecad
[   13.965589] usbcore: registered new interface driver aiptek
[   13.970272] iommu: Adding device 0000:01:00.0 to group 21
[   13.971398] usbcore: registered new interface driver gtco
[   13.977624] cnss: PCI is probing, vendor ID: 0x17cb, device ID: 0x1101
[   13.982545] usbcore: registered new interface driver hanwang
[   13.982552] cnss_pci 0000:01:00.0: assigned reserved memory node cnss_wlan_region
[   13.988483] usbcore: registered new interface driver kbtab
[   13.996108] cnss: CMA area is cnss_wlan_region
[   14.002394] cnss: Powerup is ignored
[   14.002421] qcom,haptics c440000.qcom,spmi:qcom,pm8150b@3:qcom,haptics@c000: parse device-tree failed, rc=-517
[   14.002649] cnss: Ramdump size 0x420000
[   14.012787] cnss2 b0000000.qcom,cnss-qca6390: for wlan segments only will be dumped.
[   14.014264] rtc-pm8xxx c440000.qcom,spmi:qcom,pm8150@0:qcom,pm8150_rtc: rtc core: registered pm8xxx_rtc as rtc0
[   14.021009] cnss: Initializing SMMU
[   14.031169] cnss: Enabling SMMU S1 stage
[   14.031175] cnss: smmu_iova_start: 0x00000000a0000000, smmu_iova_len: 0x10000000
[   14.031181] cnss: smmu_iova_ipa_start: 0x00000000b0000000, smmu_iova_ipa_len: 0x10000
[   14.031187] cnss: iommu_geometry: 0
[   14.031194] cnss: PCIe DRV is supported
[   14.031392] cnss_pci 0000:01:00.0: BAR 0: assigned [mem 0x60300000-0x603fffff 64bit]
[   14.031940] i2c /dev entries driver
[   14.039439] pci-msm-rc 0000:00:00.0: enabling device (0006 -> 0007)
[   14.044126] i2c_geni a84000.i2c: Bus frequency not specified, default to 400KHz.
[   14.049495] cnss_pci 0000:01:00.0: enabling device (0000 -> 0002)
[   14.059104] i2c_geni a94000.i2c: Bus frequency not specified, default to 400KHz.
[   14.063723] cnss: Config PCIe remap window register to 0x4000003f
[   14.071010] cnss: Read register offset 0x1f8031c, val = 0x6
[   14.071023] cnss: Write val 0x2 to register offset 0x1f8031c
[   14.072100] kona-pinctrl f000000.pinctrl: pin_config_group_set op failed for group 75
[   14.074227] cnss: MSI base data is 800
[   14.080161] lt9611 1-002b: Error applying setting, reverse things back
[   14.080421] lt9611_parse_dt: irq_gpio=1139
[   14.086896] cnss: BAR starts at 0x0000000060300000, len-100000
[   14.086903] cnss: Assign MSI to user: MHI, num_vectors: 3, user_base_data: 800, base_vector: 0
[   14.086908] lt9611_parse_dt: reset_gpio=1175
[   14.086908] cnss: Number of assigned MSI for MHI is 3, base vector is 0
[   14.086916] cnss: Get IRQ number 440 for vector index 0
[   14.086921] cnss: Get IRQ number 441 for vector index 1
[   14.086926] cnss: Get IRQ number 442 for vector index 2
[   14.086931] lt9611_parse_dt: hdmi ps gpio not specified
[   14.086957] lt9611_parse_dt: hdmi_en_gpio=1138
[   14.086961] lt9611_parse_dt: ac_mode=0
[   14.086964] lt9611_parse_dt: non_pluggable = 1
[   14.086984] lt9611_parse_dt_modes: mode[1280x720] h[1280,1390,1430,1650] v[720,725,730,750] 60 5 74250kHZ
[   14.087001] lt9611_parse_dt_modes: mode[1920x1080] h[1920,2008,2052,2200] v[1080,1084,1089,1125] 30 5 74250kHZ
[   14.087017] lt9611_parse_dt_modes: mode[1920x1080] h[1920,2008,2052,2200] v[1080,1084,1089,1125] 60 5 148500kHZ
[   14.087033] lt9611_parse_dt_modes: mode[3840x2160] h[3840,3928,3972,4132] v[2160,2168,2178,2250] 30 5 297000kHZ
[   14.087048] lt9611_parse_dt_modes: mode[3840x2160] h[3840,3928,3972,4132] v[2160,2168,2178,2250] 60 5 594000kHZ
[   14.087054] lt9611_get_dt_supply: no supply entry present
[   14.088940] cnss: Get device version info, family number: 0x4, device number: 0xa, major version: 0x2, minor version: 0x0
[   14.092629] cnss: FW name added with prefix: qca6390/amss20.bin
[   14.092634] cnss: FW name is qca6390/amss20.bin, FW fallback name is amss20.bin
[   14.092644] cnss: Get PCI link status register: 4114
[   14.092650] cnss: Default PCI link speed is 0x2, link width is 0x1
[   14.092661] cnss: Config PCIe remap window register to 0x4000003c
[   14.092672] cnss: Config PCIe remap window register to 0x4000003f
[   14.092688] cnss: Read register offset 0x1f8031c, val = 0x2
[   14.092699] cnss: Write val 0x3 to register offset 0x1f8031c
[   14.108323] cnss: Suspending PCI link
[   14.116326] lt9611_reset: reset: 1
[   14.190803] lt9611_read_device_id: LT9611 id: 0x1704
[   14.216824] msm_pcie_disable: PCIe: Assert the reset of endpoint of RC0.
[   14.225363] cnss: Regulator vdd-wlan-rfa2 is being disabled
[   14.225624] cnss: Regulator vdd-wlan-rfa1 is being disabled
[   14.225747] cnss: Regulator vdd-wlan-dig is being disabled
[   14.225868] cnss: Regulator vdd-wlan-aon is being disabled
[   14.225989] cnss: Regulator wlan-ant-switch is being disabled
[   14.226067] cnss: Regulator vdd-wlan-io is being disabled
[   14.226975] register_client_adhoc:find path.src 45 dest 512
[   14.231525] register_client_adhoc:Client handle 40 msm-cnss
[   14.241364] cnss: Platform driver probed successfully.
[   14.401806] lt9611_get_version: LT9611 revison: 0x42
[   14.407545] lt9611_probe: LT9611 works, no need to upgrade FW
[   14.425682] i2c_geni 884000.i2c: Bus frequency not specified, default to 400KHz.
[   14.432759] lt9611_irq_thread_handler: irq_thread_handler
[   14.435080] lt9611_irq_thread_handler: irq status 0x2
[   14.435750] lt9611_irq_thread_handler: irq hpd status 0x2
[   14.441476] PMIC@SID0: SMB1355 v1.1 options: 0, 0, 0, 0
[   14.447347] I2C PMIC: i2c_pmic_probe: I2C PMIC probe successful
[   14.459043] msm_cvp_v4l2 ab00000.qcom,cvp:cvp_non_secure_cb: Linked as a consumer to 15000000.apps-smmu
[   14.469758] iommu: Adding device ab00000.qcom,cvp:cvp_non_secure_cb to group 22
[   14.478341] msm_cvp_v4l2 ab00000.qcom,cvp:cvp_secure_nonpixel_cb: Linked as a consumer to 15000000.apps-smmu
[   14.489610] iommu: Adding device ab00000.qcom,cvp:cvp_secure_nonpixel_cb to group 23
[   14.498654] msm_cvp_v4l2 ab00000.qcom,cvp:cvp_secure_pixel_cb: Linked as a consumer to 15000000.apps-smmu
[   14.509528] iommu: Adding device ab00000.qcom,cvp:cvp_secure_pixel_cb to group 24
[   14.517860] platform ab00000.qcom,cvp:qcom,msm-cvp,mem_cdsp: assigned reserved memory node cdsp_region
[   14.529918] msm_npu 9900000.qcom,msm_npu: Linked as a consumer to 15000000.apps-smmu
[   14.538786] iommu: Adding device 9900000.qcom,msm_npu to group 25
[   14.545758] NPU_INFO: npu_probe: 2505 unable to get qfprom_physical resource
[   14.553286] msm_npu 9900000.qcom,msm_npu: Linked as a consumer to regulator.93
[   14.560878] msm_npu 9900000.qcom,msm_npu: Linked as a consumer to regulator.4
[   14.569292] register_client_adhoc:find path.src 154 dest 512
[   14.570315] register_client_adhoc:find path.src 154 dest 620
[   14.577393] register_client_adhoc:Client handle 41 9900000.qcom,msm_npu
[   14.583228] NPU_INFO: npu_parse_dt_bw: 1832 NPU BW client sets up successfully
[   14.603334] synx: synx device init start
[   14.608128] synx: synx device init success
[   14.612514] usbcore: registered new interface driver uvcvideo
[   14.618429] USB Video Class driver (1.1.1)
[   14.624848] Couldn't parse device tree rc=-517
[   14.647016] SMB1355: smb1355_probe: smb1355 probed successfully pl_mode=USBMID-USBMID batfet_mode=NON-STACKED_BATFET
[   14.686060] FG: fg_gen4_probe: battery SOC:80 voltage: 4267567uV temp: 587 id: 49900 ohms
[   14.695432] of_batterydata_get_best_profile: No battery data found
[   14.701823] FG: fg_gen4_get_batt_profile: couldn't find profile handle
[   14.708665] FG: profile_load_work: profile for batt_id=49KOhms not found..using OTP, rc:-61
[   14.724334] FG: fg_psy_get_property: unsupported property 4
[   14.732489] msm_lmh_dcvs 18591000.qcom,cpufreq-hw:qcom,limits-dcvs: Linked as a consumer to regulator.22
[   14.742430] msm_lmh_dcvs 18591000.qcom,cpufreq-hw:qcom,limits-dcvs: Linked as a consumer to regulator.14
[   14.758033] device-mapper: uevent: version 1.0.3
[   14.763628] device-mapper: ioctl: 4.39.0-ioctl (2018-04-03) initialised: dm-devel@redhat.com
[   14.774093] bt_power_populate_dt_pinfo: bt_power_populate_dt_pinfo: getting wl-reset-gpio 
[   14.782682] bt_dt_parse_vreg_info: qca,bt-vdd-core: is not provided in device tree
[   14.790546] bt_dt_parse_vreg_info: qca,bt-vdd-io: is not provided in device tree
[   14.798193] bt_dt_parse_vreg_info: qca,bt-vdd-xtal: is not provided in device tree
[   14.805987] bt_dt_parse_vreg_info: qca,bt-vdd-pa: is not provided in device tree
[   14.813621] bt_dt_parse_vreg_info: qca,bt-vdd-ldo: is not provided in device tree
[   14.821326] bt_dt_parse_vreg_info: qca,bt-chip-pwd: is not provided in device tree
[   14.829229] bt_dt_parse_clk_info: clocks is not provided in device tree
[   14.837950] EDAC DEVICE0: Giving out device to module soc:kryo-erp controller cache: DEV soc:kryo-erp (INTERRUPT)
[   14.850199] qcom_llcc_edac qcom_llcc_edac: No ECC IRQ; defaulting to polling mode
[   14.858029] EDAC DEVICE1: Giving out device to module qcom_llcc_edac controller llcc: DEV qcom_llcc_edac (POLLED)
[   14.870141] sdhci: Secure Digital Host Controller Interface driver
[   14.876516] sdhci: Copyright(c) Pierre Ossman
[   14.881014] sdhci-pltfm: SDHCI platform and OF driver helper
[   14.891264] sdhci_msm 8804000.sdhci: sdhci_msm_get_ice_device_vops: ICE device is not enabled
[   14.891344] usbcore: registered new interface driver usbhid
[   14.902716] sdhci_msm 8804000.sdhci: core_reset unavailable,err = -2
[   14.906724] usbhid: USB HID core driver
[   14.912591] sdhci_msm 8804000.sdhci: Reset data parsing error
[   14.916569] msm-dwc3 a800000.ssusb: DWC3 in low power mode
[   14.922978] register_client_adhoc:find path.src 81 dest 512
[   14.923456] ashmem: initialized
[   14.923461] ipa_ut ipa_ut_module_init:1034 Loading IPA test module...
[   14.924613] bimc-bwmon 90b6400.qcom,cpu-cpu-llcc-bwmon: BW HWmon governor registered.
[   14.924772] bimc-bwmon 9091000.qcom,cpu-llcc-ddr-bwmon: BW HWmon governor registered.
[   14.961705] register_client_adhoc:find path.src 1 dest 608
[   14.962742] register_client_adhoc:Client handle 42 sdhc2
[   14.968871] bimc-bwmon 60400.qcom,npu-npu-llcc-bwmon: BW HWmon governor registered.
[   14.969666] sdhci_msm 8804000.sdhci: Linked as a consumer to regulator.45
[   14.989451] bimc-bwmon 9093000.qcom,npu-llcc-ddr-bwmon: BW HWmon governor registered.
[   14.989489] sdhci_msm 8804000.sdhci: Linked as a consumer to regulator.42
[   15.005122] bimc-bwmon 70300.qcom,npudsp-npu-ddr-bwmon: BW HWmon governor registered.
[   15.015648] arm-memlat-mon soc:qcom,cpu0-cpugrp:qcom,cpu0-cpu-l3-latmon: Memory Latency governor registered.
[   15.026310] arm-memlat-mon soc:qcom,cpu0-cpugrp:qcom,cpu0-cpu-llcc-latmon: Memory Latency governor registered.
[   15.028361] mmc0: SDHCI controller on 8804000.sdhci [8804000.sdhci] using 64-bit ADMA in legacy mode
[   15.037066] arm-memlat-mon soc:qcom,cpu0-cpugrp:qcom,cpu0-llcc-ddr-latmon: Memory Latency governor registered.
[   15.056908] arm-memlat-mon soc:qcom,cpu4-cpugrp:qcom,cpu4-cpu-l3-latmon: Memory Latency governor registered.
[   15.067607] arm-memlat-mon soc:qcom,cpu4-cpugrp:qcom,cpu7-cpu-l3-latmon: Memory Latency governor registered.
[   15.078197] arm-memlat-mon soc:qcom,cpu4-cpugrp:qcom,cpu4-cpu-llcc-latmon: Memory Latency governor registered.
[   15.088958] arm-memlat-mon soc:qcom,cpu4-cpugrp:qcom,cpu4-llcc-ddr-latmon: Memory Latency governor registered.
[   15.099705] arm-memlat-mon soc:qcom,cpu4-cpugrp:qcom,cpu4-computemon: Compute governor registered.
[   15.109433] arm-memlat-mon soc:qcom,cpu4-cpugrp:qcom,cpu4-qoslatmon: Memory Latency governor registered.
[   15.121195] register_client_adhoc:find path.src 1 dest 627
[   15.122205] register_client_adhoc:Client handle 43 soc:qcom,snoc_cnoc_keepalive
[   15.129751] register_client_adhoc:find path.src 1 dest 770
[   15.137631] register_client_adhoc:Client handle 44 soc:qcom,cpu-cpu-llcc-bw
[   15.145854] register_client_adhoc:find path.src 129 dest 512
[   15.153358] register_client_adhoc:Client handle 45 soc:qcom,cpu-llcc-ddr-bw
[   15.161238] register_client_adhoc:find path.src 154 dest 770
[   15.169012] register_client_adhoc:Client handle 46 soc:qcom,npu-npu-llcc-bw
[   15.177283] register_client_adhoc:find path.src 770 dest 512
[   15.184928] register_client_adhoc:Client handle 47 soc:qcom,npu-llcc-ddr-bw
[   15.193163] register_client_adhoc:find path.src 154 dest 512
[   15.201232] register_client_adhoc:Client handle 48 soc:qcom,npudsp-npu-ddr-bw
[   15.209520] register_client_adhoc:find path.src 154 dest 512
[   15.217791] register_client_adhoc:Client handle 49 soc:qcom,npu-npu-ddr-latfloor
[   15.225066] register_client_adhoc:find path.src 1 dest 770
[   15.233011] register_client_adhoc:Client handle 51 soc:qcom,cpu0-cpu-llcc-lat
[   15.240238] register_client_adhoc:find path.src 1 dest 770
[   15.247889] register_client_adhoc:Client handle 50 soc:qcom,cpu4-cpu-llcc-lat
[   15.255777] register_client_adhoc:find path.src 129 dest 512
[   15.263433] register_client_adhoc:Client handle 52 soc:qcom,cpu0-llcc-ddr-lat
[   15.271511] register_client_adhoc:find path.src 129 dest 512
[   15.279180] register_client_adhoc:Client handle 53 soc:qcom,cpu4-llcc-ddr-lat
[   15.287239] register_client_adhoc:find path.src 129 dest 512
[   15.294926] register_client_adhoc:Client handle 54 soc:qcom,cpu4-cpu-ddr-latfloor
[   15.303665] register_client_adhoc:find path.src 26 dest 512
[   15.312044] register_client_adhoc:Client handle 55 soc:qcom,gpubw
[   15.321312] iio_device_alloc:1449, ACHEUL, size: 376
[   15.327597] iio_device_alloc:1459, ACHEUL, real size: 2551
[   15.332745] iio_device_alloc:1466, ACHEUL pointer OK
[   15.338406] iio_device_alloc:1476, ACHEUL
[   15.343550] iio_device_alloc:1484, ACHEUL
[   15.347696] iio_device_alloc:1487, ACHEUL
[   15.351852] iio_device_alloc:1490, ACHEUL out
[   15.357027] iio_device_alloc:1449, ACHEUL, size: 376
[   15.361530] iio_device_alloc:1459, ACHEUL, real size: 2551
[   15.365966] lt9611_irq_thread_handler: irq_thread_handler
[   15.366660] iio_device_alloc:1466, ACHEUL pointer OK
[   15.372376] iio_device_alloc:1476, ACHEUL
[   15.374726] lt9611_irq_thread_handler: irq status 0x1
[   15.377498] iio_device_alloc:1484, ACHEUL
[   15.377507] iio_device_alloc:1487, ACHEUL
[   15.377509] iio_device_alloc:1490, ACHEUL out
[   15.378765] iio_device_alloc:1449, ACHEUL, size: 376
[   15.382352] lt9611_irq_thread_handler: irq hpd status 0x3
[   15.385829] iio_device_alloc:1459, ACHEUL, real size: 2551
[   15.385834] iio_device_alloc:1466, ACHEUL pointer OK
[   15.385837] iio_device_alloc:1476, ACHEUL
[   15.385840] iio_device_alloc:1484, ACHEUL
[   15.385845] iio_device_alloc:1487, ACHEUL
[   15.385848] iio_device_alloc:1490, ACHEUL out
[   15.425058] qcom-llcc-pmu 9095000.llcc-pmu: Registered llcc_pmu, type: 9
[   15.437986] coresight-tmc 6048000.tmc: Linked as a consumer to 15000000.apps-smmu
[   15.446649] iommu: Adding device 6048000.tmc to group 26
[   15.456103] coresight-funnel 6902000.funnel: Linked as a consumer to regulator.69
[   15.463972] coresight-funnel 6902000.funnel: Linked as a consumer to regulator.70
[   15.482088] coresight-funnel 6c44000.funnel: Linked as a consumer to regulator.93
[   15.489931] coresight-funnel 6c44000.funnel: Linked as a consumer to regulator.4
[   15.504659] coresight-etm4x 7040000.etm: CPU0: ETM v0.4 initialized
[   15.511130] coresight-etm4x 7040000.etm: CPU0: (null) initialized
[   15.518540] coresight-etm4x 7140000.etm: CPU1: ETM v0.4 initialized
[   15.524995] coresight-etm4x 7140000.etm: CPU1: (null) initialized
[   15.532415] coresight-etm4x 7240000.etm: CPU2: ETM v0.4 initialized
[   15.538869] coresight-etm4x 7240000.etm: CPU2: (null) initialized
[   15.546272] coresight-etm4x 7340000.etm: CPU3: ETM v0.4 initialized
[   15.552745] coresight-etm4x 7340000.etm: CPU3: (null) initialized
[   15.560140] coresight-etm4x 7440000.etm: CPU4: ETM v0.4 initialized
[   15.566595] coresight-etm4x 7440000.etm: CPU4: (null) initialized
[   15.574067] coresight-etm4x 7540000.etm: CPU5: ETM v0.4 initialized
[   15.580523] coresight-etm4x 7540000.etm: CPU5: (null) initialized
[   15.587915] coresight-etm4x 7640000.etm: CPU6: ETM v0.4 initialized
[   15.594387] coresight-etm4x 7640000.etm: CPU6: (null) initialized
[   15.601787] coresight-etm4x 7740000.etm: CPU7: ETM v0.4 initialized
[   15.608250] coresight-etm4x 7740000.etm: CPU7: (null) initialized
[   15.616757] coresight-stm 6002000.stm: stm_register_device failed, probing deffered
[   15.624920] OF: graph: no port node found in /soc/cti@78e0000
[   15.631218] OF: graph: no port node found in /soc/cti@78f0000
[   15.637484] OF: graph: no port node found in /soc/cti@7900000
[   15.643767] OF: graph: no port node found in /soc/cti@6e01000
[   15.650030] OF: graph: no port node found in /soc/cti@6e02000
[   15.656334] OF: graph: no port node found in /soc/cti@6e03000
[   15.662598] OF: graph: no port node found in /soc/cti@6e0c000
[   15.668869] OF: graph: no port node found in /soc/cti@6e0d000
[   15.675210] OF: graph: no port node found in /soc/cti@6e0e000
[   15.681500] OF: graph: no port node found in /soc/cti@6e11000
[   15.687771] OF: graph: no port node found in /soc/cti@6e21000
[   15.694098] OF: graph: no port node found in /soc/cti@6c09000
[   15.700386] OF: graph: no port node found in /soc/cti@6c0a000
[   15.706683] OF: graph: no port node found in /soc/cti@6c2a000
[   15.713007] OF: graph: no port node found in /soc/cti@6c2b000
[   15.719271] OF: graph: no port node found in /soc/cti@6c2c000
[   15.725559] OF: graph: no port node found in /soc/cti@6010000
[   15.731881] OF: graph: no port node found in /soc/cti@6011000
[   15.738286] OF: graph: no port node found in /soc/cti@6012000
[   15.744616] OF: graph: no port node found in /soc/cti@6013000
[   15.750912] OF: graph: no port node found in /soc/cti@6014000
[   15.757240] OF: graph: no port node found in /soc/cti@6015000
[   15.763551] OF: graph: no port node found in /soc/cti@6016000
[   15.769847] OF: graph: no port node found in /soc/cti@6017000
[   15.776176] OF: graph: no port node found in /soc/cti@6018000
[   15.782471] OF: graph: no port node found in /soc/cti@6019000
[   15.788799] OF: graph: no port node found in /soc/cti@601a000
[   15.795102] OF: graph: no port node found in /soc/cti@601b000
[   15.801406] OF: graph: no port node found in /soc/cti@601c000
[   15.807711] OF: graph: no port node found in /soc/cti@601d000
[   15.814040] OF: graph: no port node found in /soc/cti@601e000
[   15.820381] OF: graph: no port node found in /soc/cti@601f000
[   15.826683] OF: graph: no port node found in /soc/cti@7020000
[   15.833017] OF: graph: no port node found in /soc/cti@7120000
[   15.839325] OF: graph: no port node found in /soc/cti@7220000
[   15.845613] OF: graph: no port node found in /soc/cti@7320000
[   15.851950] OF: graph: no port node found in /soc/cti@7420000
[   15.858260] OF: graph: no port node found in /soc/cti@7520000
[   15.864593] OF: graph: no port node found in /soc/cti@7620000
[   15.870935] OF: graph: no port node found in /soc/cti@7720000
[   15.877276] OF: graph: no port node found in /soc/cti@6831000
[   15.883601] OF: graph: no port node found in /soc/cti@6845000
[   15.889942] OF: graph: no port node found in /soc/cti@6c61000
[   15.896241] OF: graph: no port node found in /soc/cti@6c42000
[   15.902556] OF: graph: no port node found in /soc/cti@6c43000
[   15.908892] OF: graph: no port node found in /soc/cti@6c4b000
[   15.915179] OF: graph: no port node found in /soc/cti@6b00000
[   15.921499] OF: graph: no port node found in /soc/cti@6b01000
[   15.927817] OF: graph: no port node found in /soc/cti@6b02000
[   15.934142] OF: graph: no port node found in /soc/cti@6b03000
[   15.940483] OF: graph: no port node found in /soc/cti@6982000
[   15.946789] OF: graph: no port node found in /soc/cti@698b000
[   15.953122] OF: graph: no port node found in /soc/cti@6c38000
[   15.966269] coresight-tpdm 6900000.tpdm: Linked as a consumer to regulator.69
[   15.973804] coresight-tpdm 6900000.tpdm: Linked as a consumer to regulator.70
[   15.982499] qcom_rpmh DRV:apps_rsc TCS Busy, retrying RPMH message send: addr=0x30050
[   15.990917] qcom_rpmh DRV:apps_rsc TCS Busy, retrying RPMH message send: addr=0x30050
[   16.006695] coresight-tpdm 6c47000.tpdm: Linked as a consumer to regulator.93
[   16.014224] coresight-tpdm 6c47000.tpdm: Linked as a consumer to regulator.4
[   16.023071] coresight-tpdm 6c40000.tpdm: Linked as a consumer to regulator.93
[   16.030567] coresight-tpdm 6c40000.tpdm: Linked as a consumer to regulator.4
[   16.039609] coresight-tpdm 6c41000.tpdm: Linked as a consumer to regulator.93
[   16.047128] coresight-tpdm 6c41000.tpdm: Linked as a consumer to regulator.4
[   16.070517] OF: graph: no port node found in /soc/csr@6001000
[   16.076653] coresight-csr 6001000.csr: CSR initialized: coresight-csr
[   16.083407] OF: graph: no port node found in /soc/csr@6b0c000
[   16.089591] coresight-csr 6b0c000.csr: CSR initialized: coresight-swao-csr
[   16.097595] OF: graph: no port node found in /soc/hwevent
[   16.103369] coresight-hwevent soc:hwevent: Hardware Event driver initialized
[   16.111662] coresight-dummy soc:dummy_sink: Dummy device initialized
[   16.118821] coresight-dummy soc:tpdm@6b26000: Dummy device initialized
[   16.127089] coresight-remote-etm soc:turing_etm0: Remote ETM initialized
[   16.134695] coresight-remote-etm soc:audio_etm0: Remote ETM initialized
[   16.142231] coresight-remote-etm soc:ssc_etm0: Remote ETM initialized
[   16.149602] coresight-remote-etm soc:npu_etm0: Remote ETM initialized
[   16.156735] OF: graph: no port node found in /soc/tgu@6b0b000
[   16.164187] BUG: key ffffffcf9f1c4340 not in .data!
[   16.169295] BUG: key ffffffcf9f1c5c40 not in .data!
[   16.176856] usbcore: registered new interface driver snd-usb-audio
[   16.183832] uaudio-qmi soc:usb_audio_qmi_dev: Linked as a consumer to 15000000.apps-smmu
[   16.192313] iommu: Adding device soc:usb_audio_qmi_dev to group 27
[   16.205981] synx: registered bind ops for cam_sync
[   16.212205] msm_cam_smmu soc:qcom,cam_smmu:msm_cam_smmu_ife: Linked as a consumer to 15000000.apps-smmu
[   16.222778] iommu: Adding device soc:qcom,cam_smmu:msm_cam_smmu_ife to group 28
[   16.231423] msm_cam_smmu soc:qcom,cam_smmu:msm_cam_smmu_jpeg: Linked as a consumer to 15000000.apps-smmu
[   16.241950] iommu: Adding device soc:qcom,cam_smmu:msm_cam_smmu_jpeg to group 29
[   16.250269] platform soc:qcom,cam_smmu:msm_cam_icp_fw: assigned reserved memory node pil_camera_region@86200000
[   16.261791] msm_cam_smmu soc:qcom,cam_smmu:msm_cam_smmu_icp: Linked as a consumer to 15000000.apps-smmu
[   16.272235] iommu: Adding device soc:qcom,cam_smmu:msm_cam_smmu_icp to group 30
[   16.280346] CAM_INFO: CAM-SMMU: cam_smmu_get_memory_regions_info: 3730 [icp] : Discard region specified [0xdff00000 0xe0200000] in [0x10c00000 0xfef00000]
[   16.295149] msm_cam_smmu soc:qcom,cam_smmu:msm_cam_smmu_cpas_cdm: Linked as a consumer to 15000000.apps-smmu
[   16.306114] iommu: Adding device soc:qcom,cam_smmu:msm_cam_smmu_cpas_cdm to group 31
[   16.315613] msm_cam_smmu soc:qcom,cam_smmu:msm_cam_smmu_fd: Linked as a consumer to 15000000.apps-smmu
[   16.326023] iommu: Adding device soc:qcom,cam_smmu:msm_cam_smmu_fd to group 32
[   16.335826] cam-cpas ac40000.qcom,cam-cpas: Linked as a consumer to regulator.91
[   16.344898] register_client_adhoc:find path.src 1 dest 589
[   16.345923] register_client_adhoc:Client handle 56 cam_ahb
[   16.351835] register_client_adhoc:find path.src 170 dest 512
[   16.358485] register_client_adhoc:Client handle 57 cam_hf_0_mnoc
[   16.364544] register_client_adhoc:find path.src 137 dest 512
[   16.371765] register_client_adhoc:Client handle 58 cam_sf_0_mnoc
[   16.377809] register_client_adhoc:find path.src 171 dest 512
[   16.385024] register_client_adhoc:Client handle 59 cam_sf_icp_mnoc
[   16.397324] msm_cam_cdm ac4d000.qcom,cpas-cdm0: Linked as a consumer to regulator.91
[   16.415751] csid_17x acb5200.qcom,csid0: Linked as a consumer to regulator.91
[   16.423308] csid_17x acb5200.qcom,csid0: Linked as a consumer to regulator.87
[   16.431359] csid_17x acc4200.qcom,csid1: Linked as a consumer to regulator.91
[   16.438885] csid_17x acc4200.qcom,csid1: Linked as a consumer to regulator.88
[   16.447592] csid_lite acd9200.qcom,csid-lite0: Linked as a consumer to regulator.91
[   16.456151] csid_lite acdb400.qcom,csid-lite1: Linked as a consumer to regulator.91
[   16.465401] cam_vfe acb4000.qcom,ife0: Linked as a consumer to regulator.91
[   16.472771] cam_vfe acb4000.qcom,ife0: Linked as a consumer to regulator.87
[   16.483367] CAM_INFO: CAM-ISP: cam_vfe_bus_ver3_init_hw: 3649 Overriding clock gating at bus input
[   16.492609] CAM_INFO: CAM-ISP: cam_vfe_top_ver3_init_hw: 249 Disable clock gating at IFE top
[   16.502807] cam_vfe acc3000.qcom,ife1: Linked as a consumer to regulator.91
[   16.510161] cam_vfe acc3000.qcom,ife1: Linked as a consumer to regulator.88
[   16.519618] CAM_INFO: CAM-ISP: cam_vfe_bus_ver3_init_hw: 3649 Overriding clock gating at bus input
[   16.528857] CAM_INFO: CAM-ISP: cam_vfe_top_ver3_init_hw: 249 Disable clock gating at IFE top
[   16.538772] CAM_INFO: CAM-UTIL: cam_soc_util_get_option_clk_by_name: 559 No clk data for ife_dsp_clk
[   16.548176] CAM_WARN: CAM-ISP: cam_vfe_init_soc_resources: 154 Option clk get failed with rc -22
[   16.557431] cam_vfe acd9000.qcom,ife-lite0: Linked as a consumer to regulator.91
[   16.566626] CAM_INFO: CAM-ISP: cam_vfe_bus_ver3_init_hw: 3649 Overriding clock gating at bus input
[   16.575864] CAM_INFO: CAM-ISP: cam_vfe_top_ver3_init_hw: 249 Disable clock gating at IFE top
[   16.585648] CAM_INFO: CAM-UTIL: cam_soc_util_get_option_clk_by_name: 559 No clk data for ife_dsp_clk
[   16.595067] CAM_WARN: CAM-ISP: cam_vfe_init_soc_resources: 154 Option clk get failed with rc -22
[   16.604332] cam_vfe acdb200.qcom,ife-lite1: Linked as a consumer to regulator.91
[   16.613612] CAM_INFO: CAM-ISP: cam_vfe_bus_ver3_init_hw: 3649 Overriding clock gating at bus input
[   16.622833] CAM_INFO: CAM-ISP: cam_vfe_top_ver3_init_hw: 249 Disable clock gating at IFE top
[   16.633863] CAM_ERR: CAM-ISP: cam_isp_context_debug_register: 5361 failed to create dentry
[   16.642397] CAM_ERR: CAM-ISP: cam_isp_context_debug_register: 5361 failed to create dentry
[   16.650938] CAM_ERR: CAM-ISP: cam_isp_context_debug_register: 5361 failed to create dentry
[   16.659463] CAM_ERR: CAM-ISP: cam_isp_context_debug_register: 5361 failed to create dentry
[   16.667988] CAM_ERR: CAM-ISP: cam_isp_context_debug_register: 5361 failed to create dentry
[   16.676529] CAM_ERR: CAM-ISP: cam_isp_context_debug_register: 5361 failed to create dentry
[   16.685084] CAM_ERR: CAM-ISP: cam_isp_context_debug_register: 5361 failed to create dentry
[   16.693611] CAM_INFO: CAM-ISP: cam_isp_dev_probe: 167 Camera ISP probe complete
[   16.702136] CAM_INFO: CAM: cam_res_mgr_probe: 682 Disable shared gpio support.
[   16.711052] cam-cci-driver ac4f000.qcom,cci: Linked as a consumer to regulator.91
[   16.725044] CAM_INFO: CAM-CCI: cam_cci_platform_probe: 454 Device Type :0
[   16.732989] cam-cci-driver ac50000.qcom,cci: Linked as a consumer to regulator.91
[   16.745591] CAM_INFO: CAM-CCI: cam_cci_platform_probe: 454 Device Type :1
[   16.753640] cam-csiphy-driver ac6a000.qcom,csiphy: Linked as a consumer to regulator.91
[   16.762038] cam-csiphy-driver ac6a000.qcom,csiphy: Linked as a consumer to regulator.58
[   16.770742] cam-csiphy-driver ac6c000.qcom,csiphy: Linked as a consumer to regulator.91
[   16.779151] cam-csiphy-driver ac6c000.qcom,csiphy: Linked as a consumer to regulator.58
[   16.787893] cam-csiphy-driver ac6e000.qcom,csiphy: Linked as a consumer to regulator.91
[   16.796304] cam-csiphy-driver ac6e000.qcom,csiphy: Linked as a consumer to regulator.58
[   16.805020] cam-csiphy-driver ac70000.qcom,csiphy: Linked as a consumer to regulator.91
[   16.813462] cam-csiphy-driver ac70000.qcom,csiphy: Linked as a consumer to regulator.58
[   16.822157] cam-csiphy-driver ac72000.qcom,csiphy: Linked as a consumer to regulator.91
[   16.830571] cam-csiphy-driver ac72000.qcom,csiphy: Linked as a consumer to regulator.58
[   16.839277] cam-csiphy-driver ac74000.qcom,csiphy: Linked as a consumer to regulator.91
[   16.847689] cam-csiphy-driver ac74000.qcom,csiphy: Linked as a consumer to regulator.58
[   16.857184] CAM_INFO: CAM-ACTUATOR: cam_actuator_parse_dt: 60 No GPIO found
[   16.864455] CAM_INFO: CAM-ACTUATOR: cam_actuator_parse_dt: 60 No GPIO found
