[    0.000000] Booting Linux on physical CPU 0x0000000000 [0x51df805e]
[    0.000000] Linux version 4.19.81+ (turbox@71bef421e975) (clang version 8.0.12 for Android NDK) #1 SMP PREEMPT Fri Jan 12 06:42:14 CST 2024
[    0.000000] Machine model: Qualcomm Technologies, Inc. kona MTP
[    0.000000] earlycon: msm_geni_serial0 at MMIO 0x0000000000a90000 (options '')
[    0.000000] bootconsole [msm_geni_serial0] enabled
[    0.000000] efi: Getting EFI parameters from FDT:
[    0.000000] efi: UEFI not found.
[    0.000000] Memory limit set/overridden to 6072MB
[    0.000000] OF: reserved mem: OVERLAP DETECTED!\x0adisp_rdump_region@9c000000 (0x000000009c000000--0x000000009c800000) overlaps with cont_splash_region@9c000000 (0x000000009c000000--0x000000009e300000)
[    0.000000] Reserved memory: created CMA memory pool at 0x00000000fe800000, size 20 MiB
[    0.000000] OF: reserved mem: initialized node qseecom_region, compatible id shared-dma-pool
[    0.000000] Reserved memory: created CMA memory pool at 0x00000000fc000000, size 40 MiB
[    0.000000] OF: reserved mem: initialized node mem_dump_region, compatible id shared-dma-pool
[    0.000000] Reserved memory: created CMA memory pool at 0x00000000f1c00000, size 164 MiB
[    0.000000] OF: reserved mem: initialized node secure_display_region, compatible id shared-dma-pool
[    0.000000] Reserved memory: created CMA memory pool at 0x00000000f0800000, size 20 MiB
[    0.000000] OF: reserved mem: initialized node cnss_wlan_region, compatible id shared-dma-pool
[    0.000000] Reserved memory: created CMA memory pool at 0x00000000efc00000, size 12 MiB
[    0.000000] OF: reserved mem: initialized node adsp_region, compatible id shared-dma-pool
[    0.000000] Reserved memory: created CMA memory pool at 0x00000000edc00000, size 32 MiB
[    0.000000] OF: reserved mem: initialized node linux,cma, compatible id shared-dma-pool
[    0.000000] Reserved memory: created DMA memory pool at 0x00000000ffc00000, size 0 MiB
[    0.000000] OF: reserved mem: initialized node mailbox_region, compatible id shared-dma-pool
[    0.000000] Reserved memory: created CMA memory pool at 0x00000000ecc00000, size 16 MiB
[    0.000000] OF: reserved mem: initialized node user_contig_region, compatible id shared-dma-pool
[    0.000000] Reserved memory: created CMA memory pool at 0x00000000ebc00000, size 16 MiB
[    0.000000] OF: reserved mem: initialized node qseecom_ta_region, compatible id shared-dma-pool
[    0.000000] Reserved memory: created CMA memory pool at 0x00000000eb800000, size 4 MiB
[    0.000000] OF: reserved mem: initialized node cdsp_region, compatible id shared-dma-pool
[    0.000000] Reserved memory: created CMA memory pool at 0x00000000ea800000, size 16 MiB
[    0.000000] OF: reserved mem: initialized node sp_region, compatible id shared-dma-pool
[    0.000000] Reserved memory: created CMA memory pool at 0x00000000ea000000, size 8 MiB
[    0.000000] OF: reserved mem: initialized node sdsp_region, compatible id shared-dma-pool
[    0.000000] Removed memory: created DMA memory pool at 0x0000000086200000, size 5 MiB
[    0.000000] OF: reserved mem: initialized node pil_camera_region@86200000, compatible id removed-dma-pool
[    0.000000] Removed memory: created DMA memory pool at 0x0000000086700000, size 1 MiB
[    0.000000] OF: reserved mem: initialized node pil_wlan_fw_region@86700000, compatible id removed-dma-pool
[    0.000000] Removed memory: created DMA memory pool at 0x0000000086800000, size 0 MiB
[    0.000000] OF: reserved mem: initialized node pil_ipa_fw_region@86800000, compatible id removed-dma-pool
[    0.000000] Removed memory: created DMA memory pool at 0x0000000086810000, size 0 MiB
[    0.000000] OF: reserved mem: initialized node pil_ipa_gsi_region@86810000, compatible id removed-dma-pool
[    0.000000] Removed memory: created DMA memory pool at 0x000000008681a000, size 0 MiB
[    0.000000] OF: reserved mem: initialized node pil_gpu_region@8681a000, compatible id removed-dma-pool
[    0.000000] Removed memory: created DMA memory pool at 0x0000000086900000, size 5 MiB
[    0.000000] OF: reserved mem: initialized node pil_npu_region@86900000, compatible id removed-dma-pool
[    0.000000] Removed memory: created DMA memory pool at 0x0000000086e00000, size 5 MiB
[    0.000000] OF: reserved mem: initialized node pil_video_region@86e00000, compatible id removed-dma-pool
[    0.000000] Removed memory: created DMA memory pool at 0x0000000087300000, size 5 MiB
[    0.000000] OF: reserved mem: initialized node pil_cvp_region@87300000, compatible id removed-dma-pool
[    0.000000] Removed memory: created DMA memory pool at 0x0000000087800000, size 20 MiB
[    0.000000] OF: reserved mem: initialized node pil_cdsp_region@87800000, compatible id removed-dma-pool
[    0.000000] Removed memory: created DMA memory pool at 0x0000000088c00000, size 21 MiB
[    0.000000] OF: reserved mem: initialized node pil_slpi_region@88c00000, compatible id removed-dma-pool
[    0.000000] Removed memory: created DMA memory pool at 0x000000008a100000, size 29 MiB
[    0.000000] OF: reserved mem: initialized node pil_adsp_region@8a100000, compatible id removed-dma-pool
[    0.000000] Removed memory: created DMA memory pool at 0x000000008be00000, size 1 MiB
[    0.000000] OF: reserved mem: initialized node pil_spss_region@8be00000, compatible id removed-dma-pool
[    0.000000] Removed memory: created DMA memory pool at 0x000000008bf00000, size 70 MiB
[    0.000000] OF: reserved mem: initialized node cdsp_secure_heap@8bf00000, compatible id removed-dma-pool
[    0.000000] cma: dma_contiguous_reserve(limit 1000000000000)
[    0.000000] On node 0 totalpages: 1489220
[    0.000000] Normal zone: 24552 pages used for memmap
[    0.000000] Normal zone: 0 pages reserved
[    0.000000] Normal zone: 1489220 pages, LIFO batch:63
[    0.000000] psci: probing for conduit method from DT.
[    0.000000] psci: PSCIv1.1 detected in firmware.
[    0.000000] psci: Using standard PSCI v0.2 function IDs
[    0.000000] psci: MIGRATE_INFO_TYPE not supported.
[    0.000000] psci: SMC Calling Convention v1.1
[    0.000000] random: fast init done
[    0.000000] random: get_random_bytes called from start_kernel+0x98/0x53c with crng_init=1
[    0.000000] percpu: Embedded 474 pages/cpu s1902752 r8192 d30560 u1941504
[    0.000000] pcpu-alloc: s1902752 r8192 d30560 u1941504 alloc=474*4096
[    0.000000] pcpu-alloc: [0] 0 [0] 1 [0] 2 [0] 3 [0] 4 [0] 5 [0] 6 [0] 7 
[    0.000000] Detected VIPT I-cache on CPU0
[    0.000000] CPU features: kernel page table isolation disabled by kernel configuration
[    0.000000] CPU features: detected: Speculative Store Bypassing Safe (SSBS)
[    0.000000] Built 1 zonelists, mobility grouping on.  Total pages: 1464668
[    0.000000] Kernel command line: rcupdate.rcu_expedited=1 rcu_nocbs=0-7 console=ttyMSM0,115200n8 earlycon=msm_geni_serial,0xa90000 androidboot.hardware=qcom androidboot.console=ttyMSM0 androidboot.memcg=1 lpm_levels.sleep_disabled=1 video=vfb:640x400,bpp=32,memsize=3072000 msm_rtb.filter=0x237 service_locator.enable=1 androidboot.usbcontroller=a600000.dwc3 swiotlb=2048 loop.max_part=7 cgroup.memory=nokmem,nosocket reboot=panic_warm buildvariant=userdebug androidboot.verifiedbootstate=orange androidboot.keymaster=1 androidboot.vbmeta.device=PARTUUID=33db08f4-2157-6b4f-1f6a-9833112442c6 androidboot.vbmeta.avb_version=1.0 androidboot.vbmeta.device_state=unlocked androidboot.vbmeta.hash_alg=sha256 androidboot.vbmeta.size=6272 androidboot.vbmeta.digest=a80222ef334174dfe91154139ea2002146383ac61479ee81b026e37f5ddd2d62 androidboot.veritymode=disabled androidboot.bootdevice=1d84000.ufshc androidboot.boot_devices=soc/1d84000.ufshc androidboot.serialno=ZTS15S13003J androidboot.wifimac=F074E424551B
[    0.000000] log_buf_len individual max cpu contribution: 131072 bytes
[    0.000000] log_buf_len total cpu_extra contributions: 917504 bytes
[    0.000000] log_buf_len min size: 131072 bytes
[    0.000000] log_buf_len: 1048576 bytes
[    0.000000] early log buf free: 122972(93%)
[    0.000000] Dentry cache hash table entries: 1048576 (order: 11, 8388608 bytes)
[    0.000000] Inode-cache hash table entries: 524288 (order: 10, 4194304 bytes)
[    0.000000] Memory: 5345724K/5956880K available (23676K kernel code, 3426K rwdata, 7848K rodata, 8896K init, 29833K bss, 254804K reserved, 356352K cma-reserved)
[    0.000000] SLUB: HWalign=64, Order=0-3, MinObjects=0, CPUs=8, Nodes=1
[    0.000000] ftrace: allocating 53730 entries in 210 pages
[    0.000000] Running RCU self tests
[    0.000000] rcu: Preemptible hierarchical RCU implementation.
[    0.000000] rcu: \x09RCU dyntick-idle grace-period acceleration is enabled.
[    0.000000] rcu: \x09RCU lockdep checking is enabled.
[    0.000000] \x09All grace periods are expedited (rcu_expedited).
[    0.000000] \x09Tasks RCU enabled.
[    0.000000] kmemleak: Kernel memory leak detector disabled
[    0.000000] NR_IRQS: 64, nr_irqs: 64, preallocated irqs: 0
[    0.000000] GICv3: Distributor has no Range Selector support
[    0.000000] GICv3: no VLPI support, no direct LPI support
[    0.000000] ITS: No ITS available, not enabling LPIs
[    0.000000] rcu: \x09Offload RCU callbacks from CPUs: 0-7.
[    0.000000] Successfully registered dummy reset controller for cpucc_clocks
[    0.000000] Successfully registered dummy clock controller for cpucc_clocks
[    0.000000] arch_timer: CPU0: Trapping CNTVCT access
[    0.000000] arch_timer: cp15 and mmio timer(s) running at 19.20MHz (virt/virt).
[    0.000000] clocksource: arch_sys_counter: mask: 0xffffffffffffff max_cycles: 0x46d987e47, max_idle_ns: 440795202767 ns
[    0.000005] sched_clock: 56 bits at 19MHz, resolution 52ns, wraps every 4398046511078ns
[    0.008264] clocksource: Switched to clocksource arch_sys_counter
[    0.017219] Lock dependency validator: Copyright (c) 2006 Red Hat, Inc., Ingo Molnar
[    0.025249] ... MAX_LOCKDEP_SUBCLASSES:  8
[    0.029697] ... MAX_LOCK_DEPTH:          48
[    0.034062] ... MAX_LOCKDEP_KEYS:        8191
[    0.038602] ... CLASSHASH_SIZE:          4096
[    0.043144] ... MAX_LOCKDEP_ENTRIES:     32768
[    0.047772] ... MAX_LOCKDEP_CHAINS:      65536
[    0.052438] ... CHAINHASH_SIZE:          32768
[    0.057068] memory used by lock dependency info: 7903 kB
[    0.062677] per task-struct memory footprint: 3072 bytes
[    0.068361] Calibrating delay loop (skipped), value calculated using timer frequency.. 38.40 BogoMIPS (lpj=76800)
[    0.078970] pid_max: default: 32768 minimum: 301
[    0.084496] Security Framework initialized
[    0.088832] SELinux:  Initializing.
[    0.093394] Mount-cache hash table entries: 16384 (order: 5, 131072 bytes)
[    0.100669] Mountpoint-cache hash table entries: 16384 (order: 5, 131072 bytes)
[    0.117518] NOHZ: local_softirq_pending 02
[    0.129983] ASID allocator initialised with 65536 entries
[    0.138681] rcu: Hierarchical SRCU implementation.
[    0.168487] scm_mem_protection_init: SCM call failed
[    0.178613] shmbridge is enabled
[    0.183122] EFI services will not be available.
[    0.194055] smp: Bringing up secondary CPUs ...
[    0.214150] Detected VIPT I-cache on CPU1
[    0.214243] arch_timer: CPU1: Trapping CNTVCT access
[    0.214255] CPU1: Booted secondary processor 0x0000000100 [0x51df805e]
[    0.230755] Detected VIPT I-cache on CPU2
[    0.230828] arch_timer: CPU2: Trapping CNTVCT access
[    0.230839] CPU2: Booted secondary processor 0x0000000200 [0x51df805e]
[    0.246598] Detected VIPT I-cache on CPU3
[    0.246655] arch_timer: CPU3: Trapping CNTVCT access
[    0.246666] CPU3: Booted secondary processor 0x0000000300 [0x51df805e]
[    0.262848] CPU features: enabling workaround for Mismatched cache type
[    0.262869] CPU features: enabling workaround for ARM erratum 1542418
[    0.262885] CPU features: detected: Hardware dirty bit management
[    0.262901] Detected PIPT I-cache on CPU4
[    0.262934] CPU features: Unsupported CPU feature variation detected.
[    0.263015] arch_timer: CPU4: Trapping CNTVCT access
[    0.263041] CPU4: Booted secondary processor 0x0000000400 [0x411fd0d0]
[    0.279338] Detected PIPT I-cache on CPU5
[    0.279445] arch_timer: CPU5: Trapping CNTVCT access
[    0.279471] CPU5: Booted secondary processor 0x0000000500 [0x411fd0d0]
[    0.296425] Detected PIPT I-cache on CPU6
[    0.296533] arch_timer: CPU6: Trapping CNTVCT access
[    0.296560] CPU6: Booted secondary processor 0x0000000600 [0x411fd0d0]
[    0.312813] Detected PIPT I-cache on CPU7
[    0.312865] arch_timer: CPU7: Trapping CNTVCT access
[    0.312876] CPU7: Booted secondary processor 0x0000000700 [0x411fd0d0]
[    0.313671] smp: Brought up 1 node, 8 CPUs
[    0.457822] SMP: Total of 8 processors activated.
[    0.462904] CPU features: detected: GIC system register CPU interface
[    0.469649] CPU features: detected: Privileged Access Never
[    0.475458] CPU features: detected: User Access Override
[    0.480992] CPU features: detected: 32-bit EL0 Support
[    0.486354] CPU features: detected: RAS Extension Support
[    0.493716] CPU: All CPU(s) started at EL1
[    0.498228] alternatives: patching kernel code
[    0.679087] allocated 62914560 bytes of page_ext
[    0.697672] Node 0, zone   Normal: page owner found early allocated 15559 pages
[    2.870826] Registered cp15_barrier emulation handler
[    2.876139] Registered setend emulation handler
[    2.886704] clocksource: jiffies: mask: 0xffffffff max_cycles: 0xffffffff, max_idle_ns: 7645041785100000 ns
[    2.897084] futex hash table entries: 2048 (order: 6, 262144 bytes)
[    3.220335] pinctrl core: initialized pinctrl subsystem
[    3.229351] 
[    3.230925] *************************************************************
[    3.237960] **     NOTICE NOTICE NOTICE NOTICE NOTICE NOTICE NOTICE    **
[    3.244987] **                                                         **
[    3.252052] **  IOMMU DebugFS SUPPORT HAS BEEN ENABLED IN THIS KERNEL  **
[    3.259076] **                                                         **
[    3.266098] ** This means that this kernel is built to expose internal **
[    3.273154] ** IOMMU data structures, which may compromise security on **
[    3.280177] ** your system.                                            **
[    3.287201] **                                                         **
[    3.294269] ** If you see this message and you are not debugging the   **
[    3.301291] ** kernel, report this immediately to your vendor!         **
[    3.308346] **                                                         **
[    3.315369] **     NOTICE NOTICE NOTICE NOTICE NOTICE NOTICE NOTICE    **
[    3.322393] *************************************************************
[    3.330066] DMI not present or invalid.
[    3.336324] NET: Registered protocol family 16
[    3.346535] schedtune: configured to support 6 boost groups
[    3.353456] audit: initializing netlink subsys (disabled)
[    3.360033] audit: type=2000 audit(3.347:1): state=initialized audit_enabled=0 res=1
[    3.368194] cpuidle: using governor menu
[    3.372429] cpuidle: using governor qcom
[    3.377424] NET: Registered protocol family 42
[    3.382703] vdso: 2 pages (1 code @ ffffff9d839a6000, 1 data @ ffffff9d84a04000)
[    3.390437] hw-breakpoint: found 6 breakpoint and 4 watchpoint registers.
[    3.412025] DMA: preallocated 256 KiB pool for atomic allocations
[    3.422780] DMA: preallocated 256 KiB pool for atomic allocations
[    3.433883] exit: IPA_USB init success!
[    3.451562] msm_watchdog 17c10000.qcom,wdt: wdog absent resource not present
[    3.459954] msm_watchdog 17c10000.qcom,wdt: MSM Watchdog Initialized
[    3.493056] Unable to find DT property: qcom,msm-imem-download_mode
[    3.500304] Unable to find DT property: qcom,msm-imem-emergency_download_mode
[    3.529072] msm-dcc 1023000.dcc_v2: DCC list passed 3
[    3.534565] msm-dcc 1023000.dcc_v2: All values written to enable.
[    3.541258] msm-dcc 1023000.dcc_v2: DCC list passed 6
[    3.546800] msm-dcc 1023000.dcc_v2: All values written to enable.
[    3.553569] msm-dcc 1023000.dcc_v2: DCC list passed 7
[    3.559104] msm-dcc 1023000.dcc_v2: All values written to enable.
[    3.566203] platform 82400000.qseecom: assigned reserved memory node qseecom_region
[    3.598659] sps:sps is ready.
[    3.606792] spmi spmi-0: PMIC arbiter version v5 (0x50010000)
[    3.624554] pm8150a_s3_mmcx_sup_level: regulator get failed, ret=-517
[    3.632645] pm8150_s3_level: supplied by pm8150a_s3_level
[    3.640715] pm8150_s3_level_ao: supplied by pm8150a_s3_level_ao
[    3.654628] pm8150a_s3_mmcx_sup_level: supplied by pm8150_s3_mmcx_sup_level
[    3.669968] LCDB: qpnp_lcdb_regulator_probe: Failed to parse dt rc=-517
[    3.681907] AMOLED: qpnp_amoled_parse_dt: Unknown peripheral type 0x0
[    3.688596] qcom,qpnp-amoled-regulator c440000.qcom,spmi:qcom,pm8150l@5:qcom,amoled: Failed to parse DT params rc=-22
[    3.699585] qcom,qpnp-amoled-regulator: probe of c440000.qcom,spmi:qcom,pm8150l@5:qcom,amoled failed with error -22
[    3.718012] spmi spmi-0: pmic_arb_wait_for_done: transaction failed (0x3)
[    3.730502] pm8150a_s4_level: supplied by pm8150a_s3_mmcx_sup_level
[    3.740124] pm8150a_s4_level_ao: supplied by pm8150a_s3_level_ao
[    3.844971] platform soc:qcom,ipa_fws: assigned reserved memory node pil_ipa_gsi_region@86810000
[    3.855246] platform soc:qcom,ipa_uc: assigned reserved memory node pil_ipa_fw_region@86800000
[    3.874582] platform 17300000.qcom,lpass: assigned reserved memory node pil_adsp_region@8a100000
[    3.884919] platform 8300000.qcom,turing: assigned reserved memory node pil_cdsp_region@87800000
[    3.894835] platform aab0000.qcom,venus: assigned reserved memory node pil_video_region@86e00000
[    3.905365] platform 188101c.qcom,spss: assigned reserved memory node pil_spss_region@8be00000
[    3.915031] platform abb0000.qcom,cvpss: assigned reserved memory node pil_cvp_region@87300000
[    3.924711] platform 9800000.qcom,npu: assigned reserved memory node pil_npu_region@86900000
[    3.935365] platform soc:qcom,msm-adsprpc-mem: assigned reserved memory node adsp_region
[    3.947447] platform soc:mem_dump: assigned reserved memory node mem_dump_region
[    4.009398] MSM Memory Dump base table set up
[    4.013980] MSM Memory Dump apps data table set up
[    4.021494] platform 5c00000.qcom,ssc: assigned reserved memory node pil_slpi_region@88c00000
[    4.053341] platform 88a7000.msm_tspp: assigned reserved memory node qseecom_region
[    4.468865] cryptd: max_cpu_qlen set to 1000
[    4.475218] vServices Framework 1.0
[    4.513776] gdsc ad07004.qcom,gdsc: Linked as a consumer to regulator.31
[    4.521236] gdsc ad07004.qcom,gdsc: Dropping the link to regulator.31
[    4.530377] gdsc ad0a004.qcom,gdsc: Linked as a consumer to regulator.31
[    4.537851] gdsc ad0a004.qcom,gdsc: Dropping the link to regulator.31
[    4.546495] gdsc ad0b004.qcom,gdsc: Linked as a consumer to regulator.31
[    4.553824] gdsc ad0b004.qcom,gdsc: Dropping the link to regulator.31
[    4.562413] gdsc ad08004.qcom,gdsc: Linked as a consumer to regulator.31
[    4.569736] gdsc ad08004.qcom,gdsc: Dropping the link to regulator.31
[    4.578267] gdsc ad09004.qcom,gdsc: Linked as a consumer to regulator.31
[    4.585583] gdsc ad09004.qcom,gdsc: Dropping the link to regulator.31
[    4.594491] gdsc ad0c144.qcom,gdsc: Linked as a consumer to regulator.31
[    4.601840] gdsc ad0c144.qcom,gdsc: Dropping the link to regulator.31
[    4.610693] gdsc af03000.qcom,gdsc: Linked as a consumer to regulator.31
[    4.618001] gdsc af03000.qcom,gdsc: Dropping the link to regulator.31
[    4.627301] gdsc 3d9106c.qcom,gdsc: Linked as a consumer to regulator.4
[    4.634325] gpu_cx_gdsc: supplied by pm8150_s3_level
[    4.645292] gdsc 3d9100c.qcom,gdsc: Linked as a consumer to regulator.30
[    4.652577] gpu_gx_gdsc: supplied by pm8150a_s1_level
[    4.663605] gdsc abf0d18.qcom,gdsc: Linked as a consumer to regulator.31
[    4.670843] gdsc abf0d18.qcom,gdsc: Dropping the link to regulator.31
[    4.679791] gdsc abf0bf8.qcom,gdsc: Linked as a consumer to regulator.31
[    4.687111] gdsc abf0bf8.qcom,gdsc: Dropping the link to regulator.31
[    4.695870] gdsc abf0d98.qcom,gdsc: Linked as a consumer to regulator.31
[    4.703189] gdsc abf0d98.qcom,gdsc: Dropping the link to regulator.31
[    4.712004] gdsc abf0c98.qcom,gdsc: Linked as a consumer to regulator.31
[    4.719315] gdsc abf0c98.qcom,gdsc: Dropping the link to regulator.31
[    4.735086] qmp-aop-clk soc:qcom,aopclk: Registered clocks with AOP
[    4.749345] gcc-kona 100000.qcom,gcc: Linked as a consumer to regulator.31
[    4.757027] gcc-kona 100000.qcom,gcc: Linked as a consumer to regulator.4
[    4.764615] gcc-kona 100000.qcom,gcc: Linked as a consumer to regulator.5
[    4.824018] gcc-kona 100000.qcom,gcc: Registered GCC clocks
[    4.833139] gpu_cc-kona 3d90000.qcom,gpucc: Linked as a consumer to regulator.4
[    4.841063] gpu_cc-kona 3d90000.qcom,gpucc: Linked as a consumer to regulator.1
[    4.855975] gpu_cc-kona 3d90000.qcom,gpucc: Registered GPU CC clocks
[    4.865487] npu_cc-kona 9980000.qcom,npucc: Linked as a consumer to regulator.4
[    4.903774] npu_cc-kona 9980000.qcom,npucc: Registered NPU_CC clocks
[    4.914082] video_cc-kona abf0000.qcom,videocc: Linked as a consumer to regulator.1
[    4.922475] video_cc-kona abf0000.qcom,videocc: Linked as a consumer to regulator.31
[    4.930516] AXI: msm_bus_scale_register_client(): msm_bus_scale_register_client: Bus driver not ready.
[    4.940111] video_cc-kona abf0000.qcom,videocc: Unable to register for bw voting
[    4.948056] video_cc-kona abf0000.qcom,videocc: Dropping the link to regulator.31
[    4.956018] video_cc-kona abf0000.qcom,videocc: Dropping the link to regulator.1
[    4.973455] Minidump: Enabled with max number of regions 200
[    4.980528] KPI: Bootloader start count = 90696
[    4.985249] KPI: Bootloader end count = 114594
[    4.989922] KPI: Bootloader display count = 4278054399
[    4.995255] KPI: Bootloader load kernel count = 4017965948
[    5.000949] KPI: Kernel MPM timestamp = 441630
[    5.005575] KPI: Kernel MPM Clock frequency = 32768
[    5.010716] socinfo_print: v0.15, id=356, ver=2.1, raw_id=206, raw_ver=2, hw_plat=8, hw_plat_ver=65536\x0a accessory_chip=0, hw_plat_subtype=0, pmic_model=65566, pmic_die_revision=196608 foundry_id=1 serial_number=534652270 num_pmics=5 chip_family=0x5d raw_device_family=0x6 raw_device_number=0x8 nproduct_id=0x412 num_clusters=0x1 ncluster_array_offset=0xb0 num_defective_parts=0xf ndefective_parts_array_offset=0xb4 nmodem_supported=0x0
[    5.051419] msm_bus_fabric_rpmh_init_driver
[    5.057199] msm_bus: Probe started
[    5.064074] msm_bus_device 16e0000.ad-hoc-bus: Bus type is missing
[    5.074193] msm_bus_device 16e0000.ad-hoc-bus: Bus type is missing
[    5.081140] msm_bus_device 16e0000.ad-hoc-bus: Bus type is missing
[    5.115539] msm_bus: DT Parsing complete
[    5.141740] msm_bus_fab_init_noc_ops: Invalid Bus type
[    5.146370] msm_bus_fab_init_noc_ops: Invalid Bus type
[    5.154953] msm_bus_fab_init_noc_ops: Invalid Bus type
[    6.133444] Built 1 zonelists, mobility grouping on.  Total pages: 1420535
[    8.461291] mem-offline: Added memory blocks ranging from mem16 - mem19
[    8.511047] arm-smmu 3da0000.kgsl-smmu: Linked as a consumer to regulator.69
[    8.518582] arm-smmu 3da0000.kgsl-smmu: \x09non-coherent table walk
[    8.524829] arm-smmu 3da0000.kgsl-smmu: \x09(IDR0.CTTW overridden by FW configuration)
[    8.532764] arm-smmu 3da0000.kgsl-smmu: \x09stream matching with 6 register groups
[    8.554643] register_client_adhoc:find path.src 161 dest 627
[    8.557402] register_client_adhoc:Client handle 1 apps_smmu
[    8.563640] arm-smmu 15000000.apps-smmu: \x09non-coherent table walk
[    8.575781] arm-smmu 15000000.apps-smmu: \x09(IDR0.CTTW overridden by FW configuration)
[    8.583812] arm-smmu 15000000.apps-smmu: \x09stream matching with 87 register groups
[    8.595896] register_client_adhoc:find path.src 161 dest 627
[    8.598290] register_client_adhoc:Client handle 2 apps_smmu
[    8.606424] register_client_adhoc:find path.src 161 dest 627
[    8.614555] register_client_adhoc:Client handle 3 apps_smmu
[    8.622879] qsmmuv500-tbu 1518d000.mnoc_hf_0_tbu: Linked as a consumer to regulator.65
[    8.637259] register_client_adhoc:find path.src 22 dest 773
[    8.638546] register_client_adhoc:Client handle 4 mnoc_hf_0_tbu
[    8.646809] qsmmuv500-tbu 15191000.mnoc_hf_1_tbu: Linked as a consumer to regulator.66
[    8.661517] register_client_adhoc:find path.src 22 dest 773
[    8.662735] register_client_adhoc:Client handle 5 mnoc_hf_1_tbu
[    8.670621] register_client_adhoc:find path.src 154 dest 10070
[    8.677626] register_client_adhoc:Client handle 6 apps_smmu
[    8.685692] register_client_adhoc:find path.src 154 dest 10070
[    8.692462] register_client_adhoc:Client handle 7 apps_smmu
[    8.700686] register_client_adhoc:find path.src 161 dest 627
[    8.708904] register_client_adhoc:Client handle 8 apps_smmu
[    8.717179] register_client_adhoc:find path.src 161 dest 627
[    8.725280] register_client_adhoc:Client handle 9 apps_smmu
[    8.733661] qsmmuv500-tbu 151a5000.mnoc_sf_0_tbu: Linked as a consumer to regulator.67
[    8.747949] register_client_adhoc:find path.src 137 dest 772
[    8.749272] register_client_adhoc:Client handle 10 mnoc_sf_0_tbu
[    8.757539] qsmmuv500-tbu 151a9000.mnoc_sf_1_tbu: Linked as a consumer to regulator.68
[    8.772410] register_client_adhoc:find path.src 137 dest 772
[    8.773562] register_client_adhoc:Client handle 11 mnoc_sf_1_tbu
[    8.782268] vgaarb: loaded
[    8.794544] SCSI subsystem initialized
[    8.799603] usbcore: registered new interface driver usbfs
[    8.805647] usbcore: registered new interface driver hub
[    8.811939] usbcore: registered new device driver usb
[    8.819623] usb_phy_generic soc:usb_nop_phy: soc:usb_nop_phy supply vcc not found, using dummy regulator
[    8.829887] usb_phy_generic soc:usb_nop_phy: Linked as a consumer to regulator.0
[    8.840593] qcom,qpnp-power-on c440000.qcom,spmi:qcom,pm8150@0:qcom,power-on@800: PMIC@SID0 Power-on reason: Triggered from CBL (External Power Supply) and 'cold' boot
[    8.856051] qcom,qpnp-power-on c440000.qcom,spmi:qcom,pm8150@0:qcom,power-on@800: PMIC@SID0: Unknown power-off reason
[    8.868088] input: qpnp_pon as /devices/platform/soc/c440000.qcom,spmi/spmi-0/spmi0-00/c440000.qcom,spmi:qcom,pm8150@0:qcom,power-on@800/input/input0
[    8.883632] qcom,qpnp-power-on c440000.qcom,spmi:qcom,pm8150b@2:qcom,power-on@800: PMIC@SID2 Power-on reason: Triggered from CBL (External Power Supply) and 'cold' boot
[    8.899197] qcom,qpnp-power-on c440000.qcom,spmi:qcom,pm8150b@2:qcom,power-on@800: PMIC@SID2: Power-off reason: Triggered from FAULT_PBS_WATCHDOG_TO
[    8.913843] qcom,qpnp-power-on c440000.qcom,spmi:qcom,pm8150l@4:qcom,power-on@800: PMIC@SID4 Power-on reason: Triggered from PON1 (Secondary PMIC) and 'cold' boot
[    8.928846] qcom,qpnp-power-on c440000.qcom,spmi:qcom,pm8150l@4:qcom,power-on@800: PMIC@SID4: Unknown power-off reason
[    8.940865] qcom,qpnp-power-on c440000.qcom,spmi:qcom,pm8009@a:qcom,power-on@800: Invalid PON_PERPH_SUBTYPE 0x07
[    8.951457] qcom,qpnp-power-on: probe of c440000.qcom,spmi:qcom,pm8009@a:qcom,power-on@800 failed with error -22
[    8.962221] spmi spmi-0: pmic_arb_wait_for_done: transaction failed (0x3)
[    8.969302] qcom,qpnp-power-on c440000.qcom,spmi:qcom,pmxprairie@8:qcom,power-on@800: Register read failed, addr=0x0805, rc=-5
[    8.981085] qcom,qpnp-power-on: probe of c440000.qcom,spmi:qcom,pmxprairie@8:qcom,power-on@800 failed with error -5
[    8.993782] media: Linux media interface: v0.10
[    8.998694] videodev: Linux video capture interface: v2.00
[    9.004967] pps_core: LinuxPPS API ver. 1 registered
[    9.010171] pps_core: Software ver. 5.3.6 - Copyright 2005-2007 Rodolfo Giometti <giometti@linux.it>
[    9.019680] PTP clock support registered
[    9.126368] virt zone: sensor[gpuss-1-usr] read error:-22
[    9.132041] thermal thermal_zone25: failed to read out thermal zone (-22)
[    9.158080] EDAC MC: Ver: 3.0.0
[    9.245112] energy_model: pd0: hertz/watts ratio non-monotonically decreasing: em_cap_state 3 >= em_cap_state2
[    9.245138] energy_model: pd0: hertz/watts ratio non-monotonically decreasing: em_cap_state 4 >= em_cap_state3
[    9.250149] energy_model: Created perf domain 0-3
[    9.251360] BUG: key fffffff5aa67a708 not in .data!
[    9.263643] energy_model: Created perf domain 4-6
[    9.264679] BUG: key fffffff5aa1b8f08 not in .data!
[    9.270673] energy_model: pd7: hertz/watts ratio non-monotonically decreasing: em_cap_state 13 >= em_cap_state12
[    9.272577] energy_model: Created perf domain 7
[    9.273005] BUG: key fffffff5aa1b9508 not in .data!
[    9.278815] cpufreq: driver qcom-cpufreq-hw up and running
[    9.288130] platform soc:qcom,ion:qcom,ion-heap@22: assigned reserved memory node sdsp_region
[    9.297365] platform soc:qcom,ion:qcom,ion-heap@26: assigned reserved memory node user_contig_region
[    9.306994] platform soc:qcom,ion:qcom,ion-heap@27: assigned reserved memory node qseecom_region
[    9.316286] platform soc:qcom,ion:qcom,ion-heap@19: assigned reserved memory node qseecom_ta_region
[    9.325805] platform soc:qcom,ion:qcom,ion-heap@13: assigned reserved memory node sp_region
[    9.334609] platform soc:qcom,ion:qcom,ion-heap@10: assigned reserved memory node secure_display_region
[    9.345595] ION heap system created
[    9.349622] ION heap adsp created at 0x00000000ea000000 with size 800000
[    9.356539] ION heap secure_heap created
[    9.360624] ION heap user_contig created at 0x00000000ecc00000 with size 1000000
[    9.368243] ION heap qsecom created at 0x00000000fe800000 with size 1400000
[    9.375431] ION heap qsecom_ta created at 0x00000000ebc00000 with size 1000000
[    9.382866] ION heap spss created at 0x00000000ea800000 with size 1000000
[    9.389875] ION heap secure_display created at 0x00000000f1c00000 with size a400000
[    9.424211] platform soc:qcom,ion:qcom,ion-heap@14: ion_secure_carveout: creating heap@0x8bf00000, size 0x4600000
[    9.434787] ION heap secure_carveout created
[    9.441358] PMIC@SID2: PM8150B v2.0 options: 0, 0, 0, 0
[    9.446973] PMIC@SID4: PM8150L v3.0 options: 0, 0, 0, 0
[    9.452569] PMIC@SID10: (null) v3.0 options: 0, 0, 0, 0
[    9.459824] register_client_adhoc:find path.src 90 dest 770
[    9.461014] register_client_adhoc:find path.src 129 dest 512
[    9.467125] register_client_adhoc:find path.src 90 dest 585
[    9.474372] register_client_adhoc:find path.src 1 dest 676
[    9.481192] register_client_adhoc:find path.src 143 dest 777
[    9.487171] register_client_adhoc:Client handle 12 ipa
[    9.496107] ipa 1e00000.qcom,ipa:ipa_smmu_ap: Linked as a consumer to 15000000.apps-smmu
[    9.521524] iommu: Adding device 1e00000.qcom,ipa:ipa_smmu_ap to group 0
[    9.529527] ipa 1e00000.qcom,ipa:ipa_smmu_wlan: Linked as a consumer to 15000000.apps-smmu
[    9.548856] iommu: Adding device 1e00000.qcom,ipa:ipa_smmu_wlan to group 1
[    9.557173] ipa 1e00000.qcom,ipa:ipa_smmu_uc: Linked as a consumer to 15000000.apps-smmu
[    9.576490] iommu: Adding device 1e00000.qcom,ipa:ipa_smmu_uc to group 2
[    9.584514] ipa 1e00000.qcom,ipa:ipa_smmu_11ad: Linked as a consumer to 15000000.apps-smmu
[    9.603979] iommu: Adding device 1e00000.qcom,ipa:ipa_smmu_11ad to group 3
[    9.619477] devfreq-qcom-fw 18590000.qcom,devfreq-l3:qcom,cpu0-cpu-l3-lat: Devfreq QCOM Firmware dev registered.
[    9.632928] devfreq-qcom-fw 18590000.qcom,devfreq-l3:qcom,cpu4-cpu-l3-lat: Devfreq QCOM Firmware dev registered.
[    9.646376] devfreq-qcom-fw 18590000.qcom,devfreq-l3:qcom,cpu7-cpu-l3-lat: Devfreq QCOM Firmware dev registered.
[    9.660383] devfreq-qcom-fw 18590000.qcom,devfreq-l3:qcom,cdsp-cdsp-l3-lat: Devfreq QCOM Firmware dev registered.
[    9.670998] devfreq-qcom-fw 18590000.qcom,devfreq-l3: Devfreq QCOM Firmware parent dev inited.
[    9.681913] SDAM base=0xb100 size=128 registered successfully
[    9.688773] esoc bus registration done
[    9.688901] Advanced Linux Sound Architecture Driver Initialized.
[    9.697534] Bluetooth: Core ver 2.22
[    9.701324] NET: Registered protocol family 31
[    9.705924] Bluetooth: HCI device and connection manager initialized
[    9.712518] Bluetooth: HCI socket layer initialized
[    9.717562] Bluetooth: L2CAP socket layer initialized
[    9.722858] Bluetooth: SCO socket layer initialized
[    9.727938] NetLabel: Initializing
[    9.731481] NetLabel:  domain hash size = 128
[    9.735983] NetLabel:  protocols = UNLABELED CIPSOv4 CALIPSO
[    9.741977] NetLabel:  unlabeled traffic allowed by default
[    9.748040] pcie:pcie_init.
[    9.755958] register_client_adhoc:find path.src 45 dest 512
[    9.757095] register_client_adhoc:Client handle 13 pcie0
[    9.763335] pci-msm 1c00000.qcom,pcie: 1c00000.qcom,pcie supply vreg-3p3 not found, using dummy regulator
[    9.778894] pci-msm 1c00000.qcom,pcie: Linked as a consumer to regulator.0
[    9.786179] pci-msm 1c00000.qcom,pcie: Linked as a consumer to regulator.18
[    9.793572] pci-msm 1c00000.qcom,pcie: Linked as a consumer to regulator.13
[    9.801032] pci-msm 1c00000.qcom,pcie: Linked as a consumer to regulator.4
[    9.808357] pci-msm 1c00000.qcom,pcie: Linked as a consumer to regulator.59
[    9.816062] msm_pcie_get_reg: PCIe: RC0: no tcsr resource found.
[    9.822268] msm_pcie_get_reg: PCIe: RC0: no rumi resource found.
[    9.829488] register_client_adhoc:find path.src 100 dest 512
[    9.830487] register_client_adhoc:Client handle 14 pcie1
[    9.836764] pci-msm 1c08000.qcom,pcie: 1c08000.qcom,pcie supply vreg-3p3 not found, using dummy regulator
[    9.852311] pci-msm 1c08000.qcom,pcie: Linked as a consumer to regulator.0
[    9.859563] pci-msm 1c08000.qcom,pcie: Linked as a consumer to regulator.18
[    9.866879] pci-msm 1c08000.qcom,pcie: Linked as a consumer to regulator.13
[    9.874224] pci-msm 1c08000.qcom,pcie: Linked as a consumer to regulator.4
[    9.881482] pci-msm 1c08000.qcom,pcie: Linked as a consumer to regulator.60
[    9.889258] msm_pcie_get_reg: PCIe: RC1: no tcsr resource found.
[    9.895463] msm_pcie_get_reg: PCIe: RC1: no rumi resource found.
[    9.901675] msm_pcie_probe: PCIe: RC1 could not get pinctrl sleep state
[    9.908829] msm_pcie_enable: PCIe: Assert the reset of endpoint of RC1.
[    9.919303] msm_pcie_enable: PCIe: RC1: PCIE20_PARF_INT_ALL_MASK: 0x7f80c202
[    9.928739] pcie_phy_init: PCIe RC1 PHY is ready!
[    9.943626] msm_pcie_enable: PCIe: Release the reset of endpoint of RC1.
[   10.060181] msm_pcie_link_train: PCIe: Assert the reset of endpoint of RC1.
[   10.067468] msm_pcie_link_train: PCIe RC1 link initialization failed
[   10.074789] msm_pcie_enumerate: PCIe: RC1: failed to enable
[   10.080644] msm_pcie_probe: PCIe: RC1 is not enabled during bootup; it will be enumerated upon client request.
[   10.092088] register_client_adhoc:find path.src 108 dest 512
[   10.093329] register_client_adhoc:Client handle 15 pcie2
[   10.099663] pci-msm 1c10000.qcom,pcie: 1c10000.qcom,pcie supply vreg-3p3 not found, using dummy regulator
[   10.115189] pci-msm 1c10000.qcom,pcie: Linked as a consumer to regulator.0
[   10.122511] pci-msm 1c10000.qcom,pcie: Linked as a consumer to regulator.18
[   10.129926] pci-msm 1c10000.qcom,pcie: Linked as a consumer to regulator.13
[   10.137233] pci-msm 1c10000.qcom,pcie: Linked as a consumer to regulator.4
[   10.144490] pci-msm 1c10000.qcom,pcie: Linked as a consumer to regulator.61
[   10.152349] msm_pcie_get_reg: PCIe: RC2: no tcsr resource found.
[   10.158552] msm_pcie_get_reg: PCIe: RC2: no rumi resource found.
[   10.164764] msm_pcie_probe: PCIe: RC2 could not get pinctrl sleep state
[   10.171758] genirq: irq_chip msmgpio did not update eff. affinity mask of irq 422
[   10.179573] msm_pcie_enable: PCIe: Assert the reset of endpoint of RC2.
[   10.189868] msm_pcie_enable: PCIe: RC2: PCIE20_PARF_INT_ALL_MASK: 0x7f80c202
[   10.199314] pcie_phy_init: PCIe RC2 PHY is ready!
[   10.214213] msm_pcie_enable: PCIe: Release the reset of endpoint of RC2.
[   10.247807] msm_pcie_link_train: PCIe RC2 link initialized
[   10.253856] pci-msm 1c10000.qcom,pcie: host bridge /soc/qcom,pcie@1c10000 ranges:
[   10.261580] pci-msm 1c10000.qcom,pcie:   No bus range found for /soc/qcom,pcie@1c10000, using [bus 00-ff]
[   10.271473] pci-msm 1c10000.qcom,pcie:    IO 0x64200000..0x642fffff -> 0x64200000
[   10.279228] pci-msm 1c10000.qcom,pcie:   MEM 0x64300000..0x67ffffff -> 0x64300000
[   10.288160] pci-msm 1c10000.qcom,pcie: PCI host bridge to bus 0002:00
[   10.294828] pci_bus 0002:00: root bus resource [bus 00-ff]
[   10.300496] pci_bus 0002:00: root bus resource [io  0x0000-0xfffff] (bus address [0x64200000-0x642fffff])
[   10.310354] pci_bus 0002:00: root bus resource [mem 0x64300000-0x67ffffff]
[   10.317518] pci 0002:00:00.0: [17cb:010b] type 01 class 0x060400
[   10.317598] pci 0002:00:00.0: reg 0x10: [mem 0x00000000-0x00000fff 64bit]
[   10.317773] pci 0002:00:00.0: PME# supported from D0 D3hot D3cold
[   10.326005] pci 0002:00:00.0: bridge configuration invalid ([bus 00-00]), reconfiguring
[   10.334804] pci 0002:01:00.0: [10ec:8168] type 00 class 0x020000
[   10.334925] pci 0002:01:00.0: reg 0x10: initial BAR value 0x00000000 invalid
[   10.342196] pci 0002:01:00.0: reg 0x10: [io  size 0x0100]
[   10.342292] pci 0002:01:00.0: reg 0x18: [mem 0x00000000-0x00000fff 64bit]
[   10.342357] pci 0002:01:00.0: reg 0x20: [mem 0x00000000-0x00003fff 64bit]
[   10.342706] pci 0002:01:00.0: supports D1 D2
[   10.342709] pci 0002:01:00.0: PME# supported from D0 D1 D2 D3hot D3cold
[   10.348154] pci_bus 0002:01: busn_res: [bus 01-ff] end is updated to 01
[   10.348326] pci 0002:00:00.0: bridge window [mem 0x00100000-0x000fffff 64bit pref] to [bus 01] add_size 200000 add_align 100000
[   10.348336] pci 0002:00:00.0: bridge window [mem 0x00100000-0x001fffff] to [bus 01] add_size 200000 add_align 100000
[   10.348382] pci 0002:00:00.0: BAR 8: assigned [mem 0x64300000-0x645fffff]
[   10.355540] pci 0002:00:00.0: BAR 9: assigned [mem 0x64600000-0x647fffff 64bit pref]
[   10.363524] pci 0002:00:00.0: BAR 0: assigned [mem 0x64800000-0x64800fff 64bit]
[   10.371093] pci 0002:00:00.0: BAR 7: assigned [io  0x1000-0x1fff]
[   10.377417] pci 0002:01:00.0: BAR 4: assigned [mem 0x64300000-0x64303fff 64bit]
[   10.385006] pci 0002:01:00.0: BAR 2: assigned [mem 0x64304000-0x64304fff 64bit]
[   10.392608] pci 0002:01:00.0: BAR 0: assigned [io  0x1000-0x10ff]
[   10.398910] pci 0002:00:00.0: PCI bridge to [bus 01]
[   10.404045] pci 0002:00:00.0:   bridge window [io  0x1000-0x1fff]
[   10.410350] pci 0002:00:00.0:   bridge window [mem 0x64300000-0x645fffff]
[   10.417360] pci 0002:00:00.0:   bridge window [mem 0x64600000-0x647fffff 64bit pref]
[   10.425792] pci-msm-rc 0002:00:00.0: Linked as a consumer to 15000000.apps-smmu
[   10.434574] iommu: Adding device 0002:00:00.0 to group 4
[   10.441095] msm_pcie_probe: RC2 is enabled in bootup
[   10.447381] register_client_adhoc:find path.src 22 dest 512
[   10.448577] register_client_adhoc:find path.src 23 dest 512
[   10.455399] register_client_adhoc:Client handle 16 bus-proxy-client
[   10.465462] LCDB: qpnp_lcdb_regulator_probe: LCDB module successfully registered! lcdb_en=0 ldo_voltage=5400mV ncp_voltage=5400mV bst_voltage=5550mV
[   10.486000] qupv3_geni_se 9c0000.qcom,qupv3_0_geni_se: Linked as a consumer to 15000000.apps-smmu
[   10.506956] iommu: Adding device 9c0000.qcom,qupv3_0_geni_se to group 5
[   10.514875] qupv3_geni_se ac0000.qcom,qupv3_1_geni_se: Linked as a consumer to 15000000.apps-smmu
[   10.537147] iommu: Adding device ac0000.qcom,qupv3_1_geni_se to group 6
[   10.545078] qupv3_geni_se 8c0000.qcom,qupv3_2_geni_se: Linked as a consumer to 15000000.apps-smmu
[   10.567005] iommu: Adding device 8c0000.qcom,qupv3_2_geni_se to group 7
[   10.575499] gdsc ad07004.qcom,gdsc: Linked as a consumer to regulator.31
[   10.582707] register_client_adhoc:find path.src 1 dest 589
[   10.583850] register_client_adhoc:Client handle 17 bps_gdsc_ahb
[   10.589951] msm-bus-type slv-qhs-camera-cfg: Linked as a consumer to regulator.31
[   10.603920] bps_gdsc: supplied by pm8150a_s4_level
[   10.610330] gdsc ad0a004.qcom,gdsc: Linked as a consumer to regulator.31
[   10.617386] register_client_adhoc:find path.src 1 dest 589
[   10.618394] register_client_adhoc:Client handle 18 ife_0_gdsc_ahb
[   10.624243] ife_0_gdsc: supplied by pm8150a_s4_level
[   10.636903] gdsc ad0b004.qcom,gdsc: Linked as a consumer to regulator.31
[   10.643939] register_client_adhoc:find path.src 1 dest 589
[   10.644949] register_client_adhoc:Client handle 19 ife_1_gdsc_ahb
[   10.650808] ife_1_gdsc: supplied by pm8150a_s4_level
[   10.663409] gdsc ad08004.qcom,gdsc: Linked as a consumer to regulator.31
[   10.670453] register_client_adhoc:find path.src 1 dest 589
[   10.671430] register_client_adhoc:Client handle 20 ipe_0_gdsc_ahb
[   10.677318] ipe_0_gdsc: supplied by pm8150a_s4_level
[   10.689984] gdsc ad09004.qcom,gdsc: Linked as a consumer to regulator.31
[   10.697024] register_client_adhoc:find path.src 1 dest 589
[   10.698013] register_client_adhoc:Client handle 21 sbi_gdsc_ahb
[   10.703855] sbi_gdsc: supplied by pm8150a_s4_level
[   10.716164] gdsc ad0c144.qcom,gdsc: Linked as a consumer to regulator.31
[   10.723199] register_client_adhoc:find path.src 1 dest 589
[   10.724191] register_client_adhoc:Client handle 22 titan_top_gdsc_ahb
[   10.730053] titan_top_gdsc: supplied by pm8150a_s4_level
[   10.743375] gdsc af03000.qcom,gdsc: Linked as a consumer to regulator.31
[   10.750446] register_client_adhoc:find path.src 1 dest 590
[   10.751432] register_client_adhoc:Client handle 23 mdss_core_gdsc_ahb
[   10.757422] msm-bus-type slv-qhs-display-cfg: Linked as a consumer to regulator.31
[   10.772015] mdss_core_gdsc: supplied by pm8150a_s4_level
[   10.779951] gdsc abf0d18.qcom,gdsc: Linked as a consumer to regulator.31
[   10.787000] register_client_adhoc:find path.src 1 dest 596
[   10.788082] register_client_adhoc:Client handle 24 mvs0_gdsc_ahb
[   10.794090] msm-bus-type slv-qhs-venus-cfg: Linked as a consumer to regulator.31
[   10.808095] mvs0_gdsc: supplied by pm8150a_s4_level
[   10.814364] gdsc abf0bf8.qcom,gdsc: Linked as a consumer to regulator.31
[   10.821407] register_client_adhoc:find path.src 1 dest 596
[   10.822446] register_client_adhoc:Client handle 25 mvs0c_gdsc_ahb
[   10.828419] mvs0c_gdsc: supplied by pm8150a_s4_level
[   10.841072] gdsc abf0d98.qcom,gdsc: Linked as a consumer to regulator.31
[   10.848111] register_client_adhoc:find path.src 1 dest 596
[   10.849142] register_client_adhoc:Client handle 26 mvs1_gdsc_ahb
[   10.855055] mvs1_gdsc: supplied by pm8150a_s4_level
[   10.867466] gdsc abf0c98.qcom,gdsc: Linked as a consumer to regulator.31
[   10.874534] register_client_adhoc:find path.src 1 dest 596
[   10.875582] register_client_adhoc:Client handle 27 mvs1c_gdsc_ahb
[   10.881494] mvs1c_gdsc: supplied by pm8150a_s4_level
[   10.894196] cam_cc-kona ad00000.qcom,camcc: Linked as a consumer to regulator.1
[   10.901899] cam_cc-kona ad00000.qcom,camcc: Linked as a consumer to regulator.31
[   10.909604] register_client_adhoc:find path.src 1 dest 589
[   10.910605] register_client_adhoc:Client handle 28 clk_camcc_debugfs
[   10.926308] cam_cc-kona ad00000.qcom,camcc: Registered CAM CC clocks
[   10.940019] disp_cc-kona af00000.qcom,dispcc: Linked as a consumer to regulator.31
[   10.947905] register_client_adhoc:find path.src 1 dest 590
[   10.948946] register_client_adhoc:Client handle 29 clk_dispcc_debugfs
[   10.960421] disp_cc-kona af00000.qcom,dispcc: Registered Display CC clocks
[   10.974783] video_cc-kona abf0000.qcom,videocc: Linked as a consumer to regulator.1
[   10.982831] video_cc-kona abf0000.qcom,videocc: Linked as a consumer to regulator.31
[   10.990896] register_client_adhoc:find path.src 1 dest 596
[   10.991930] register_client_adhoc:Client handle 30 clk_videocc_debugfs
[   11.000104] video_cc-kona abf0000.qcom,videocc: Registered Video CC clocks
[   11.014693] clocksource: Switched to clocksource arch_sys_counter
[   11.208102] VFS: Disk quotas dquot_6.6.0
[   11.212442] VFS: Dquot-cache hash table entries: 512 (order 0, 4096 bytes)
[   11.220400] register_client_adhoc:find path.src 1 dest 589
[   11.221586] register_client_adhoc:find path.src 1 dest 596
[   11.228349] register_client_adhoc:find path.src 1 dest 590
[   11.234988] register_client_adhoc:Client handle 31 clk_measure
[   11.248844] mdss_pll_probe: MDSS pll label = MDSS DSI 0 PLL
[   11.260647] mdss_pll_probe: mdss_pll_probe: label=MDSS DSI 0 PLL PLL SSC enabled
[   11.269620] mdss_pll ae94900.qcom,mdss_dsi_pll: Failed to create ae94900.qcom,mdss_dsi_pll debugfs directory
[   11.279775] mdss_pll ae94900.qcom,mdss_dsi_pll: Failed to create ae94900.qcom,mdss_dsi_pll debugfs directory
[   11.289955] mdss_pll ae94900.qcom,mdss_dsi_pll: Failed to create ae94900.qcom,mdss_dsi_pll debugfs directory
[   11.300099] mdss_pll ae94900.qcom,mdss_dsi_pll: Failed to create ae94900.qcom,mdss_dsi_pll debugfs directory
[   11.310256] mdss_pll ae94900.qcom,mdss_dsi_pll: Failed to create ae94900.qcom,mdss_dsi_pll debugfs directory
[   11.320463] mdss_pll ae94900.qcom,mdss_dsi_pll: Failed to create ae94900.qcom,mdss_dsi_pll debugfs directory
[   11.333193] dsi_pll_clock_register_7nm: Registered DSI PLL ndx=0, clocks successfully
[   11.341390] mdss_pll_probe: MDSS pll label = MDSS DSI 1 PLL
[   11.347163] mdss_pll_probe: mdss_pll_probe: label=MDSS DSI 1 PLL PLL SSC enabled
[   11.355174] mdss_pll ae96900.qcom,mdss_dsi_pll: Failed to create ae96900.qcom,mdss_dsi_pll debugfs directory
[   11.365320] mdss_pll ae96900.qcom,mdss_dsi_pll: Failed to create ae96900.qcom,mdss_dsi_pll debugfs directory
[   11.375477] mdss_pll ae96900.qcom,mdss_dsi_pll: Failed to create ae96900.qcom,mdss_dsi_pll debugfs directory
[   11.385619] mdss_pll ae96900.qcom,mdss_dsi_pll: Failed to create ae96900.qcom,mdss_dsi_pll debugfs directory
[   11.395772] mdss_pll ae96900.qcom,mdss_dsi_pll: Failed to create ae96900.qcom,mdss_dsi_pll debugfs directory
[   11.405933] mdss_pll ae96900.qcom,mdss_dsi_pll: Failed to create ae96900.qcom,mdss_dsi_pll debugfs directory
[   11.428335] dsi_pll_clock_register_7nm: Registered DSI PLL ndx=1, clocks successfully
[   11.436507] mdss_pll_probe: MDSS pll label = MDSS DP PLL
[   11.444029] NET: Registered protocol family 2
[   11.450089] tcp_listen_portaddr_hash hash table entries: 4096 (order: 6, 393216 bytes)
[   11.458595] TCP established hash table entries: 65536 (order: 7, 524288 bytes)
[   11.468597] TCP bind hash table entries: 32768 (order: 9, 2883584 bytes)
[   11.477091] TCP: Hash tables configured (established 65536 bind 32768)
[   11.484829] UDP hash table entries: 4096 (order: 7, 786432 bytes)
[   11.492166] UDP-Lite hash table entries: 4096 (order: 7, 786432 bytes)
[   11.499684] NET: Registered protocol family 1
[   11.505715] PCI: CLS 0 bytes, default 64
[   11.506748] Trying to unpack rootfs image as initramfs...
[   11.525812] Freeing initrd memory: 808K
[   11.532292] hw perfevents: enabled with armv8_pmuv3 PMU driver, 7 counters available
[   11.544084] cryptomgr_test (129) used greatest stack depth: 13808 bytes left
[   11.551562] cryptomgr_test (128) used greatest stack depth: 13520 bytes left
[   11.586025] Initialise system trusted keyrings
[   11.590805] workingset: timestamp_bits=45 max_order=21 bucket_order=0
[   11.624918] Registering sdcardfs 0.1
[   11.629703] fuse init (API version 7.27)
[   11.639314] pfk_ext4 [pfk_ext4_init]: PFK EXT4 inited successfully
[   11.645724] pfk_f2fs [pfk_f2fs_init]: PFK F2FS inited successfully
[   11.674576] Key type asymmetric registered
[   11.678857] Asymmetric key parser 'x509' registered
[   11.683959] io scheduler noop registered
[   11.688538] io scheduler cfq registered (default)
[   11.693408] io scheduler mq-deadline registered
[   11.698121] io scheduler kyber registered
[   11.712430] Virtual Services transport driver for OKL4 Axons
[   11.735915] gpi_dma 900000.qcom,gpi-dma: Linked as a consumer to 15000000.apps-smmu
[   11.745168] iommu: Adding device 900000.qcom,gpi-dma to group 8
[   11.759885] gpi_dma a00000.qcom,gpi-dma: Linked as a consumer to 15000000.apps-smmu
[   11.769051] iommu: Adding device a00000.qcom,gpi-dma to group 9
[   11.780489] gpi_dma 800000.qcom,gpi-dma: Linked as a consumer to 15000000.apps-smmu
[   11.789424] iommu: Adding device 800000.qcom,gpi-dma to group 10
[   11.805993] kona-llcc 9200000.cache-controller: Failed to create 9200000.cache-controller debugfs directory
[   11.819600] register_client_adhoc:find path.src 125 dest 512
[   11.821223] register_client_adhoc:Client handle 32 scm_pas
[   11.827105] minidump-id not found for ipa_fws
[   11.837413] subsys-pil-tz soc:qcom,ipa_fws: for ipa_fws segments only will be dumped.
[   11.845637] subsys-pil-tz soc:qcom,ipa_fws: for md_ipa_fws segments only will be dumped.
[   11.854887] minidump-id not found for ipa_uc
[   11.859326] subsys-pil-tz soc:qcom,ipa_uc: for ipa_uc segments only will be dumped.
[   11.867358] subsys-pil-tz soc:qcom,ipa_uc: for md_ipa_uc segments only will be dumped.
[   11.876295] subsys-pil-tz 17300000.qcom,lpass: Linked as a consumer to regulator.20
[   11.884372] subsys-pil-tz 17300000.qcom,lpass: Linked as a consumer to regulator.12
[   11.892299] minidump-id not found for adsp
[   11.898490] subsys-pil-tz 8300000.qcom,turing: Linked as a consumer to regulator.4
[   11.906401] register_client_adhoc:find path.src 154 dest 10070
[   11.906657] register_client_adhoc:Client handle 33 pil-cdsp
[   11.912714] minidump-id not found for cdsp
[   11.924638] subsys-pil-tz aab0000.qcom,venus: Linked as a consumer to regulator.95
[   11.932576] register_client_adhoc:find path.src 63 dest 512
[   11.933594] register_client_adhoc:Client handle 34 pil-venus
[   11.939371] minidump-id not found for venus
[   11.950375] subsys-pil-tz 188101c.qcom,spss: Linked as a consumer to regulator.4
[   11.958020] minidump-id not found for spss
[   11.963053] PBL_DONE - 1st phase loading [spss] completed ok
[   11.969029] minidump-id not found for cvpss
[   11.973386] subsys-pil-tz abb0000.qcom,cvpss: for cvpss segments only will be dumped.
[   11.981595] subsys-pil-tz abb0000.qcom,cvpss: for md_cvpss segments only will be dumped.
[   11.990457] minidump-id not found for npu
[   11.994634] subsys-pil-tz 9800000.qcom,npu: for npu segments only will be dumped.
[   12.002497] subsys-pil-tz 9800000.qcom,npu: for md_npu segments only will be dumped.
[   12.010869] subsys-restart: __get_smem_state(): Could not get smem-states qcom,force-stop
[   12.020450] subsys-pil-tz 5c00000.qcom,ssc: Linked as a consumer to regulator.20
[   12.028243] subsys-pil-tz 5c00000.qcom,ssc: Linked as a consumer to regulator.12
[   12.035888] minidump-id not found for slpi
[   12.041988] minidump-id not found for a650_zap
[   12.046616] subsys-pil-tz soc:qcom,kgsl-hyp: for a650_zap segments only will be dumped.
[   12.055019] subsys-pil-tz soc:qcom,kgsl-hyp: for md_a650_zap segments only will be dumped.
[   12.083439] msm_geni_serial 998000.qcom,qup_uart: Wakeup byte 0xfd
[   12.090049] msm_geni_serial 998000.qcom,qup_uart: Serial port0 added.FifoSize 64 is_console0
[   12.100560] 998000.qcom,qup_uart: ttyHS0 at MMIO 0x998000 (irq = 400, base_baud = 0) is a MSM
[   12.111811] msm_geni_serial a90000.qcom,qup_uart: Serial port0 added.FifoSize 64 is_console1
[   12.120854] a90000.qcom,qup_uart: ttyMSM0 at MMIO 0xa90000 (irq = 402, base_baud = 0) is a MSM
[   12.145009] console [ttyMSM0] enabled
[   12.152641] bootconsole [msm_geni_serial0] disabled
[   12.163336] msm_geni_serial_init: Driver initialized
[   12.170578] register_client_adhoc:find path.src 1 dest 618
[   12.171603] register_client_adhoc:Client handle 35 msm-rng-noc
[   12.180066] random: crng init done
[   12.218572] iommu-debug soc:kgsl_iommu_test_device: Linked as a consumer to 3da0000.kgsl-smmu
[   12.227642] iommu: Adding device soc:kgsl_iommu_test_device to group 11
[   12.235580] iommu-debug soc:apps_iommu_test_device: Linked as a consumer to 15000000.apps-smmu
[   12.244643] iommu: Adding device soc:apps_iommu_test_device to group 12
[   12.252294] iommu-debug soc:apps_iommu_coherent_test_device: Linked as a consumer to 15000000.apps-smmu
[   12.262122] iommu: Adding device soc:apps_iommu_coherent_test_device to group 13
[   12.302450] brd: module loaded
[   12.346031] loop: module loaded
[   12.350369] zram: Added device: zram0
[   12.357144] QSEECOM: qseecom_init_control: qseecom.qsee_version = 0x1402000
[   12.364448] QSEECOM: qseecom_retrieve_ce_data: Device does not support PFE
[   12.380288] qce 1de0000.qcedev: Linked as a consumer to 15000000.apps-smmu
[   12.388516] iommu: Adding device 1de0000.qcedev to group 14
[   12.395214] register_client_adhoc:find path.src 125 dest 512
[   12.396683] register_client_adhoc:Client handle 36 qcedev-noc
[   12.402836] QCE50: __qce_get_device_tree_data: CE operating frequency is not defined, setting to default 100MHZ
[   12.419940] qce 1de0000.qcedev: QTI Crypto 5.5.0 device found @0x1de0000
[   12.427859] sps:BAM 0x0000000001dc4000 is registered.
[   12.428217] sps:BAM 0x0000000001dc4000 (va:0xffffff8019840000) enabled: ver:0x27, number of pipes:16
[   12.443410] QCE50: qce_sps_init:  QTI MSM CE-BAM at 0x0000000001dc4000 irq 101
[   12.451774] qce 1de0000.qcedev:qcom_cedev_ns_cb: Linked as a consumer to 15000000.apps-smmu
[   12.461474] iommu: Adding device 1de0000.qcedev:qcom_cedev_ns_cb to group 15
[   12.470132] qce 1de0000.qcedev:qcom_cedev_s_cb: Linked as a consumer to 15000000.apps-smmu
[   12.480433] iommu: Adding device 1de0000.qcedev:qcom_cedev_s_cb to group 16
[   12.490311] qcrypto 1de0000.qcrypto: Linked as a consumer to 15000000.apps-smmu
[   12.498765] iommu: Adding device 1de0000.qcrypto to group 17
[   12.505304] register_client_adhoc:find path.src 125 dest 512
[   12.506708] register_client_adhoc:Client handle 37 qcrypto-noc
[   12.512806] QCE50: __qce_get_device_tree_data: CE operating frequency is not defined, setting to default 100MHZ
[   12.529968] qcrypto 1de0000.qcrypto: QTI Crypto 5.5.0 device found @0x1de0000
[   12.537955] QCE50: qce_sps_init:  QTI MSM CE-BAM at 0x0000000001dc4000 irq 101
[   12.546342] qcrypto 1de0000.qcrypto: qcrypto-ecb-aes
[   12.551983] qcrypto 1de0000.qcrypto: qcrypto-cbc-aes
[   12.557605] qcrypto 1de0000.qcrypto: qcrypto-ctr-aes
[   12.563253] qcrypto 1de0000.qcrypto: qcrypto-ecb-des
[   12.568994] qcrypto 1de0000.qcrypto: qcrypto-cbc-des
[   12.574612] qcrypto 1de0000.qcrypto: qcrypto-ecb-3des
[   12.580381] qcrypto 1de0000.qcrypto: qcrypto-cbc-3des
[   12.586164] qcrypto 1de0000.qcrypto: qcrypto-xts-aes
[   12.591790] qcrypto 1de0000.qcrypto: qcrypto-sha1
[   12.597148] qcrypto 1de0000.qcrypto: qcrypto-sha256
[   12.602699] qcrypto 1de0000.qcrypto: qcrypto-aead-hmac-sha1-cbc-aes
[   12.609642] qcrypto 1de0000.qcrypto: qcrypto-aead-hmac-sha1-cbc-des
[   12.616667] qcrypto 1de0000.qcrypto: qcrypto-aead-hmac-sha1-cbc-3des
[   12.623745] qcrypto 1de0000.qcrypto: qcrypto-aead-hmac-sha256-cbc-aes
[   12.630900] qcrypto 1de0000.qcrypto: qcrypto-aead-hmac-sha256-cbc-des
[   12.638061] qcrypto 1de0000.qcrypto: qcrypto-aead-hmac-sha256-cbc-3des
[   12.645315] qcrypto 1de0000.qcrypto: qcrypto-hmac-sha1
[   12.651163] qcrypto 1de0000.qcrypto: qcrypto-hmac-sha256
[   12.657164] qcrypto 1de0000.qcrypto: qcrypto-aes-ccm
[   12.662800] qcrypto 1de0000.qcrypto: qcrypto-rfc4309-aes-ccm
[   12.673311] ufshcd-qcom 1d84000.ufshc: no vccq2-voltage-level property.
[   12.680594] ufshcd-qcom 1d84000.ufshc: Linked as a consumer to regulator.62
[   12.688400] ufshcd-qcom 1d84000.ufshc: Linked as a consumer to regulator.28
[   12.695768] ufshcd-qcom 1d84000.ufshc: Linked as a consumer to regulator.16
[   12.703128] ufshcd-qcom 1d84000.ufshc: Linked as a consumer to regulator.7
[   12.710959] qcom_ice_get_pdevice: found ice device fffffff5a1fa4880
[   12.717442] qcom_ice_get_pdevice: matching platform device fffffff5af4e9480
[   12.725398] register_client_adhoc:find path.src 123 dest 512
[   12.726799] register_client_adhoc:find path.src 1 dest 757
[   12.733789] register_client_adhoc:Client handle 38 ufshc_mem
[   12.739975] ufs_qcom_phy_qmp_v4 1d87000.ufsphy_mem: Linked as a consumer to regulator.18
[   12.754529] ufs_qcom_phy_qmp_v4 1d87000.ufsphy_mem: Linked as a consumer to regulator.13
[   12.763137] ufshcd-qcom 1d84000.ufshc: Linked as a consumer to regulator.36
[   12.772951] scsi host0: ufshcd
[   12.781864] qcom_ice 1d90000.ufsice: QC ICE 3.1.81 device found @0xffffff8019928000
[   12.800351] SCSI Media Changer driver v0.25 
[   12.813677] spmi spmi-1: pmic_arb_debug_wait_for_done: transaction failed (0x3)
[   12.816347] ufshcd-qcom 1d84000.ufshc: ufshcd_print_pwr_info:[RX, TX]: gear=[1, 1], lane[1, 1], pwr[SLOWAUTO_MODE, SLOWAUTO_MODE], rate = 0
[   12.822516] spmi spmi-1: SPMI PMIC arbiter debug bus controller added
[   12.841645] Ethernet Channel Bonding Driver: v3.7.1 (April 27, 2011)
[   12.853755] libphy: Fixed MDIO Bus: probed
[   12.858354] tun: Universal TUN/TAP device driver, 1.6
[   12.863866] igb: Intel(R) Gigabit Ethernet Network Driver - version 5.4.0-k
[   12.871058] igb: Copyright (c) 2007-2014 Intel Corporation.
[   12.876666] ufshcd-qcom 1d84000.ufshc: ufshcd_needs_reinit: Re-init UFS host to use proper PHY settings for the UFS device. This can be avoided by setting the force-g4 in DT
[   12.876937] PPP generic driver version 2.4.2
[   12.897408] PPP BSD Compression module registered
[   12.898573] qcom_ice 1d90000.ufsice: QC ICE 3.1.81 device found @0xffffff8019928000
[   12.902294] PPP Deflate Compression module registered
[   12.902324] PPP MPPE Compression module registered
[   12.902329] NET: Registered protocol family 24
[   12.902331] PPTP driver version 0.8.5
[   12.905364] CLD80211: Initializing
[   12.909078] cnss: set_wlaon_pwr_ctrl is 1
[   12.909207] cnss: Get CPR PMIC address 0x43200 from smpf2
[   12.909226] cnss: TCS CMD base address is 0x000000000b2e5510 with length 0x00000000000005c0
[   12.911105] cnss2 b0000000.qcom,cnss-qca6390: Linked as a consumer to regulator.7
[   12.915754] usbcore: registered new interface driver r8152
[   12.920784] cnss: Got regulator: vdd-wlan-io, min_uv: 1800000, max_uv: 1800000, load_ua: 0, delay_us: 0, need_unvote: 1
[   12.925257] usbcore: registered new interface driver lan78xx
[   12.930114] cnss2 b0000000.qcom,cnss-qca6390: Linked as a consumer to regulator.41
[   12.932721] usbcore: registered new interface driver asix
[   12.936586] ufshcd-qcom 1d84000.ufshc: ufshcd_print_pwr_info:[RX, TX]: gear=[1, 1], lane[1, 1], pwr[SLOWAUTO_MODE, SLOWAUTO_MODE], rate = 0
[   12.940368] cnss: Got regulator: wlan-ant-switch, min_uv: 1800000, max_uv: 1800000, load_ua: 0, delay_us: 0, need_unvote: 0
[   12.940649] cnss2 b0000000.qcom,cnss-qca6390: Linked as a consumer to regulator.9
[   12.946420] usbcore: registered new interface driver ax88179_178a
[   12.951993] cnss: Got regulator: vdd-wlan-aon, min_uv: 950000, max_uv: 950000, load_ua: 0, delay_us: 0, need_unvote: 1
[   12.959812] usbcore: registered new interface driver cdc_ether
[   12.965554] cnss2 b0000000.qcom,cnss-qca6390: Linked as a consumer to regulator.51
[   12.978291] usbcore: registered new interface driver net1080
[   12.985963] cnss: Got regulator: vdd-wlan-dig, min_uv: 950000, max_uv: 952000, load_ua: 0, delay_us: 0, need_unvote: 1
[   12.986132] cnss2 b0000000.qcom,cnss-qca6390: Linked as a consumer to regulator.8
[   12.991998] ufshcd-qcom 1d84000.ufshc: ufshcd_print_pwr_info:[RX, TX]: gear=[4, 4], lane[2, 2], pwr[FAST MODE, FAST MODE], rate = 1
[   12.992353] usbcore: registered new interface driver cdc_subset
[   12.992478] ufshcd-qcom 1d84000.ufshc: ufshcd_wb_config: Write Booster Configured
[   12.996252] scsi 0:0:0:49488: Well-known LUN    SKhynix  HN8T05BZGKX015   A002 PQ: 0 ANSI: 6
[   12.998283] cnss: Got regulator: vdd-wlan-rfa1, min_uv: 1900000, max_uv: 1900000, load_ua: 0, delay_us: 0, need_unvote: 1
[   12.998463] cnss2 b0000000.qcom,cnss-qca6390: Linked as a consumer to regulator.36
[   13.006147] usbcore: registered new interface driver zaurus
[   13.011924] cnss: Got regulator: vdd-wlan-rfa2, min_uv: 1350000, max_uv: 1350000, load_ua: 0, delay_us: 0, need_unvote: 1
[   13.012051] cnss: Failed to get optional clock rf_clk, err = -2
[   13.019733] usbcore: registered new interface driver cdc_ncm
[   13.032084] cnss: BT GPIO: 1121
[   13.034900] scsi 0:0:0:49476: Well-known LUN    SKhynix  HN8T05BZGKX015   A002 PQ: 0 ANSI: 6
[   13.039855] msm-usb-ssphy-qmp 88e8000.ssphy: Linked as a consumer to regulator.29
[   13.045680] cnss: Regulator vdd-wlan-io is being enabled
[   13.047783] scsi 0:0:0:49456: Well-known LUN    SKhynix  HN8T05BZGKX015   A002 PQ: 0 ANSI: 6
[   13.054537] msm-usb-ssphy-qmp 88e8000.ssphy: Linked as a consumer to regulator.18
[   13.062136] cnss: Regulator wlan-ant-switch is being enabled
[   13.068440] msm-usb-ssphy-qmp 88eb000.ssphy: Linked as a consumer to regulator.29
[   13.074053] cnss: Regulator vdd-wlan-aon is being enabled
[   13.082790] msm-usb-ssphy-qmp 88eb000.ssphy: Linked as a consumer to regulator.18
[   13.090282] cnss: Regulator vdd-wlan-dig is being enabled
[   13.100170] msm-usb-hsphy 88e3000.hsphy: Linked as a consumer to regulator.13
[   13.102459] scsi 0:0:0:0: Direct-Access     SKhynix  HN8T05BZGKX015   A002 PQ: 0 ANSI: 6
[   13.106839] scsi 0:0:0:1: Direct-Access     SKhynix  HN8T05BZGKX015   A002 PQ: 0 ANSI: 6
[   13.107172] cnss: Regulator vdd-wlan-rfa1 is being enabled
[   13.107346] cnss: Regulator vdd-wlan-rfa2 is being enabled
[   13.108676] msm_pcie_enable: PCIe: Assert the reset of endpoint of RC0.
[   13.112149] msm_pcie_enable: PCIe: RC0: PCIE20_PARF_INT_ALL_MASK: 0x7f80c202
[   13.114420] pcie_phy_init: PCIe RC0 PHY is ready!
[   13.114437] msm-usb-hsphy 88e3000.hsphy: Linked as a consumer to regulator.10
[   13.114587] msm-usb-hsphy 88e3000.hsphy: Linked as a consumer to regulator.21
[   13.115550] msm-usb-hsphy 88e4000.hsphy: Linked as a consumer to regulator.13
[   13.115695] msm-usb-hsphy 88e4000.hsphy: Linked as a consumer to regulator.10
[   13.115860] msm-usb-hsphy 88e4000.hsphy: Linked as a consumer to regulator.21
[   13.119546] msm-dwc3 a600000.ssusb: Linked as a consumer to 15000000.apps-smmu
[   13.120412] iommu: Adding device a600000.ssusb to group 18
[   13.121286] msm-dwc3 a600000.ssusb: Linked as a consumer to regulator.63
[   13.124711] msm-dwc3 a600000.ssusb: pins are not configured
[   13.126406] scsi 0:0:0:2: Direct-Access     SKhynix  HN8T05BZGKX015   A002 PQ: 0 ANSI: 6
[   13.130185] scsi 0:0:0:3: Direct-Access     SKhynix  HN8T05BZGKX015   A002 PQ: 0 ANSI: 6
[   13.138647] dwc3 a600000.dwc3: Failed to get clk 'ref': -2
[   13.139512] msm_pcie_enable: PCIe: Release the reset of endpoint of RC0.
[   13.150560] scsi 0:0:0:4: Direct-Access     SKhynix  HN8T05BZGKX015   A002 PQ: 0 ANSI: 6
[   13.153420] dwc3 a600000.dwc3: changing max_speed on rev 00000000
[   13.155965] msm_pcie_link_train: PCIe RC0 link initialized
[   13.156289] pci-msm 1c00000.qcom,pcie: host bridge /soc/qcom,pcie@1c00000 ranges:
[   13.156298] pci-msm 1c00000.qcom,pcie:   No bus range found for /soc/qcom,pcie@1c00000, using [bus 00-ff]
[   13.156321] pci-msm 1c00000.qcom,pcie:    IO 0x60200000..0x602fffff -> 0x60200000
[   13.156352] pci-msm 1c00000.qcom,pcie:   MEM 0x60300000..0x63ffffff -> 0x60300000
[   13.157625] pci-msm 1c00000.qcom,pcie: PCI host bridge to bus 0000:00
[   13.157631] pci_bus 0000:00: root bus resource [bus 00-ff]
[   13.157649] pci_bus 0000:00: root bus resource [io  0x100000-0x1fffff] (bus address [0x60200000-0x602fffff])
[   13.157658] pci_bus 0000:00: root bus resource [mem 0x60300000-0x63ffffff]
[   13.157723] pci 0000:00:00.0: [17cb:010b] type 01 class 0x060400
[   13.157801] pci 0000:00:00.0: reg 0x10: [mem 0x00000000-0x00000fff 64bit]
[   13.157975] pci 0000:00:00.0: PME# supported from D0 D3hot D3cold
[   13.164332] pci 0000:00:00.0: bridge configuration invalid ([bus 00-00]), reconfiguring
[   13.169423] scsi 0:0:0:5: Direct-Access     SKhynix  HN8T05BZGKX015   A002 PQ: 0 ANSI: 6
[   13.173097] pci 0000:01:00.0: [17cb:1101] type 00 class 0xff0000
[   13.175408] register_client_adhoc:find path.src 61 dest 512
[   13.176942] register_client_adhoc:find path.src 61 dest 676
[   13.178643] register_client_adhoc:find path.src 1 dest 583
[   13.179654] register_client_adhoc:Client handle 39 usb0
[   13.188136] msm-dwc3 a600000.ssusb: Dropping the link to regulator.63
[   13.195058] pci 0000:01:00.0: reg 0x10: [mem 0x00000000-0x000fffff 64bit]
[   13.202669] msm-dwc3 a800000.ssusb: Linked as a consumer to 15000000.apps-smmu
[   13.210389] pci 0000:01:00.0: PME# supported from D0 D3hot D3cold
[   13.216588] iommu: Adding device a800000.ssusb to group 19
[   13.218557] sd 0:0:0:0: Power-on or device reset occurred
[   13.218802] sd 0:0:0:1: Power-on or device reset occurred
[   13.219589] sd 0:0:0:2: Power-on or device reset occurred
[   13.220005] sd 0:0:0:3: Power-on or device reset occurred
[   13.221137] sd 0:0:0:4: Power-on or device reset occurred
[   13.222340] sd 0:0:0:5: Power-on or device reset occurred
[   13.222517] pci 0000:01:00.0: 4.000 Gb/s available PCIe bandwidth, limited by 5 GT/s x1 link at 0000:00:00.0 (capable of 7.876 Gb/s with 8 GT/s x1 link)
[   13.224814] sd 0:0:0:0: [sda] Write Protect is off
[   13.224858] sd 0:0:0:0: [sda] Mode Sense: 00 32 00 10
[   13.225110] sd 0:0:0:1: [sdb] Write Protect is off
[   13.225148] sd 0:0:0:1: [sdb] Mode Sense: 00 32 00 10
[   13.226210] sd 0:0:0:3: [sdd] Write Protect is off
[   13.226250] sd 0:0:0:3: [sdd] Mode Sense: 00 32 00 10
[   13.226339] sd 0:0:0:4: [sde] Write Protect is off
[   13.226351] sd 0:0:0:4: [sde] Mode Sense: 00 32 00 10
[   13.227400] sd 0:0:0:0: [sda] Optimal transfer size 524288 bytes
[   13.227805] sd 0:0:0:5: [sdf] Write Protect is off
[   13.227816] sd 0:0:0:5: [sdf] Mode Sense: 00 32 00 10
[   13.227902] sd 0:0:0:4: [sde] Optimal transfer size 524288 bytes
[   13.228550] sd 0:0:0:3: [sdd] Optimal transfer size 524288 bytes
[   13.229296] msm-dwc3 a800000.ssusb: Linked as a consumer to regulator.64
[   13.229326] sd 0:0:0:1: [sdb] Optimal transfer size 524288 bytes
[   13.230068] sd 0:0:0:5: [sdf] Optimal transfer size 524288 bytes
[   13.232552] sd 0:0:0:2: [sdc] Write Protect is off
[   13.232664] sd 0:0:0:2: [sdc] Mode Sense: 00 32 00 10
[   13.234567] sd 0:0:0:2: [sdc] Optimal transfer size 524288 bytes
[   13.235260] dwc3 a800000.dwc3: Failed to get clk 'ref': -2
[   13.236955] register_client_adhoc:find path.src 101 dest 512
[   13.237776] sdb: sdb1 sdb2
[   13.238164] sdf: sdf1 sdf2 sdf3 sdf4 sdf5 sdf6 sdf7 sdf8 sdf9
[   13.246367] pci_bus 0000:01: busn_res: [bus 01-ff] end is updated to 01
[   13.249394] sdc: sdc1 sdc2
[   13.251262] sda: sda1 sda2 sda3 sda4 sda5 sda6 sda7 sda8 sda9 sda10 sda11 sda12 sda13 sda14 sda15
[   13.252423] register_client_adhoc:find path.src 101 dest 676
[   13.254350] register_client_adhoc:find path.src 1 dest 751
[   13.255133] sde: sde1 sde2 sde3 sde4 sde5 sde6 sde7 sde8 sde9 sde10 sde11 sde12 sde13 sde14 sde15 sde16 sde17 sde18 sde19 sde20 sde21 sde22 sde23 sde24 sde25 sde26 sde27 sde28 sde29 sde30 sde31 sde32 sde33 sde34 sde35 sde36 sde37 sde38 sde39 sde40 sde41 sde42 sde43 sde44 sde45 sde46 sde47 sde48 sde49 sde50 sde51 sde52 sde53 sde54 sde55 sde56 sde57 sde58 sde59 sde60 sde61 sde62 sde63 sde64 sde65
[   13.255431] sdd: sdd1 sdd2 sdd3 sdd4
[   13.255523] register_client_adhoc:Client handle 39 usb1
[   13.257808] pci 0000:00:00.0: bridge window [io  0x1000-0x0fff] to [bus 01] add_size 1000
[   13.258693] ehci_hcd: USB 2.0 'Enhanced' Host Controller (EHCI) Driver
[   13.258752] ehci-pci: EHCI PCI platform driver
[   13.258824] ehci-platform: EHCI generic platform driver
[   13.259762] ohci_hcd: USB 1.1 'Open' Host Controller (OHCI) Driver
[   13.259795] ohci-pci: OHCI PCI platform driver
[   13.259877] ohci-platform: OHCI generic platform driver
[   13.261930] usbcore: registered new interface driver usb-storage
[   13.262000] usbcore: registered new interface driver usb_ehset_test
[   13.262058] usbcore: registered new interface driver lvs
[   13.264157] qpnp-pdphy c440000.qcom,spmi:qcom,pm8150b@2:qcom,usb-pdphy@1700: Linked as a consumer to regulator.10
[   13.268020] qpnp-pdphy c440000.qcom,spmi:qcom,pm8150b@2:qcom,usb-pdphy@1700: usbpd_create failed: -517
[   13.272382] pci 0000:00:00.0: bridge window [mem 0x00100000-0x000fffff 64bit pref] to [bus 01] add_size 200000 add_align 100000
[   13.272389] pci 0000:00:00.0: bridge window [mem 0x00100000-0x001fffff] to [bus 01] add_size 200000 add_align 100000
[   13.278547] qpnp-pdphy c440000.qcom,spmi:qcom,pm8150b@2:qcom,usb-pdphy@1700: Dropping the link to regulator.10
[   13.285896] pci 0000:00:00.0: BAR 8: assigned [mem 0x60300000-0x605fffff]
[   13.297322] usbcore: registered new interface driver xpad
[   13.303318] pci 0000:00:00.0: BAR 9: assigned [mem 0x60600000-0x607fffff 64bit pref]
[   13.303322] pci 0000:00:00.0: BAR 0: assigned [mem 0x60800000-0x60800fff 64bit]
[   13.303354] pci 0000:00:00.0: BAR 7: assigned [io  0x100000-0x100fff]
[   13.311165] usbcore: registered new interface driver usb_acecad
[   13.316554] msm-dwc3 a800000.ssusb: DWC3 exited from low power mode
[   13.317729] pci 0000:01:00.0: BAR 0: assigned [mem 0x60300000-0x603fffff 64bit]
[   13.317779] pci 0000:00:00.0: PCI bridge to [bus 01]
[   13.319115] xhci-hcd xhci-hcd.0.auto: xHCI Host Controller
[   13.319399] xhci-hcd xhci-hcd.0.auto: new USB bus registered, assigned bus number 1
[   13.322052] xhci-hcd xhci-hcd.0.auto: hcc params 0x0230ffe5 hci version 0x110 quirks 0x0000000000010810
[   13.322211] xhci-hcd xhci-hcd.0.auto: irq 439, io mem 0x0a800000
[   13.323487] usbcore: registered new interface driver aiptek
[   13.326636] usb usb1: New USB device found, idVendor=1d6b, idProduct=0002, bcdDevice= 4.19
[   13.326658] usb usb1: New USB device strings: Mfr=3, Product=2, SerialNumber=1
[   13.326670] usb usb1: Product: xHCI Host Controller
[   13.326683] usb usb1: Manufacturer: Linux 4.19.81+ xhci-hcd
[   13.326694] usb usb1: SerialNumber: xhci-hcd.0.auto
[   13.330105] hub 1-0:1.0: USB hub found
[   13.330858] hub 1-0:1.0: 1 port detected
[   13.333530] pci 0000:00:00.0:   bridge window [io  0x100000-0x100fff]
[   13.333546] pci 0000:00:00.0:   bridge window [mem 0x60300000-0x605fffff]
[   13.334454] xhci-hcd xhci-hcd.0.auto: xHCI Host Controller
[   13.334568] xhci-hcd xhci-hcd.0.auto: new USB bus registered, assigned bus number 2
[   13.334622] xhci-hcd xhci-hcd.0.auto: Host supports USB 3.1 Enhanced SuperSpeed
[   13.336450] usb usb2: New USB device found, idVendor=1d6b, idProduct=0003, bcdDevice= 4.19
[   13.336463] usb usb2: New USB device strings: Mfr=3, Product=2, SerialNumber=1
[   13.336475] usb usb2: Product: xHCI Host Controller
[   13.336487] usb usb2: Manufacturer: Linux 4.19.81+ xhci-hcd
[   13.336498] usb usb2: SerialNumber: xhci-hcd.0.auto
[   13.339815] hub 2-0:1.0: USB hub found
[   13.340072] hub 2-0:1.0: 1 port detected
[   13.341609] usbcore: registered new interface driver gtco
[   13.348860] pci 0000:00:00.0:   bridge window [mem 0x60600000-0x607fffff 64bit pref]
[   13.349353] pci-msm-rc 0000:00:00.0: Linked as a consumer to 15000000.apps-smmu
[   13.357348] usbcore: registered new interface driver hanwang
[   13.364163] iommu: Adding device 0000:00:00.0 to group 20
[   13.368864] usbcore: registered new interface driver kbtab
[   13.375982] msm_pcie_enumerate: PCIe: RC0: has already been enumerated.
[   13.379968] cnss_pci 0000:01:00.0: Linked as a consumer to 15000000.apps-smmu
[   13.380520] qcom,haptics c440000.qcom,spmi:qcom,pm8150b@3:qcom,haptics@c000: parse device-tree failed, rc=-517
[   13.391000] iommu: Adding device 0000:01:00.0 to group 21
[   13.396061] rtc-pm8xxx c440000.qcom,spmi:qcom,pm8150@0:qcom,pm8150_rtc: rtc core: registered pm8xxx_rtc as rtc0
[   13.400627] cnss: PCI is probing, vendor ID: 0x17cb, device ID: 0x1101
[   13.406257] i2c /dev entries driver
[   13.411070] cnss_pci 0000:01:00.0: assigned reserved memory node cnss_wlan_region
[   13.417681] i2c_geni a84000.i2c: Bus frequency not specified, default to 400KHz.
[   13.422141] cnss: CMA area is cnss_wlan_region
[   13.429857] i2c_geni a94000.i2c: Bus frequency not specified, default to 400KHz.
[   13.434021] cnss: Powerup is ignored
[   13.448393] kona-pinctrl f000000.pinctrl: pin_config_group_set op failed for group 75
[   13.452610] cnss: Ramdump size 0x420000
[   13.457215] lt9611 1-002b: Error applying setting, reverse things back
[   13.457512] lt9611_parse_dt: irq_gpio=1139
[   13.462222] cnss2 b0000000.qcom,cnss-qca6390: for wlan segments only will be dumped.
[   13.467274] lt9611_parse_dt: reset_gpio=1175
[   13.473518] cnss: Initializing SMMU
[   13.478277] lt9611_parse_dt: hdmi ps gpio not specified
[   13.484458] cnss: Enabling SMMU S1 stage
[   13.490658] lt9611_parse_dt: hdmi_en_gpio=1138
[   13.497528] cnss: smmu_iova_start: 0x00000000a0000000, smmu_iova_len: 0x10000000
[   13.503702] lt9611_parse_dt: ac_mode=0
[   13.503705] lt9611_parse_dt: non_pluggable = 1
[   13.503724] lt9611_parse_dt_modes: mode[1280x720] h[1280,1390,1430,1650] v[720,725,730,750] 60 5 74250kHZ
[   13.509903] cnss: smmu_iova_ipa_start: 0x00000000b0000000, smmu_iova_ipa_len: 0x10000
[   13.514850] lt9611_parse_dt_modes: mode[1920x1080] h[1920,2008,2052,2200] v[1080,1084,1089,1125] 30 5 74250kHZ
[   13.521032] cnss: iommu_geometry: 0
[   13.526683] lt9611_parse_dt_modes: mode[1920x1080] h[1920,2008,2052,2200] v[1080,1084,1089,1125] 60 5 148500kHZ
[   13.532518] cnss: PCIe DRV is supported
[   13.535399] lt9611_parse_dt_modes: mode[3840x2160] h[3840,3928,3972,4132] v[2160,2168,2178,2250] 30 5 297000kHZ
[   13.541565] cnss_pci 0000:01:00.0: BAR 0: assigned [mem 0x60300000-0x603fffff 64bit]
[   13.544275] lt9611_parse_dt_modes: mode[3840x2160] h[3840,3928,3972,4132] v[2160,2168,2178,2250] 60 5 594000kHZ
[   13.553534] pci-msm-rc 0000:00:00.0: enabling device (0006 -> 0007)
[   13.559305] lt9611_get_dt_supply: no supply entry present
[   13.584288] lt9611_reset: reset: 1
[   13.600942] cnss_pci 0000:01:00.0: enabling device (0000 -> 0002)
[   13.644396] usb 1-1: new full-speed USB device number 2 using xhci-hcd
[   13.649691] cnss: Config PCIe remap window register to 0x4000003f
[   13.797607] usb 1-1: New USB device found, idVendor=046d, idProduct=c52b, bcdDevice=12.01
[   13.802829] cnss: Read register offset 0x1f8031c, val = 0x6
[   13.807688] usb 1-1: New USB device strings: Mfr=1, Product=2, SerialNumber=0
[   13.813448] cnss: Write val 0x2 to register offset 0x1f8031c
[   13.818512] usb 1-1: Product: USB Receiver
[   13.825191] cnss: MSI base data is 800
[   13.826059] lt9611_read_device_id: LT9611 id: 0x1704
[   13.826474] usb 1-1: Manufacturer: Logitech
[   13.833086] cnss: BAR starts at 0x0000000060300000, len-100000
[   13.833091] cnss: Assign MSI to user: MHI, num_vectors: 3, user_base_data: 800, base_vector: 0
[   13.833096] cnss: Number of assigned MSI for MHI is 3, base vector is 0
[   14.029609] lt9611_get_version: LT9611 revison: 0x0
[   14.037061] cnss: Get IRQ number 441 for vector index 0
[   14.096662] cnss: Get IRQ number 442 for vector index 1
[   14.096667] cnss: Get IRQ number 443 for vector index 2
[   14.098447] cnss: Get device version info, family number: 0x4, device number: 0xa, major version: 0x2, minor version: 0x0
[   14.098454] cnss: FW name added with prefix: qca6390/amss20.bin
[   14.098458] cnss: FW name is qca6390/amss20.bin, FW fallback name is amss20.bin
[   14.098472] cnss: Get PCI link status register: 4114
[   14.098476] cnss: Default PCI link speed is 0x2, link width is 0x1
[   14.098489] cnss: Config PCIe remap window register to 0x4000003c
[   14.098503] cnss: Config PCIe remap window register to 0x4000003f
[   14.098518] cnss: Read register offset 0x1f8031c, val = 0x2
[   14.098533] cnss: Write val 0x3 to register offset 0x1f8031c
[   14.116319] cnss: Suspending PCI link
[   14.217497] msm_pcie_disable: PCIe: Assert the reset of endpoint of RC0.
[   14.225827] cnss: Regulator vdd-wlan-rfa2 is being disabled
[   14.226235] cnss: Regulator vdd-wlan-rfa1 is being disabled
[   14.226375] cnss: Regulator vdd-wlan-dig is being disabled
[   14.226513] cnss: Regulator vdd-wlan-aon is being disabled
[   14.226650] cnss: Regulator wlan-ant-switch is being disabled
[   14.226740] cnss: Regulator vdd-wlan-io is being disabled
[   14.227777] register_client_adhoc:find path.src 45 dest 512
[   14.232406] register_client_adhoc:Client handle 40 msm-cnss
[   14.242686] cnss: Platform driver probed successfully.
[   14.249738] lt9611_get_version: LT9611 revison: 0x42
[   14.259573] lt9611_probe: LT9611 works, no need to upgrade FW
[   14.269628] i2c_geni 884000.i2c: Bus frequency not specified, default to 400KHz.
[   14.286156] PMIC@SID0: SMB1355 v1.1 options: 0, 0, 0, 0
[   14.292103] I2C PMIC: i2c_pmic_probe: I2C PMIC probe successful
[   14.304873] msm_cvp_v4l2 ab00000.qcom,cvp:cvp_non_secure_cb: Linked as a consumer to 15000000.apps-smmu
[   14.315543] iommu: Adding device ab00000.qcom,cvp:cvp_non_secure_cb to group 22
[   14.324417] msm_cvp_v4l2 ab00000.qcom,cvp:cvp_secure_nonpixel_cb: Linked as a consumer to 15000000.apps-smmu
[   14.336441] iommu: Adding device ab00000.qcom,cvp:cvp_secure_nonpixel_cb to group 23
[   14.345574] msm_cvp_v4l2 ab00000.qcom,cvp:cvp_secure_pixel_cb: Linked as a consumer to 15000000.apps-smmu
[   14.356952] iommu: Adding device ab00000.qcom,cvp:cvp_secure_pixel_cb to group 24
[   14.365319] platform ab00000.qcom,cvp:qcom,msm-cvp,mem_cdsp: assigned reserved memory node cdsp_region
[   14.377627] msm_npu 9900000.qcom,msm_npu: Linked as a consumer to 15000000.apps-smmu
[   14.386702] iommu: Adding device 9900000.qcom,msm_npu to group 25
[   14.393826] NPU_INFO: npu_probe: 2505 unable to get qfprom_physical resource
[   14.401411] msm_npu 9900000.qcom,msm_npu: Linked as a consumer to regulator.93
[   14.409046] msm_npu 9900000.qcom,msm_npu: Linked as a consumer to regulator.4
[   14.417466] register_client_adhoc:find path.src 154 dest 512
[   14.418505] register_client_adhoc:find path.src 154 dest 620
[   14.425602] register_client_adhoc:Client handle 41 9900000.qcom,msm_npu
[   14.431470] NPU_INFO: npu_parse_dt_bw: 1832 NPU BW client sets up successfully
[   14.453153] synx: synx device init start
[   14.458305] synx: synx device init success
[   14.462732] usbcore: registered new interface driver uvcvideo
[   14.468689] USB Video Class driver (1.1.1)
[   14.475221] Couldn't parse device tree rc=-517
[   14.501991] SMB1355: smb1355_probe: smb1355 probed successfully pl_mode=USBMID-USBMID batfet_mode=NON-STACKED_BATFET
[   14.554267] FG: fg_gen4_probe: battery SOC:97 voltage: 4312977uV temp: 587 id: 50200 ohms
[   14.564079] of_batterydata_get_best_profile: No battery data found
[   14.570513] FG: fg_gen4_get_batt_profile: couldn't find profile handle
[   14.583495] FG: profile_load_work: profile for batt_id=50KOhms not found..using OTP, rc:-61
[   14.592799] FG: fg_psy_get_property: unsupported property 4
[   14.595988] msm_lmh_dcvs 18591000.qcom,cpufreq-hw:qcom,limits-dcvs: Linked as a consumer to regulator.22
[   14.608604] msm_lmh_dcvs 18591000.qcom,cpufreq-hw:qcom,limits-dcvs: Linked as a consumer to regulator.14
[   14.624763] device-mapper: uevent: version 1.0.3
[   14.630913] device-mapper: ioctl: 4.39.0-ioctl (2018-04-03) initialised: dm-devel@redhat.com
[   14.641589] bt_power_populate_dt_pinfo: bt_power_populate_dt_pinfo: getting wl-reset-gpio 
[   14.650277] bt_dt_parse_vreg_info: qca,bt-vdd-core: is not provided in device tree
[   14.658103] bt_dt_parse_vreg_info: qca,bt-vdd-io: is not provided in device tree
[   14.665747] bt_dt_parse_vreg_info: qca,bt-vdd-xtal: is not provided in device tree
[   14.673584] bt_dt_parse_vreg_info: qca,bt-vdd-pa: is not provided in device tree
[   14.681227] bt_dt_parse_vreg_info: qca,bt-vdd-ldo: is not provided in device tree
[   14.688967] bt_dt_parse_vreg_info: qca,bt-chip-pwd: is not provided in device tree
[   14.696819] bt_dt_parse_clk_info: clocks is not provided in device tree
[   14.705754] EDAC DEVICE0: Giving out device to module soc:kryo-erp controller cache: DEV soc:kryo-erp (INTERRUPT)
[   14.718159] qcom_llcc_edac qcom_llcc_edac: No ECC IRQ; defaulting to polling mode
[   14.726031] EDAC DEVICE1: Giving out device to module qcom_llcc_edac controller llcc: DEV qcom_llcc_edac (POLLED)
[   14.738312] sdhci: Secure Digital Host Controller Interface driver
[   14.744709] sdhci: Copyright(c) Pierre Ossman
[   14.749297] sdhci-pltfm: SDHCI platform and OF driver helper
[   14.759876] sdhci_msm 8804000.sdhci: sdhci_msm_get_ice_device_vops: ICE device is not enabled
[   14.762579] input: Logitech USB Receiver as /devices/platform/soc/a800000.ssusb/a800000.dwc3/xhci-hcd.0.auto/usb1/1-1/1-1:1.0/0003:046D:C52B.0001/input/input2
[   14.771509] sdhci_msm 8804000.sdhci: core_reset unavailable,err = -2
[   14.790108] sdhci_msm 8804000.sdhci: Reset data parsing error
[   14.796692] register_client_adhoc:find path.src 81 dest 512
[   14.798500] register_client_adhoc:find path.src 1 dest 608
[   14.805519] register_client_adhoc:Client handle 42 sdhc2
[   14.811823] sdhci_msm 8804000.sdhci: Linked as a consumer to regulator.45
[   14.824585] sdhci_msm 8804000.sdhci: Linked as a consumer to regulator.42
[   14.837159] hid-generic 0003:046D:C52B.0001: input: USB HID v1.11 Keyboard [Logitech USB Receiver] on usb-xhci-hcd.0.auto-1/input0
[   14.851777] mmc0: SDHCI controller on 8804000.sdhci [8804000.sdhci] using 64-bit ADMA in legacy mode
[   14.852607] input: Logitech USB Receiver Mouse as /devices/platform/soc/a800000.ssusb/a800000.dwc3/xhci-hcd.0.auto/usb1/1-1/1-1:1.1/0003:046D:C52B.0002/input/input3
[   14.876739] input: Logitech USB Receiver Consumer Control as /devices/platform/soc/a800000.ssusb/a800000.dwc3/xhci-hcd.0.auto/usb1/1-1/1-1:1.1/0003:046D:C52B.0002/input/input4
[   14.893194] input: Logitech USB Receiver System Control as /devices/platform/soc/a800000.ssusb/a800000.dwc3/xhci-hcd.0.auto/usb1/1-1/1-1:1.1/0003:046D:C52B.0002/input/input5
[   14.909516] hid-generic 0003:046D:C52B.0002: input,hiddev96: USB HID v1.11 Mouse [Logitech USB Receiver] on usb-xhci-hcd.0.auto-1/input1
[   14.924607] hid-generic 0003:046D:C52B.0003: hiddev97: USB HID v1.11 Device [Logitech USB Receiver] on usb-xhci-hcd.0.auto-1/input2
[   14.936969] usbcore: registered new interface driver usbhid
[   14.942737] usbhid: USB HID core driver
[   14.947589] ashmem: initialized
[   14.950919] ipa_ut ipa_ut_module_init:1034 Loading IPA test module...
[   14.958769] bimc-bwmon 90b6400.qcom,cpu-cpu-llcc-bwmon: BW HWmon governor registered.
[   14.967015] bimc-bwmon 9091000.qcom,cpu-llcc-ddr-bwmon: BW HWmon governor registered.
[   14.975656] bimc-bwmon 60400.qcom,npu-npu-llcc-bwmon: BW HWmon governor registered.
[   14.983686] bimc-bwmon 9093000.qcom,npu-llcc-ddr-bwmon: BW HWmon governor registered.
[   14.992282] bimc-bwmon 70300.qcom,npudsp-npu-ddr-bwmon: BW HWmon governor registered.
[   14.993447] mmc0: new ultra high speed SDR104 SDXC card at address 59b4
[   15.002749] arm-memlat-mon soc:qcom,cpu0-cpugrp:qcom,cpu0-cpu-l3-latmon: Memory Latency governor registered.
[   15.011363] sdhci_msm_pm_qos_cpu_init (): voted for group #0 (mask=0x3f) latency=-1
[   15.018369] arm-memlat-mon soc:qcom,cpu0-cpugrp:qcom,cpu0-cpu-llcc-latmon: Memory Latency governor registered.
[   15.025291] sdhci_msm_pm_qos_cpu_init (): voted for group #1 (mask=0xc0) latency=-1
[   15.025312] mmcblk0: mmc0:59b4 SD64G 59.4 GiB 
[   15.035235] lt9611_irq_thread_handler: irq_thread_handler
[   15.036181] arm-memlat-mon soc:qcom,cpu0-cpugrp:qcom,cpu0-llcc-ddr-latmon: Memory Latency governor registered.
[   15.038501] lt9611_irq_thread_handler: irq status 0x3
[   15.039207] lt9611_irq_thread_handler: irq hpd status 0x3
[   15.058500] mmcblk0: p1 p2
[   15.059030] arm-memlat-mon soc:qcom,cpu4-cpugrp:qcom,cpu4-cpu-l3-latmon: Memory Latency governor registered.
[   15.071978] arm-memlat-mon soc:qcom,cpu4-cpugrp:qcom,cpu7-cpu-l3-latmon: Memory Latency governor registered.
[   15.082566] arm-memlat-mon soc:qcom,cpu4-cpugrp:qcom,cpu4-cpu-llcc-latmon: Memory Latency governor registered.
[   15.093326] arm-memlat-mon soc:qcom,cpu4-cpugrp:qcom,cpu4-llcc-ddr-latmon: Memory Latency governor registered.
[   15.104094] arm-memlat-mon soc:qcom,cpu4-cpugrp:qcom,cpu4-computemon: Compute governor registered.
[   15.113752] arm-memlat-mon soc:qcom,cpu4-cpugrp:qcom,cpu4-qoslatmon: Memory Latency governor registered.
[   15.125993] register_client_adhoc:find path.src 1 dest 627
[   15.127092] register_client_adhoc:Client handle 43 soc:qcom,snoc_cnoc_keepalive
[   15.134705] register_client_adhoc:find path.src 1 dest 770
[   15.142558] register_client_adhoc:Client handle 44 soc:qcom,cpu-cpu-llcc-bw
[   15.150734] register_client_adhoc:find path.src 129 dest 512
[   15.158277] register_client_adhoc:Client handle 45 soc:qcom,cpu-llcc-ddr-bw
[   15.166769] register_client_adhoc:find path.src 154 dest 770
[   15.174518] register_client_adhoc:Client handle 46 soc:qcom,npu-npu-llcc-bw
[   15.183581] register_client_adhoc:find path.src 770 dest 512
[   15.191235] register_client_adhoc:Client handle 47 soc:qcom,npu-llcc-ddr-bw
[   15.199470] register_client_adhoc:find path.src 154 dest 512
[   15.207553] register_client_adhoc:Client handle 48 soc:qcom,npudsp-npu-ddr-bw
[   15.215783] register_client_adhoc:find path.src 154 dest 512
[   15.224043] register_client_adhoc:Client handle 49 soc:qcom,npu-npu-ddr-latfloor
[   15.231399] register_client_adhoc:find path.src 1 dest 770
[   15.239321] register_client_adhoc:Client handle 51 soc:qcom,cpu0-cpu-llcc-lat
[   15.246566] register_client_adhoc:find path.src 1 dest 770
[   15.254228] register_client_adhoc:Client handle 50 soc:qcom,cpu4-cpu-llcc-lat
[   15.262143] register_client_adhoc:find path.src 129 dest 512
[   15.269799] register_client_adhoc:Client handle 52 soc:qcom,cpu0-llcc-ddr-lat
[   15.277910] register_client_adhoc:find path.src 129 dest 512
[   15.285564] register_client_adhoc:Client handle 53 soc:qcom,cpu4-llcc-ddr-lat
[   15.294743] register_client_adhoc:find path.src 129 dest 512
[   15.302426] register_client_adhoc:Client handle 54 soc:qcom,cpu4-cpu-ddr-latfloor
[   15.311369] register_client_adhoc:find path.src 26 dest 512
[   15.319729] register_client_adhoc:Client handle 55 soc:qcom,gpubw
[   15.334931] qcom-llcc-pmu 9095000.llcc-pmu: Registered llcc_pmu, type: 10
[   15.349794] coresight-tmc 6048000.tmc: Linked as a consumer to 15000000.apps-smmu
[   15.358408] iommu: Adding device 6048000.tmc to group 26
[   15.367971] coresight-funnel 6902000.funnel: Linked as a consumer to regulator.69
[   15.375858] coresight-funnel 6902000.funnel: Linked as a consumer to regulator.70
[   15.393988] coresight-funnel 6c44000.funnel: Linked as a consumer to regulator.93
[   15.401856] coresight-funnel 6c44000.funnel: Linked as a consumer to regulator.4
[   15.416661] coresight-etm4x 7040000.etm: CPU0: ETM v0.4 initialized
[   15.423133] coresight-etm4x 7040000.etm: CPU0: (null) initialized
[   15.430594] coresight-etm4x 7140000.etm: CPU1: ETM v0.4 initialized
[   15.437066] coresight-etm4x 7140000.etm: CPU1: (null) initialized
[   15.444501] coresight-etm4x 7240000.etm: CPU2: ETM v0.4 initialized
[   15.450986] coresight-etm4x 7240000.etm: CPU2: (null) initialized
[   15.458425] coresight-etm4x 7340000.etm: CPU3: ETM v0.4 initialized
[   15.464897] coresight-etm4x 7340000.etm: CPU3: (null) initialized
[   15.472366] coresight-etm4x 7440000.etm: CPU4: ETM v0.4 initialized
[   15.478835] coresight-etm4x 7440000.etm: CPU4: (null) initialized
[   15.486251] coresight-etm4x 7540000.etm: CPU5: ETM v0.4 initialized
[   15.492740] coresight-etm4x 7540000.etm: CPU5: (null) initialized
[   15.500176] coresight-etm4x 7640000.etm: CPU6: ETM v0.4 initialized
[   15.506647] coresight-etm4x 7640000.etm: CPU6: (null) initialized
[   15.514055] coresight-etm4x 7740000.etm: CPU7: ETM v0.4 initialized
[   15.520524] coresight-etm4x 7740000.etm: CPU7: (null) initialized
[   15.529056] coresight-stm 6002000.stm: stm_register_device failed, probing deffered
[   15.537227] OF: graph: no port node found in /soc/cti@78e0000
[   15.543525] OF: graph: no port node found in /soc/cti@78f0000
[   15.549847] OF: graph: no port node found in /soc/cti@7900000
[   15.556142] OF: graph: no port node found in /soc/cti@6e01000
[   15.562465] OF: graph: no port node found in /soc/cti@6e02000
[   15.568757] OF: graph: no port node found in /soc/cti@6e03000
[   15.575036] OF: graph: no port node found in /soc/cti@6e0c000
[   15.581313] OF: graph: no port node found in /soc/cti@6e0d000
[   15.587628] OF: graph: no port node found in /soc/cti@6e0e000
[   15.593929] OF: graph: no port node found in /soc/cti@6e11000
[   15.600217] OF: graph: no port node found in /soc/cti@6e21000
[   15.606515] OF: graph: no port node found in /soc/cti@6c09000
[   15.612796] OF: graph: no port node found in /soc/cti@6c0a000
[   15.619098] OF: graph: no port node found in /soc/cti@6c2a000
[   15.625387] OF: graph: no port node found in /soc/cti@6c2b000
[   15.631701] OF: graph: no port node found in /soc/cti@6c2c000
[   15.637998] OF: graph: no port node found in /soc/cti@6010000
[   15.644279] OF: graph: no port node found in /soc/cti@6011000
[   15.650707] OF: graph: no port node found in /soc/cti@6012000
[   15.657031] OF: graph: no port node found in /soc/cti@6013000
[   15.663347] OF: graph: no port node found in /soc/cti@6014000
[   15.669669] OF: graph: no port node found in /soc/cti@6015000
[   15.675972] OF: graph: no port node found in /soc/cti@6016000
[   15.682244] OF: graph: no port node found in /soc/cti@6017000
[   15.688601] OF: graph: no port node found in /soc/cti@6018000
[   15.694896] OF: graph: no port node found in /soc/cti@6019000
[   15.701154] OF: graph: no port node found in /soc/cti@601a000
[   15.707485] OF: graph: no port node found in /soc/cti@601b000
[   15.713784] OF: graph: no port node found in /soc/cti@601c000
[   15.720096] OF: graph: no port node found in /soc/cti@601d000
[   15.726410] OF: graph: no port node found in /soc/cti@601e000
[   15.732707] OF: graph: no port node found in /soc/cti@601f000
[   15.739027] OF: graph: no port node found in /soc/cti@7020000
[   15.745336] OF: graph: no port node found in /soc/cti@7120000
[   15.751640] OF: graph: no port node found in /soc/cti@7220000
[   15.757998] OF: graph: no port node found in /soc/cti@7320000
[   15.764340] OF: graph: no port node found in /soc/cti@7420000
[   15.770647] OF: graph: no port node found in /soc/cti@7520000
[   15.776959] OF: graph: no port node found in /soc/cti@7620000
[   15.783270] OF: graph: no port node found in /soc/cti@7720000
[   15.789635] OF: graph: no port node found in /soc/cti@6831000
[   15.795954] OF: graph: no port node found in /soc/cti@6845000
[   15.802254] OF: graph: no port node found in /soc/cti@6c61000
[   15.808604] OF: graph: no port node found in /soc/cti@6c42000
[   15.814909] OF: graph: no port node found in /soc/cti@6c43000
[   15.821268] OF: graph: no port node found in /soc/cti@6c4b000
[   15.827587] OF: graph: no port node found in /soc/cti@6b00000
[   15.833915] OF: graph: no port node found in /soc/cti@6b01000
[   15.840218] OF: graph: no port node found in /soc/cti@6b02000
[   15.846532] OF: graph: no port node found in /soc/cti@6b03000
[   15.852881] OF: graph: no port node found in /soc/cti@6982000
[   15.859194] OF: graph: no port node found in /soc/cti@698b000
[   15.865553] OF: graph: no port node found in /soc/cti@6c38000
[   15.878747] coresight-tpdm 6900000.tpdm: Linked as a consumer to regulator.69
[   15.886277] coresight-tpdm 6900000.tpdm: Linked as a consumer to regulator.70
[   15.895016] qcom_rpmh DRV:apps_rsc TCS Busy, retrying RPMH message send: addr=0x30050
[   15.903408] qcom_rpmh DRV:apps_rsc TCS Busy, retrying RPMH message send: addr=0x30050
[   15.919243] coresight-tpdm 6c47000.tpdm: Linked as a consumer to regulator.93
[   15.926746] coresight-tpdm 6c47000.tpdm: Linked as a consumer to regulator.4
[   15.935637] coresight-tpdm 6c40000.tpdm: Linked as a consumer to regulator.93
[   15.943144] coresight-tpdm 6c40000.tpdm: Linked as a consumer to regulator.4
[   15.952182] coresight-tpdm 6c41000.tpdm: Linked as a consumer to regulator.93
[   15.959672] coresight-tpdm 6c41000.tpdm: Linked as a consumer to regulator.4
[   15.983217] OF: graph: no port node found in /soc/csr@6001000
[   15.989382] coresight-csr 6001000.csr: CSR initialized: coresight-csr
[   15.996116] OF: graph: no port node found in /soc/csr@6b0c000
[   16.002271] coresight-csr 6b0c000.csr: CSR initialized: coresight-swao-csr
[   16.010267] OF: graph: no port node found in /soc/hwevent
[   16.016065] coresight-hwevent soc:hwevent: Hardware Event driver initialized
[   16.024360] coresight-dummy soc:dummy_sink: Dummy device initialized
[   16.031522] coresight-dummy soc:tpdm@6b26000: Dummy device initialized
[   16.039746] coresight-remote-etm soc:turing_etm0: Remote ETM initialized
[   16.047388] coresight-remote-etm soc:audio_etm0: Remote ETM initialized
[   16.054944] coresight-remote-etm soc:ssc_etm0: Remote ETM initialized
[   16.062326] coresight-remote-etm soc:npu_etm0: Remote ETM initialized
[   16.069499] OF: graph: no port node found in /soc/tgu@6b0b000
[   16.076962] BUG: key fffffff59f3af540 not in .data!
[   16.082053] BUG: key fffffff59f3aedc0 not in .data!
[   16.089681] usbcore: registered new interface driver snd-usb-audio
[   16.096654] uaudio-qmi soc:usb_audio_qmi_dev: Linked as a consumer to 15000000.apps-smmu
[   16.105129] iommu: Adding device soc:usb_audio_qmi_dev to group 27
[   16.117618] msm_vidc:   err : ffffffff: .....: no device Registered
[   16.128101] msm_vidc_v4l2 aa00000.qcom,vidc:non_secure_cb: Linked as a consumer to 15000000.apps-smmu
[   16.138372] iommu: Adding device aa00000.qcom,vidc:non_secure_cb to group 28
[   16.146750] msm_vidc_v4l2 aa00000.qcom,vidc:secure_non_pixel_cb: Linked as a consumer to 15000000.apps-smmu
[   16.157839] iommu: Adding device aa00000.qcom,vidc:secure_non_pixel_cb to group 29
[   16.166748] msm_vidc_v4l2 aa00000.qcom,vidc:secure_bitstream_cb: Linked as a consumer to 15000000.apps-smmu
[   16.177813] iommu: Adding device aa00000.qcom,vidc:secure_bitstream_cb to group 30
[   16.186697] msm_vidc_v4l2 aa00000.qcom,vidc:secure_pixel_cb: Linked as a consumer to 15000000.apps-smmu
[   16.197403] iommu: Adding device aa00000.qcom,vidc:secure_pixel_cb to group 31
[   16.207174] register_client_adhoc:find path.src 1 dest 590
[   16.208220] register_client_adhoc:Client handle 56 disp_rsc_reg
[   16.214019] register_client_adhoc:find path.src 20003 dest 20513
[   16.221007] register_client_adhoc:find path.src 20004 dest 20513
[   16.227956] register_client_adhoc:Client handle 57 disp_rsc_mnoc_llcc
[   16.234257] register_client_adhoc:find path.src 20000 dest 20512
[   16.241258] register_client_adhoc:Client handle 58 disp_rsc_ebi
[   16.247715] sde_rsc af20000.qcom,sde_rscc: Linked as a consumer to regulator.92
[   16.261621] [sde_rsc_hw:rsc_hw_init_v3:537]: sde rsc init successfully done
[   16.268959] [sde_rsc:sde_rsc_probe:1590]: sde rsc index:0 probed successfully
[   16.277479] dsi_phy ae94400.qcom,mdss_dsi_phy0: ae94400.qcom,mdss_dsi_phy0 supply gdsc not found, using dummy regulator
[   16.288705] dsi_phy ae94400.qcom,mdss_dsi_phy0: Linked as a consumer to regulator.0
[   16.296758] dsi_phy ae94400.qcom,mdss_dsi_phy0: Linked as a consumer to regulator.13
[   16.304764] [drm:dsi_phy_driver_probe] [msm-dsi-info]: DSI_0: Probe successful
[   16.312432] dsi_phy ae96400.qcom,mdss_dsi_phy1: ae96400.qcom,mdss_dsi_phy1 supply gdsc not found, using dummy regulator
[   16.323673] dsi_phy ae96400.qcom,mdss_dsi_phy1: Linked as a consumer to regulator.0
[   16.331716] dsi_phy ae96400.qcom,mdss_dsi_phy1: Linked as a consumer to regulator.13
[   16.339709] [drm:dsi_phy_driver_probe] [msm-dsi-info]: DSI_1: Probe successful
[   16.348400] drm_dsi_ctrl ae94000.qcom,mdss_dsi_ctrl0: Linked as a consumer to regulator.58
[   16.357062] drm_dsi_ctrl ae94000.qcom,mdss_dsi_ctrl0: Linked as a consumer to regulator.18
[   16.365575] AXI: get_pdata(): Error: Client name not found
[   16.371252] AXI: msm_bus_cl_get_pdata(): client has to provide missing entry for successful registration
[   16.381080] [drm:dsi_ctrl_dev_probe] [msm-dsi-info]: dsi-ctrl-0: Probe successful
[   16.389220] drm_dsi_ctrl ae96000.qcom,mdss_dsi_ctrl1: Linked as a consumer to regulator.58
[   16.397871] drm_dsi_ctrl ae96000.qcom,mdss_dsi_ctrl1: Linked as a consumer to regulator.18
[   16.406384] AXI: get_pdata(): Error: Client name not found
[   16.412060] AXI: msm_bus_cl_get_pdata(): client has to provide missing entry for successful registration
[   16.421815] [drm:dsi_ctrl_dev_probe] [msm-dsi-info]: dsi-ctrl-1: Probe successful
[   16.431791] [drm] [msm-dsi-warn]: [ext video mode dsi bridge] fallback to default te-pin-select
[   16.442150] [drm] [msm-dsi-warn]: panel_node  not found
[   16.452675] synx: registered bind ops for cam_sync
[   16.458851] msm_cam_smmu soc:qcom,cam_smmu:msm_cam_smmu_ife: Linked as a consumer to 15000000.apps-smmu
[   16.469319] iommu: Adding device soc:qcom,cam_smmu:msm_cam_smmu_ife to group 32
[   16.477987] msm_cam_smmu soc:qcom,cam_smmu:msm_cam_smmu_jpeg: Linked as a consumer to 15000000.apps-smmu
[   16.488772] iommu: Adding device soc:qcom,cam_smmu:msm_cam_smmu_jpeg to group 33
[   16.497006] platform soc:qcom,cam_smmu:msm_cam_icp_fw: assigned reserved memory node pil_camera_region@86200000
[   16.508628] msm_cam_smmu soc:qcom,cam_smmu:msm_cam_smmu_icp: Linked as a consumer to 15000000.apps-smmu
[   16.519087] iommu: Adding device soc:qcom,cam_smmu:msm_cam_smmu_icp to group 34
[   16.527132] CAM_INFO: CAM-SMMU: cam_smmu_get_memory_regions_info: 3730 [icp] : Discard region specified [0xdff00000 0xe0200000] in [0x10c00000 0xfef00000]
[   16.541980] msm_cam_smmu soc:qcom,cam_smmu:msm_cam_smmu_cpas_cdm: Linked as a consumer to 15000000.apps-smmu
[   16.552889] iommu: Adding device soc:qcom,cam_smmu:msm_cam_smmu_cpas_cdm to group 35
[   16.562379] msm_cam_smmu soc:qcom,cam_smmu:msm_cam_smmu_fd: Linked as a consumer to 15000000.apps-smmu
[   16.572869] iommu: Adding device soc:qcom,cam_smmu:msm_cam_smmu_fd to group 36
[   16.582703] cam-cpas ac40000.qcom,cam-cpas: Linked as a consumer to regulator.91
[   16.591850] register_client_adhoc:find path.src 1 dest 589
[   16.592908] register_client_adhoc:Client handle 59 cam_ahb
[   16.598813] register_client_adhoc:find path.src 170 dest 512
[   16.605467] register_client_adhoc:Client handle 60 cam_hf_0_mnoc
[   16.611540] register_client_adhoc:find path.src 137 dest 512
[   16.618758] register_client_adhoc:Client handle 61 cam_sf_0_mnoc
[   16.624823] register_client_adhoc:find path.src 171 dest 512
[   16.632027] register_client_adhoc:Client handle 62 cam_sf_icp_mnoc
[   16.644406] msm_cam_cdm ac4d000.qcom,cpas-cdm0: Linked as a consumer to regulator.91
[   16.663293] csid_17x acb5200.qcom,csid0: Linked as a consumer to regulator.91
[   16.670852] csid_17x acb5200.qcom,csid0: Linked as a consumer to regulator.87
[   16.678906] csid_17x acc4200.qcom,csid1: Linked as a consumer to regulator.91
[   16.686456] csid_17x acc4200.qcom,csid1: Linked as a consumer to regulator.88
[   16.695346] csid_lite acd9200.qcom,csid-lite0: Linked as a consumer to regulator.91
[   16.703890] csid_lite acdb400.qcom,csid-lite1: Linked as a consumer to regulator.91
[   16.713210] cam_vfe acb4000.qcom,ife0: Linked as a consumer to regulator.91
